03-27 14:44:52.626 D/HTC_RIL (  129): (t=1395927892)%% +HTCUCSQ: 11\r\n
03-27 14:44:52.626 D/HTC_RIL (  129): at_read_thread():Ready to enter at_channel_read
03-27 14:44:55.819 D/HTC_RIL (  129): RX::> +HTCUCSQ: 10\r\n
03-27 14:44:55.819 D/HTC_RIL (  129): (t=1395927895)%% +HTCUCSQ: 10\r\n
03-27 14:44:55.819 D/HTC_RIL (  129): at_read_thread():Ready to enter at_channel_read
03-27 14:44:59.032 D/HTC_RIL (  129): RX::> +HTCUCSQ: 9\r\n
03-27 14:44:59.032 D/HTC_RIL (  129): (t=1395927899)%% +HTCUCSQ: 9\r\n
03-27 14:44:59.032 D/HTC_RIL (  129): at_read_thread():Ready to enter at_channel_read
03-27 14:45:02.235 D/HTC_RIL (  129): RX::> +HTCUCSQ: 10\r\n
03-27 14:45:02.235 D/HTC_RIL (  129): (t=1395927902)%% +HTCUCSQ: 10\r\n
03-27 14:45:02.235 D/HTC_RIL (  129): at_read_thread():Ready to enter at_channel_read
03-27 14:45:15.038 D/HTC_RIL (  129): RX::> +HTCUCSQ: 11\r\n
03-27 14:45:15.038 D/HTC_RIL (  129): (t=1395927915)%% +HTCUCSQ: 11\r\n
03-27 14:45:15.038 D/HTC_RIL (  129): at_read_thread():Ready to enter at_channel_read
03-27 14:45:18.221 D/HTC_RIL (  129): RX::> +HTCUCSQ: 10\r\n
03-27 14:45:18.221 D/HTC_RIL (  129): (t=1395927918)%% +HTCUCSQ: 10\r\n
03-27 14:45:18.221 D/HTC_RIL (  129): at_read_thread():Ready to enter at_channel_read
03-27 14:45:24.627 D/HTC_RIL (  129): RX::> +HTCUCSQ: 11\r\n
03-27 14:45:24.627 D/HTC_RIL (  129): (t=1395927924)%% +HTCUCSQ: 11\r\n
03-27 14:45:24.627 D/HTC_RIL (  129): at_read_thread():Ready to enter at_channel_read
03-27 14:45:27.420 D/RILJ    (  560): [0081]> SCREEN_STATE: false
03-27 14:45:27.420 D/HTC_RIL (  129): ril_func_screen_state_notified():called
03-27 14:45:27.420 I/HTC_RIL (  129): qcril_data_toggle_dormancy_indications():>>>>>> LOCK QCRIL_DATA MUTEX 4026081c
03-27 14:45:27.420 I/HTC_RIL (  129): qcril_data_toggle_dormancy_indications():LOCK QCRIL_DATA MUTEX 4026081c result=0
03-27 14:45:27.420 D/HTC_RIL (  129): qcril_data_toggle_dormancy_indications():Switch ON/OFF dormancy indications on all active interfaces
03-27 14:45:27.420 I/HTC_RIL (  129): qcril_data_toggle_dormancy_indications():<<<<<< UNLOCK QCRIL_DATA MUTEX 4026081c
03-27 14:45:27.420 I/HTC_RIL (  129): qcril_data_toggle_dormancy_indications():UNLOCK QCRIL_DATA MUTEX 4026081c result=0
03-27 14:45:27.420 I/HTC_RIL (  129): qcril_data_toggle_dormancy_indications():qcril_data_toggle_dormancy_indications: EXIT with SUCCESS
03-27 14:45:27.420 D/HTC_RIL (  129): ril_func_screen_state_notified():Not found 'ether:' in USB_STATE_PATH
03-27 14:45:27.420 D/HTC_RIL (  129): ril_func_screen_state_notified():Not found 'ether:' in USB_STATE_PATH.
03-27 14:45:27.420 D/HTC_RIL (  129): fd_ballots():AP 0 votes to enable fast dormancy!
03-27 14:45:27.420 D/HTC_RIL (  129): (t=1395927927)>> AT+ENCSQ=0\r
03-27 14:45:27.420 D/HTC_RIL (  129): RX::> 0\r
03-27 14:45:27.420 D/HTC_RIL (  129): at_read_thread():Ready to enter at_channel_read
03-27 14:45:27.420 D/HTC_RIL (  129): (t=1395927927)<< 0\r
03-27 14:45:27.420 D/HTC_RIL (  129): (t=1395927927)>> AT+CREG=1\r
03-27 14:45:27.420 D/HTC_RIL (  129): RX::> 0\r
03-27 14:45:27.420 D/HTC_RIL (  129): at_read_thread():Ready to enter at_channel_read
03-27 14:45:27.420 D/HTC_RIL (  129): (t=1395927927)<< 0\r
03-27 14:45:27.420 D/HTC_RIL (  129): (t=1395927927)>> AT+CSQ\r
03-27 14:45:27.420 D/HTC_RIL (  129): RX::> +CSQ: 11,99\r\n0\r
03-27 14:45:27.420 D/HTC_RIL (  129): at_read_thread():Ready to enter at_channel_read
03-27 14:45:27.420 D/HTC_RIL (  129): (t=1395927927)<< +CSQ: 11,99\r\n0\r
03-27 14:45:27.420 D/HTC_RIL (  129): (t=1395927927)>> AT@DISPLAYSTATE=0\r
03-27 14:45:27.420 D/HTC_RIL (  129): RX::> 0\r
03-27 14:45:27.420 D/HTC_RIL (  129): at_read_thread():Ready to enter at_channel_read
03-27 14:45:27.420 D/HTC_RIL (  129): (t=1395927927)<< 0\r
03-27 14:45:27.420 D/HTC_RIL (  129): (t=1395927927)>> AT@HTCGFSET=2\r
03-27 14:45:27.420 D/GSM     (  560): [GsmDCT] onReceive: action=android.intent.action.SCREEN_OFF
03-27 14:45:27.420 D/HTC_RIL (  129): RX::> 0\r
03-27 14:45:27.420 D/HTC_RIL (  129): at_read_thread():Ready to enter at_channel_read
03-27 14:45:27.420 D/HTC_RIL (  129): (t=1395927927)<< 0\r
03-27 14:45:27.420 D/HTC_RIL (  129): (t=1395927927)>> AT@HTCPDPFD=1\r
03-27 14:45:27.420 D/GSM     (  560): [GsmDCT] stopNetStatPoll
03-27 14:45:27.420 D/GSM     (  560): [GsmDCT] overall state is IDLE
03-27 14:45:27.420 D/HTC_RIL (  129): RX::> @PDPFD: garbage_count=0\r\n0\r
03-27 14:45:27.420 D/HTC_RIL (  129): (t=1395927927)XX @PDPFD: garbage_count=0\r\n
03-27 14:45:27.420 D/HTC_RIL (  129): at_read_thread():Ready to enter at_channel_read
03-27 14:45:27.420 D/HTC_RIL (  129): (t=1395927927)<< 0\r
03-27 14:45:27.420 D/HTC_RIL (  129): (t=1395927927)>> AT+HTCPDPFD=1\r
03-27 14:45:27.430 D/HTC_RIL (  129): RX::> 4\r
03-27 14:45:27.430 D/HTC_RIL (  129): at_read_thread():Ready to enter at_channel_read
03-27 14:45:27.430 D/HTC_RIL (  129): (t=1395927927)<< 4\r
03-27 14:45:27.430 D/RILJ    (  560): [0081]< SCREEN_STATE error: com.android.internal.telephony.CommandException: GENERIC_FAILURE
03-27 14:45:32.194 D/PhoneStatusBar(  441): disable: < expand icons alerts ticker system_info back home RECENT* clock >
03-27 14:45:32.274 D/PhoneStatusBar(  441): disable: < expand icons alerts ticker system_info BACK* HOME* RECENT CLOCK* >
03-27 14:46:05.937 I/WindowManager(  341): Lock screen displayed!
03-27 14:46:06.007 D/RILJ    (  560): [0082]> SCREEN_STATE: true
03-27 14:46:06.007 D/HTC_RIL (  129): ril_func_screen_state_notified():called
03-27 14:46:06.007 I/HTC_RIL (  129): qcril_data_toggle_dormancy_indications():>>>>>> LOCK QCRIL_DATA MUTEX 4026081c
03-27 14:46:06.007 I/HTC_RIL (  129): qcril_data_toggle_dormancy_indications():LOCK QCRIL_DATA MUTEX 4026081c result=0
03-27 14:46:06.007 D/HTC_RIL (  129): qcril_data_toggle_dormancy_indications():Switch ON/OFF dormancy indications on all active interfaces
03-27 14:46:06.007 I/HTC_RIL (  129): qcril_data_toggle_dormancy_indications():<<<<<< UNLOCK QCRIL_DATA MUTEX 4026081c
03-27 14:46:06.007 I/HTC_RIL (  129): qcril_data_toggle_dormancy_indications():UNLOCK QCRIL_DATA MUTEX 4026081c result=0
03-27 14:46:06.007 I/HTC_RIL (  129): qcril_data_toggle_dormancy_indications():qcril_data_toggle_dormancy_indications: EXIT with SUCCESS
03-27 14:46:06.007 D/HTC_RIL (  129): ril_func_screen_state_notified():Not found 'ether:' in USB_STATE_PATH
03-27 14:46:06.007 D/HTC_RIL (  129): fd_ballots():AP 0 votes to disable fast dormancy!
03-27 14:46:06.007 D/HTC_RIL (  129): (t=1395927966)>> AT+ENCSQ=1\r
03-27 14:46:06.007 D/HTC_RIL (  129): RX::> 0\r
03-27 14:46:06.007 D/HTC_RIL (  129): at_read_thread():Ready to enter at_channel_read
03-27 14:46:06.007 D/HTC_RIL (  129): (t=1395927966)<< 0\r
03-27 14:46:06.007 D/HTC_RIL (  129): (t=1395927966)>> AT+CREG=2\r
03-27 14:46:06.017 D/HTC_RIL (  129): RX::> 0\r
03-27 14:46:06.017 D/HTC_RIL (  129): at_read_thread():Ready to enter at_channel_read
03-27 14:46:06.017 D/HTC_RIL (  129): (t=1395927966)<< 0\r
03-27 14:46:06.017 D/HTC_RIL (  129): (t=1395927966)>> AT+CSQ\r
03-27 14:46:06.017 D/HTC_RIL (  129): RX::> +CSQ: 10,99\r\n0\r
03-27 14:46:06.017 D/HTC_RIL (  129): at_read_thread():Ready to enter at_channel_read
03-27 14:46:06.017 D/HTC_RIL (  129): (t=1395927966)<< +CSQ: 10,99\r\n0\r
03-27 14:46:06.017 D/HTC_RIL (  129): (t=1395927966)>> AT+CREG?\r
03-27 14:46:06.017 D/GSM     (  560): [GsmDCT] onReceive: action=android.intent.action.SCREEN_ON
03-27 14:46:06.017 D/GSM     (  560): [GsmDCT] stopNetStatPoll
03-27 14:46:06.017 D/GSM     (  560): [GsmDCT] overall state is IDLE
03-27 14:46:06.017 D/HTC_RIL (  129): RX::> +CREG: 2,1,"CEA5","0387EBAE"\r\n0\r
03-27 14:46:06.017 D/HTC_RIL (  129): at_read_thread():Ready to enter at_channel_read
03-27 14:46:06.017 D/HTC_RIL (  129): (t=1395927966)<< +CREG: 2,1,"CEA5","0387EBAE"\r\n0\r
03-27 14:46:06.017 D/HTC_RIL (  129): (t=1395927966)>> AT+CGREG?\r
03-27 14:46:06.017 D/HTC_RIL (  129): RX::> +CGREG: 1,1\r\n0\r
03-27 14:46:06.017 D/HTC_RIL (  129): at_read_thread():Ready to enter at_channel_read
03-27 14:46:06.017 D/HTC_RIL (  129): (t=1395927966)<< +CGREG: 1,1\r\n0\r
03-27 14:46:06.017 D/HTC_RIL (  129): (t=1395927966)>> AT+COPS=3,2;+COPS?\r
03-27 14:46:06.017 D/HTC_RIL (  129): RX::> +COPS: 0,2,"26002",4\r\n0\r
03-27 14:46:06.017 D/HTC_RIL (  129): at_read_thread():Ready to enter at_channel_read
03-27 14:46:06.017 D/HTC_RIL (  129): (t=1395927966)<< +COPS: 0,2,"26002",4\r\n0\r
03-27 14:46:06.017 D/HTC_RIL (  129): (t=1395927966)>> AT@DISPLAYSTATE=1\r
03-27 14:46:06.017 D/HTC_RIL (  129): RX::> 0\r
03-27 14:46:06.017 D/HTC_RIL (  129): at_read_thread():Ready to enter at_channel_read
03-27 14:46:06.017 D/HTC_RIL (  129): (t=1395927966)<< 0\r
03-27 14:46:06.017 D/HTC_RIL (  129): (t=1395927966)>> AT@HTCGFSET=2\r
03-27 14:46:06.017 D/HTC_RIL (  129): RX::> +HTCUCSQ: 10\r\n
03-27 14:46:06.017 D/HTC_RIL (  129): (t=1395927966)%% +HTCUCSQ: 10\r\n
03-27 14:46:06.017 D/HTC_RIL (  129): at_read_thread():Ready to enter at_channel_read
03-27 14:46:06.017 D/HTC_RIL (  129): RX::> 0\r
03-27 14:46:06.017 D/HTC_RIL (  129): at_read_thread():Ready to enter at_channel_read
03-27 14:46:06.017 D/HTC_RIL (  129): (t=1395927966)<< 0\r
03-27 14:46:06.017 D/HTC_RIL (  129): (t=1395927966)>> AT@HTCPDPFD=0\r
03-27 14:46:06.017 D/HTC_RIL (  129): RX::> @PDPFD: garbage_count=0\r\n0\r
03-27 14:46:06.017 D/HTC_RIL (  129): (t=1395927966)XX @PDPFD: garbage_count=0\r\n
03-27 14:46:06.017 D/HTC_RIL (  129): at_read_thread():Ready to enter at_channel_read
03-27 14:46:06.017 D/HTC_RIL (  129): (t=1395927966)<< 0\r
03-27 14:46:06.017 D/HTC_RIL (  129): (t=1395927966)>> AT+HTCPDPFD=0\r
03-27 14:46:06.027 D/HTC_RIL (  129): RX::> 4\r
03-27 14:46:06.027 D/HTC_RIL (  129): at_read_thread():Ready to enter at_channel_read
03-27 14:46:06.027 D/HTC_RIL (  129): (t=1395927966)<< 4\r
03-27 14:46:06.027 D/RILJ    (  560): [0082]< SCREEN_STATE error: com.android.internal.telephony.CommandException: GENERIC_FAILURE
03-27 14:46:06.698 D/PhoneStatusBar(  441): disable: < expand icons alerts ticker system_info BACK HOME recent* CLOCK >
03-27 14:46:06.738 D/PhoneStatusBar(  441): disable: < expand icons alerts ticker system_info back* home* recent clock* >
03-27 14:46:06.738 W/InputMethodManagerService(  341): Window already focused, ignoring focus gain of: com.android.internal.view.IInputMethodClient$Stub$Proxy@40fec728 attribute=android.view.inputmethod.EditorInfo@41087888
03-27 14:46:07.599 I/ActivityManager(  341): START {act=android.intent.action.MAIN cat=[android.intent.category.LAUNCHER] flg=0x10200000 cmp=com.android.browser/.BrowserActivity bnds=[424,852][527,948] u=0} from pid 570
03-27 14:46:09.431 D/HTC_RIL (  129): RX::> +HTCUCSQ: 9\r\n
03-27 14:46:09.431 D/HTC_RIL (  129): (t=1395927969)%% +HTCUCSQ: 9\r\n
03-27 14:46:09.431 D/HTC_RIL (  129): at_read_thread():Ready to enter at_channel_read
03-27 14:46:15.827 D/HTC_RIL (  129): RX::> +HTCUCSQ: 8\r\n
03-27 14:46:15.827 D/HTC_RIL (  129): (t=1395927975)%% +HTCUCSQ: 8\r\n
03-27 14:46:15.827 D/HTC_RIL (  129): at_read_thread():Ready to enter at_channel_read
03-27 14:46:19.030 D/HTC_RIL (  129): RX::> +HTCUCSQ: 7\r\n
03-27 14:46:19.030 D/HTC_RIL (  129): (t=1395927979)%% +HTCUCSQ: 7\r\n
03-27 14:46:19.030 D/HTC_RIL (  129): at_read_thread():Ready to enter at_channel_read
03-27 14:46:22.223 D/HTC_RIL (  129): RX::> +HTCUCSQ: 8\r\n
03-27 14:46:22.223 D/HTC_RIL (  129): (t=1395927982)%% +HTCUCSQ: 8\r\n
03-27 14:46:22.223 D/HTC_RIL (  129): at_read_thread():Ready to enter at_channel_read
03-27 14:46:25.426 D/HTC_RIL (  129): RX::> +HTCUCSQ: 7\r\n
03-27 14:46:25.426 D/HTC_RIL (  129): (t=1395927985)%% +HTCUCSQ: 7\r\n
03-27 14:46:25.426 D/HTC_RIL (  129): at_read_thread():Ready to enter at_channel_read
03-27 14:46:28.629 D/HTC_RIL (  129): RX::> +HTCUCSQ: 6\r\n
03-27 14:46:28.629 D/HTC_RIL (  129): (t=1395927988)%% +HTCUCSQ: 6\r\n
03-27 14:46:28.629 D/HTC_RIL (  129): at_read_thread():Ready to enter at_channel_read
03-27 14:46:31.833 D/HTC_RIL (  129): RX::> +HTCUCSQ: 7\r\n
03-27 14:46:31.833 D/HTC_RIL (  129): (t=1395927991)%% +HTCUCSQ: 7\r\n
03-27 14:46:31.833 D/HTC_RIL (  129): at_read_thread():Ready to enter at_channel_read
03-27 14:46:38.229 D/HTC_RIL (  129): RX::> +HTCUCSQ: 5\r\n
03-27 14:46:38.229 D/HTC_RIL (  129): (t=1395927998)%% +HTCUCSQ: 5\r\n
03-27 14:46:38.229 D/HTC_RIL (  129): at_read_thread():Ready to enter at_channel_read
03-27 14:46:41.422 D/HTC_RIL (  129): RX::> +HTCUCSQ: 7\r\n
03-27 14:46:41.422 D/HTC_RIL (  129): (t=1395928001)%% +HTCUCSQ: 7\r\n
03-27 14:46:41.422 D/HTC_RIL (  129): at_read_thread():Ready to enter at_channel_read
03-27 14:46:46.377 I/ActivityManager(  341): START {act=android.intent.action.MAIN cat=[android.intent.category.HOME] flg=0x10200000 cmp=com.cyanogenmod.trebuchet/.Launcher u=0} from pid 341
03-27 14:46:51.041 D/HTC_RIL (  129): RX::> +HTCUCSQ: 11\r\n
03-27 14:46:51.041 D/HTC_RIL (  129): (t=1395928011)%% +HTCUCSQ: 11\r\n
03-27 14:46:51.041 D/HTC_RIL (  129): at_read_thread():Ready to enter at_channel_read
03-27 14:47:00.631 D/HTC_RIL (  129): RX::> +HTCUCSQ: 12\r\n
03-27 14:47:00.631 D/HTC_RIL (  129): (t=1395928020)%% +HTCUCSQ: 12\r\n
03-27 14:47:00.631 D/HTC_RIL (  129): at_read_thread():Ready to enter at_channel_read
03-27 14:47:07.017 D/HTC_RIL (  129): RX::> +HTCUCSQ: 11\r\n
03-27 14:47:07.017 D/HTC_RIL (  129): (t=1395928027)%% +HTCUCSQ: 11\r\n
03-27 14:47:07.017 D/HTC_RIL (  129): at_read_thread():Ready to enter at_channel_read
03-27 14:47:10.230 D/HTC_RIL (  129): RX::> +HTCUCSQ: 12\r\n
03-27 14:47:10.230 D/HTC_RIL (  129): (t=1395928030)%% +HTCUCSQ: 12\r\n
03-27 14:47:10.230 D/HTC_RIL (  129): at_read_thread():Ready to enter at_channel_read
03-27 14:47:13.423 D/HTC_RIL (  129): RX::> +HTCUCSQ: 11\r\n
03-27 14:47:13.423 D/HTC_RIL (  129): (t=1395928033)%% +HTCUCSQ: 11\r\n
03-27 14:47:13.423 D/HTC_RIL (  129): at_read_thread():Ready to enter at_channel_read
03-27 14:47:19.839 D/HTC_RIL (  129): RX::> +HTCUCSQ: 10\r\n
03-27 14:47:19.839 D/HTC_RIL (  129): (t=1395928039)%% +HTCUCSQ: 10\r\n
03-27 14:47:19.839 D/HTC_RIL (  129): at_read_thread():Ready to enter at_channel_read
03-27 14:47:35.825 D/HTC_RIL (  129): RX::> +HTCUCSQ: 11\r\n
03-27 14:47:35.825 D/HTC_RIL (  129): (t=1395928055)%% +HTCUCSQ: 11\r\n
03-27 14:47:35.825 D/HTC_RIL (  129): at_read_thread():Ready to enter at_channel_read
03-27 14:47:39.028 D/HTC_RIL (  129): RX::> +HTCUCSQ: 10\r\n
03-27 14:47:39.028 D/HTC_RIL (  129): (t=1395928059)%% +HTCUCSQ: 10\r\n
03-27 14:47:39.028 D/HTC_RIL (  129): at_read_thread():Ready to enter at_channel_read
03-27 14:47:42.231 D/HTC_RIL (  129): RX::> +HTCUCSQ: 11\r\n
03-27 14:47:42.231 D/HTC_RIL (  129): (t=1395928062)%% +HTCUCSQ: 11\r\n
03-27 14:47:42.231 D/HTC_RIL (  129): at_read_thread():Ready to enter at_channel_read
03-27 14:47:47.036 D/RILJ    (  560): [0083]> SCREEN_STATE: false
03-27 14:47:47.046 D/HTC_RIL (  129): ril_func_screen_state_notified():called
03-27 14:47:47.046 I/HTC_RIL (  129): qcril_data_toggle_dormancy_indications():>>>>>> LOCK QCRIL_DATA MUTEX 4026081c
03-27 14:47:47.046 I/HTC_RIL (  129): qcril_data_toggle_dormancy_indications():LOCK QCRIL_DATA MUTEX 4026081c result=0
03-27 14:47:47.046 D/HTC_RIL (  129): qcril_data_toggle_dormancy_indications():Switch ON/OFF dormancy indications on all active interfaces
03-27 14:47:47.046 I/HTC_RIL (  129): qcril_data_toggle_dormancy_indications():<<<<<< UNLOCK QCRIL_DATA MUTEX 4026081c
03-27 14:47:47.046 I/HTC_RIL (  129): qcril_data_toggle_dormancy_indications():UNLOCK QCRIL_DATA MUTEX 4026081c result=0
03-27 14:47:47.046 I/HTC_RIL (  129): qcril_data_toggle_dormancy_indications():qcril_data_toggle_dormancy_indications: EXIT with SUCCESS
03-27 14:47:47.046 D/HTC_RIL (  129): ril_func_screen_state_notified():Not found 'ether:' in USB_STATE_PATH
03-27 14:47:47.046 D/HTC_RIL (  129): ril_func_screen_state_notified():Not found 'ether:' in USB_STATE_PATH.
03-27 14:47:47.046 D/HTC_RIL (  129): fd_ballots():AP 0 votes to enable fast dormancy!
03-27 14:47:47.046 D/HTC_RIL (  129): (t=1395928067)>> AT+ENCSQ=0\r
03-27 14:47:47.046 D/HTC_RIL (  129): RX::> 0\r
03-27 14:47:47.046 D/HTC_RIL (  129): at_read_thread():Ready to enter at_channel_read
03-27 14:47:47.046 D/HTC_RIL (  129): (t=1395928067)<< 0\r
03-27 14:47:47.046 D/HTC_RIL (  129): (t=1395928067)>> AT+CREG=1\r
03-27 14:47:47.046 D/HTC_RIL (  129): RX::> 0\r
03-27 14:47:47.046 D/HTC_RIL (  129): at_read_thread():Ready to enter at_channel_read
03-27 14:47:47.046 D/HTC_RIL (  129): (t=1395928067)<< 0\r
03-27 14:47:47.046 D/HTC_RIL (  129): (t=1395928067)>> AT+CSQ\r
03-27 14:47:47.046 D/HTC_RIL (  129): RX::> +CSQ: 11,99\r\n0\r
03-27 14:47:47.046 D/HTC_RIL (  129): at_read_thread():Ready to enter at_channel_read
03-27 14:47:47.046 D/HTC_RIL (  129): (t=1395928067)<< +CSQ: 11,99\r\n0\r
03-27 14:47:47.046 D/HTC_RIL (  129): (t=1395928067)>> AT@DISPLAYSTATE=0\r
03-27 14:47:47.046 D/GSM     (  560): [GsmDCT] onReceive: action=android.intent.action.SCREEN_OFF
03-27 14:47:47.046 D/GSM     (  560): [GsmDCT] stopNetStatPoll
03-27 14:47:47.046 D/GSM     (  560): [GsmDCT] overall state is IDLE
03-27 14:47:47.046 D/HTC_RIL (  129): RX::> 0\r
03-27 14:47:47.046 D/HTC_RIL (  129): at_read_thread():Ready to enter at_channel_read
03-27 14:47:47.046 D/HTC_RIL (  129): (t=1395928067)<< 0\r
03-27 14:47:47.046 D/HTC_RIL (  129): (t=1395928067)>> AT@HTCGFSET=2\r
03-27 14:47:47.046 D/HTC_RIL (  129): RX::> 0\r
03-27 14:47:47.046 D/HTC_RIL (  129): at_read_thread():Ready to enter at_channel_read
03-27 14:47:47.046 D/HTC_RIL (  129): (t=1395928067)<< 0\r
03-27 14:47:47.046 D/HTC_RIL (  129): (t=1395928067)>> AT@HTCPDPFD=1\r
03-27 14:47:47.046 D/HTC_RIL (  129): RX::> @PDPFD: garbage_count=0\r\n0\r
03-27 14:47:47.046 D/HTC_RIL (  129): (t=1395928067)XX @PDPFD: garbage_count=0\r\n
03-27 14:47:47.046 D/HTC_RIL (  129): at_read_thread():Ready to enter at_channel_read
03-27 14:47:47.046 D/HTC_RIL (  129): (t=1395928067)<< 0\r
03-27 14:47:47.046 D/HTC_RIL (  129): (t=1395928067)>> AT+HTCPDPFD=1\r
03-27 14:47:47.046 D/HTC_RIL (  129): RX::> 4\r
03-27 14:47:47.046 D/HTC_RIL (  129): at_read_thread():Ready to enter at_channel_read
03-27 14:47:47.046 D/HTC_RIL (  129): (t=1395928067)<< 4\r
03-27 14:47:47.056 D/RILJ    (  560): [0083]< SCREEN_STATE error: com.android.internal.telephony.CommandException: GENERIC_FAILURE
03-27 14:47:51.741 D/PhoneStatusBar(  441): disable: < expand icons alerts ticker system_info back home RECENT* clock >
03-27 14:47:52.041 D/PhoneStatusBar(  441): disable: < expand icons alerts ticker system_info BACK* HOME* RECENT CLOCK* >
03-27 14:48:21.139 W/ActivityManager(  341): Unable to start service Intent { cmp=com.aware/.Applications }: not found
03-27 14:49:04.582 W/ThrottleService(  341): unable to find stats for iface rmnet0
03-27 14:49:04.592 I/ActivityManager(  341): Process com.android.deskclock (pid 738) has died.
03-27 14:49:18.245 D/GSM     (  560): [GsmDCT] handleMessage msg={ what=270368 when=-31ms arg1=1 }
03-27 14:49:18.355 I/ActivityManager(  341): Process com.android.providers.calendar (pid 1348) has died.
03-27 14:49:18.355 I/ActivityManager(  341): Kill com.android.calendar (pid 1327): provider com.android.providers.calendar.CalendarProvider2 in dying process com.android.providers.calendar
03-27 14:49:18.575 I/ActivityManager(  341): Process com.android.calendar (pid 1327) has died.
03-27 14:49:21.098 I/ActivityManager(  341): Process android.process.media (pid 489) has died.
03-27 14:50:22.167 I/ActivityManager(  341): Process com.google.android.partnersetup (pid 1059) has died.
03-27 14:50:23.148 I/ActivityManager(  341): Process android.process.acore (pid 626) has died.
03-27 14:51:18.172 I/ActivityManager(  341): Process com.google.android.setupwizard (pid 1673) has died.
03-27 14:51:18.803 I/ActivityManager(  341): Process com.android.gallery3d (pid 1590) has died.
03-27 14:51:18.933 I/ActivityManager(  341): Process com.android.voicedialer (pid 1109) has died.
03-27 14:52:16.389 D/GSM     (  560): [GsmDCT] handleMessage msg={ what=270368 when=-1ms arg1=1 }
03-27 14:52:17.710 I/ActivityManager(  341): Process com.google.android.gms (pid 853) has died.
03-27 14:53:21.142 W/ActivityManager(  341): Unable to start service Intent { cmp=com.aware/.Applications }: not found
03-27 14:54:45.104 I/WindowManager(  341): Lock screen displayed!
03-27 14:54:45.314 D/RILJ    (  560): [0084]> SCREEN_STATE: true
03-27 14:54:45.324 D/GSM     (  560): [GsmDCT] onReceive: action=android.intent.action.SCREEN_ON
03-27 14:54:45.324 D/HTC_RIL (  129): ril_func_screen_state_notified():called
03-27 14:54:45.334 D/GSM     (  560): [GsmDCT] stopNetStatPoll
03-27 14:54:45.334 I/HTC_RIL (  129): qcril_data_toggle_dormancy_indications():>>>>>> LOCK QCRIL_DATA MUTEX 4026081c
03-27 14:54:45.334 I/HTC_RIL (  129): qcril_data_toggle_dormancy_indications():LOCK QCRIL_DATA MUTEX 4026081c result=0
03-27 14:54:45.334 D/HTC_RIL (  129): qcril_data_toggle_dormancy_indications():Switch ON/OFF dormancy indications on all active interfaces
03-27 14:54:45.334 I/HTC_RIL (  129): qcril_data_toggle_dormancy_indications():<<<<<< UNLOCK QCRIL_DATA MUTEX 4026081c
03-27 14:54:45.334 I/HTC_RIL (  129): qcril_data_toggle_dormancy_indications():UNLOCK QCRIL_DATA MUTEX 4026081c result=0
03-27 14:54:45.334 I/HTC_RIL (  129): qcril_data_toggle_dormancy_indications():qcril_data_toggle_dormancy_indications: EXIT with SUCCESS
03-27 14:54:45.334 D/HTC_RIL (  129): ril_func_screen_state_notified():Not found 'ether:' in USB_STATE_PATH
03-27 14:54:45.334 D/HTC_RIL (  129): fd_ballots():AP 0 votes to disable fast dormancy!
03-27 14:54:45.334 D/HTC_RIL (  129): (t=1395928485)>> AT+ENCSQ=1\r
03-27 14:54:45.344 D/GSM     (  560): [GsmDCT] overall state is IDLE
03-27 14:54:45.344 D/HTC_RIL (  129): RX::> 0\r
03-27 14:54:45.344 D/HTC_RIL (  129): at_read_thread():Ready to enter at_channel_read
03-27 14:54:45.344 D/HTC_RIL (  129): (t=1395928485)<< 0\r
03-27 14:54:45.344 D/HTC_RIL (  129): (t=1395928485)>> AT+CREG=2\r
03-27 14:54:45.344 D/HTC_RIL (  129): RX::> 0\r
03-27 14:54:45.344 D/HTC_RIL (  129): at_read_thread():Ready to enter at_channel_read
03-27 14:54:45.344 D/HTC_RIL (  129): (t=1395928485)<< 0\r
03-27 14:54:45.344 D/HTC_RIL (  129): (t=1395928485)>> AT+CSQ\r
03-27 14:54:45.344 D/HTC_RIL (  129): RX::> +CSQ: 12,99\r\n0\r
03-27 14:54:45.344 D/HTC_RIL (  129): at_read_thread():Ready to enter at_channel_read
03-27 14:54:45.344 D/HTC_RIL (  129): (t=1395928485)<< +CSQ: 12,99\r\n0\r
03-27 14:54:45.344 D/HTC_RIL (  129): (t=1395928485)>> AT+CREG?\r
03-27 14:54:45.344 D/HTC_RIL (  129): RX::> +CREG: 2,1,"CEA5","0387EBAE"\r\n0\r
03-27 14:54:45.344 D/HTC_RIL (  129): at_read_thread():Ready to enter at_channel_read
03-27 14:54:45.344 D/HTC_RIL (  129): (t=1395928485)<< +CREG: 2,1,"CEA5","0387EBAE"\r\n0\r
03-27 14:54:45.344 D/HTC_RIL (  129): (t=1395928485)>> AT+CGREG?\r
03-27 14:54:45.354 D/HTC_RIL (  129): RX::> +CGREG: 1,1\r\n0\r
03-27 14:54:45.354 D/HTC_RIL (  129): at_read_thread():Ready to enter at_channel_read
03-27 14:54:45.354 D/HTC_RIL (  129): (t=1395928485)<< +CGREG: 1,1\r\n0\r
03-27 14:54:45.354 D/HTC_RIL (  129): (t=1395928485)>> AT+COPS=3,2;+COPS?\r
03-27 14:54:45.354 D/HTC_RIL (  129): RX::> +COPS: 0,2,"26002",4\r\n0\r
03-27 14:54:45.354 D/HTC_RIL (  129): at_read_thread():Ready to enter at_channel_read
03-27 14:54:45.354 D/HTC_RIL (  129): (t=1395928485)<< +COPS: 0,2,"26002",4\r\n0\r
03-27 14:54:45.354 D/HTC_RIL (  129): (t=1395928485)>> AT@DISPLAYSTATE=1\r
03-27 14:54:45.354 D/HTC_RIL (  129): RX::> 0\r
03-27 14:54:45.354 D/HTC_RIL (  129): at_read_thread():Ready to enter at_channel_read
03-27 14:54:45.354 D/HTC_RIL (  129): (t=1395928485)<< 0\r
03-27 14:54:45.354 D/HTC_RIL (  129): (t=1395928485)>> AT@HTCGFSET=2\r
03-27 14:54:45.354 D/HTC_RIL (  129): RX::> 0\r
03-27 14:54:45.354 D/HTC_RIL (  129): at_read_thread():Ready to enter at_channel_read
03-27 14:54:45.354 D/HTC_RIL (  129): (t=1395928485)<< 0\r
03-27 14:54:45.354 D/HTC_RIL (  129): (t=1395928485)>> AT@HTCPDPFD=0\r
03-27 14:54:45.354 D/HTC_RIL (  129): RX::> @PDPFD: garbage_count=0\r\n0\r
03-27 14:54:45.354 D/HTC_RIL (  129): (t=1395928485)XX @PDPFD: garbage_count=0\r\n
03-27 14:54:45.354 D/HTC_RIL (  129): at_read_thread():Ready to enter at_channel_read
03-27 14:54:45.354 D/HTC_RIL (  129): (t=1395928485)<< 0\r
03-27 14:54:45.354 D/HTC_RIL (  129): (t=1395928485)>> AT+HTCPDPFD=0\r
03-27 14:54:45.354 D/HTC_RIL (  129): RX::> 4\r
03-27 14:54:45.354 D/HTC_RIL (  129): at_read_thread():Ready to enter at_channel_read
03-27 14:54:45.354 D/HTC_RIL (  129): (t=1395928485)<< 4\r
03-27 14:54:45.364 D/RILJ    (  560): [0084]< SCREEN_STATE error: com.android.internal.telephony.CommandException: GENERIC_FAILURE
03-27 14:54:47.836 D/HTC_RIL (  129): RX::> +HTCUCSQ: 10\r\n
03-27 14:54:47.836 D/HTC_RIL (  129): (t=1395928487)%% +HTCUCSQ: 10\r\n
03-27 14:54:47.836 D/HTC_RIL (  129): at_read_thread():Ready to enter at_channel_read
03-27 14:54:54.223 D/HTC_RIL (  129): RX::> +HTCUCSQ: 9\r\n
03-27 14:54:54.223 D/HTC_RIL (  129): (t=1395928494)%% +HTCUCSQ: 9\r\n
03-27 14:54:54.223 D/HTC_RIL (  129): at_read_thread():Ready to enter at_channel_read
03-27 14:54:55.104 D/RILJ    (  560): [0085]> SCREEN_STATE: false
03-27 14:54:55.454 D/HTC_RIL (  129): ril_func_screen_state_notified():called
03-27 14:54:55.454 I/HTC_RIL (  129): qcril_data_toggle_dormancy_indications():>>>>>> LOCK QCRIL_DATA MUTEX 4026081c
03-27 14:54:55.454 I/HTC_RIL (  129): qcril_data_toggle_dormancy_indications():LOCK QCRIL_DATA MUTEX 4026081c result=0
03-27 14:54:55.454 D/HTC_RIL (  129): qcril_data_toggle_dormancy_indications():Switch ON/OFF dormancy indications on all active interfaces
03-27 14:54:55.454 I/HTC_RIL (  129): qcril_data_toggle_dormancy_indications():<<<<<< UNLOCK QCRIL_DATA MUTEX 4026081c
03-27 14:54:55.454 I/HTC_RIL (  129): qcril_data_toggle_dormancy_indications():UNLOCK QCRIL_DATA MUTEX 4026081c result=0
03-27 14:54:55.454 I/HTC_RIL (  129): qcril_data_toggle_dormancy_indications():qcril_data_toggle_dormancy_indications: EXIT with SUCCESS
03-27 14:54:55.454 D/HTC_RIL (  129): ril_func_screen_state_notified():Not found 'ether:' in USB_STATE_PATH
03-27 14:54:55.454 D/HTC_RIL (  129): ril_func_screen_state_notified():Not found 'ether:' in USB_STATE_PATH.
03-27 14:54:55.454 D/HTC_RIL (  129): fd_ballots():AP 0 votes to enable fast dormancy!
03-27 14:54:55.454 D/HTC_RIL (  129): (t=1395928495)>> AT+ENCSQ=0\r
03-27 14:54:55.454 D/HTC_RIL (  129): RX::> 0\r
03-27 14:54:55.454 D/HTC_RIL (  129): at_read_thread():Ready to enter at_channel_read
03-27 14:54:55.454 D/HTC_RIL (  129): (t=1395928495)<< 0\r
03-27 14:54:55.454 D/HTC_RIL (  129): (t=1395928495)>> AT+CREG=1\r
03-27 14:54:55.454 D/HTC_RIL (  129): RX::> 0\r
03-27 14:54:55.454 D/HTC_RIL (  129): at_read_thread():Ready to enter at_channel_read
03-27 14:54:55.454 D/HTC_RIL (  129): (t=1395928495)<< 0\r
03-27 14:54:55.454 D/HTC_RIL (  129): (t=1395928495)>> AT+CSQ\r
03-27 14:54:55.464 D/HTC_RIL (  129): RX::> +CSQ: 9,99\r\n0\r
03-27 14:54:55.464 D/HTC_RIL (  129): at_read_thread():Ready to enter at_channel_read
03-27 14:54:55.464 D/HTC_RIL (  129): (t=1395928495)<< +CSQ: 9,99\r\n0\r
03-27 14:54:55.464 D/HTC_RIL (  129): (t=1395928495)>> AT@DISPLAYSTATE=0\r
03-27 14:54:55.464 D/HTC_RIL (  129): RX::> 0\r
03-27 14:54:55.464 D/HTC_RIL (  129): at_read_thread():Ready to enter at_channel_read
03-27 14:54:55.464 D/HTC_RIL (  129): (t=1395928495)<< 0\r
03-27 14:54:55.464 D/HTC_RIL (  129): (t=1395928495)>> AT@HTCGFSET=2\r
03-27 14:54:55.464 D/HTC_RIL (  129): RX::> 0\r
03-27 14:54:55.464 D/HTC_RIL (  129): at_read_thread():Ready to enter at_channel_read
03-27 14:54:55.464 D/HTC_RIL (  129): (t=1395928495)<< 0\r
03-27 14:54:55.464 D/HTC_RIL (  129): (t=1395928495)>> AT@HTCPDPFD=1\r
03-27 14:54:55.464 D/HTC_RIL (  129): RX::> @PDPFD: garbage_count=0\r\n0\r
03-27 14:54:55.464 D/HTC_RIL (  129): (t=1395928495)XX @PDPFD: garbage_count=0\r\n
03-27 14:54:55.464 D/HTC_RIL (  129): at_read_thread():Ready to enter at_channel_read
03-27 14:54:55.464 D/HTC_RIL (  129): (t=1395928495)<< 0\r
03-27 14:54:55.464 D/HTC_RIL (  129): (t=1395928495)>> AT+HTCPDPFD=1\r
03-27 14:54:55.464 D/HTC_RIL (  129): RX::> 4\r
03-27 14:54:55.464 D/HTC_RIL (  129): at_read_thread():Ready to enter at_channel_read
03-27 14:54:55.464 D/HTC_RIL (  129): (t=1395928495)<< 4\r
03-27 14:54:55.464 D/GSM     (  560): [GsmDCT] onReceive: action=android.intent.action.SCREEN_OFF
03-27 14:54:55.464 D/GSM     (  560): [GsmDCT] stopNetStatPoll
03-27 14:54:55.464 D/GSM     (  560): [GsmDCT] overall state is IDLE
03-27 14:54:55.474 D/RILJ    (  560): [0085]< SCREEN_STATE error: com.android.internal.telephony.CommandException: GENERIC_FAILURE
03-27 14:56:14.101 I/ActivityManager(  341): Process com.google.android.talk (pid 1003) has died.
03-27 14:56:28.665 I/ActivityManager(  341): Process com.noshufou.android.su (pid 1701) has died.
03-27 14:56:28.745 I/ActivityManager(  341): Process com.android.vending (pid 1189) has died.
03-27 14:57:47.692 I/ActivityManager(  341): Process com.google.android.googlequicksearchbox (pid 1617) has died.
03-27 14:58:21.135 W/ActivityManager(  341): Unable to start service Intent { cmp=com.aware/.Applications }: not found
03-27 14:58:50.613 D/GSM     (  560): [GsmDCT] handleMessage msg={ what=270368 when=-1ms arg1=1 }
03-27 14:59:04.587 W/ThrottleService(  341): unable to find stats for iface rmnet0
03-27 14:59:23.065 I/ActivityManager(  341): Process com.google.android.gsf.login (pid 502) has died.
03-27 14:59:24.376 I/ActivityManager(  341): Process com.bel.android.dspmanager (pid 804) has died.
03-27 14:59:24.376 W/ActivityManager(  341): Scheduling restart of crashed service com.bel.android.dspmanager/.service.HeadsetService in 5000ms
03-27 14:59:26.308 I/WindowState(  341): WIN DEATH: Window{413c5310 com.android.browser/com.android.browser.BrowserActivity paused=false}
03-27 14:59:26.378 I/ActivityManager(  341): Process com.android.browser (pid 2997) has died.
03-27 14:59:26.508 I/ActivityManager(  341): Applications Memory Usage (kB):
03-27 14:59:26.508 I/ActivityManager(  341): Uptime: 1326876 Realtime: 1326865
03-27 14:59:26.508 I/ActivityManager(  341): Total PSS by OOM adjustment:
03-27 14:59:26.508 I/ActivityManager(  341):     26790 kB: System
03-27 14:59:26.508 I/ActivityManager(  341):                26790 kB: system (pid 341)
03-27 14:59:26.508 I/ActivityManager(  341):     27784 kB: Persistent
03-27 14:59:26.508 I/ActivityManager(  341):                20914 kB: com.android.systemui (pid 441)
03-27 14:59:26.508 I/ActivityManager(  341):                 6870 kB: com.android.phone (pid 560)
03-27 14:59:26.508 I/ActivityManager(  341):     18025 kB: Foreground
03-27 14:59:26.508 I/ActivityManager(  341):                18025 kB: com.cyanogenmod.trebuchet (pid 570)
03-27 14:59:26.508 I/ActivityManager(  341):     31081 kB: Visible
03-27 14:59:26.508 I/ActivityManager(  341):                15562 kB: com.aware (pid 1721)
03-27 14:59:26.508 I/ActivityManager(  341):                12703 kB: com.google.process.gapps (pid 699)
03-27 14:59:26.508 I/ActivityManager(  341):                 2816 kB: com.android.smspush (pid 649)
03-27 14:59:26.508 I/ActivityManager(  341):      9029 kB: Perceptible
03-27 14:59:26.508 I/ActivityManager(  341):                 9029 kB: com.android.inputmethod.latin (pid 520)
03-27 14:59:26.508 I/ActivityManager(  341):      7454 kB: A Services
03-27 14:59:26.508 I/ActivityManager(  341):                 7454 kB: com.google.process.location (pid 1239)
03-27 14:59:26.508 I/ActivityManager(  341):    194197 kB: Previous
03-27 14:59:26.508 I/ActivityManager(  341):               184718 kB: com.android.browser (pid 2997)
03-27 14:59:26.508 I/ActivityManager(  341):                 9479 kB: com.google.android.tts (pid 3029)
03-27 14:59:26.508 I/ActivityManager(  341):      3000 kB: B Services
03-27 14:59:26.508 I/ActivityManager(  341):                 3000 kB: com.bel.android.dspmanager (pid 804)
03-27 14:59:26.508 I/ActivityManager(  341): 
03-27 14:59:26.508 I/ActivityManager(  341): Total PSS: 317360 kB
03-27 14:59:26.508 I/ActivityManager(  341):       KSM: 0 kB saved from shared 0 kB
03-27 14:59:26.508 I/ActivityManager(  341):            0 kB unshared; 0 kB volatile
03-27 14:59:26.508 I/ActivityManager(  341):   PID      Vss      Rss      Pss      Uss  cmdline
03-27 14:59:26.508 I/ActivityManager(  341):   341   67212K   40812K   27391K   25284K  system_server
03-27 14:59:26.508 I/ActivityManager(  341):   441   57520K   34336K   21226K   19532K  com.android.systemui
03-27 14:59:26.508 I/ActivityManager(  341):   570   60736K   31532K   18325K   16652K  com.cyanogenmod.trebuchet
03-27 14:59:26.508 I/ActivityManager(  341):  1721   29072K   28940K   15862K   14148K  com.aware
03-27 14:59:26.508 I/ActivityManager(  341):   699   25392K   25268K   13047K   11644K  com.google.process.gapps
03-27 14:59:26.508 I/ActivityManager(  341):  3029   22084K   21936K    9738K    8376K  com.google.android.tts
03-27 14:59:26.508 I/ActivityManager(  341):   520   22136K   22076K    9301K    7844K  com.android.inputmethod.latin
03-27 14:59:26.508 I/ActivityManager(  341):  1239   20296K   20156K    7711K    6328K  com.google.process.location
03-27 14:59:26.508 I/ActivityManager(  341):   560   19672K   19600K    7124K    5712K  com.android.phone
03-27 14:59:26.508 I/ActivityManager(  341):   130   45720K    6828K    5885K    5752K  /system/bin/surfaceflinger
03-27 14:59:26.508 I/ActivityManager(  341):   131   16668K   16484K    3150K    1388K  zygote
03-27 14:59:26.508 I/ActivityManager(  341):   649   15220K   15136K    3113K    1664K  com.android.smspush
03-27 14:59:26.508 I/ActivityManager(  341):   133    4368K    3684K    2943K    2868K  /system/bin/mediaserver
03-27 14:59:26.508 I/ActivityManager(  341):   122    1516K    1516K    1264K    1256K  /system/bin/auditd
03-27 14:59:26.508 I/ActivityManager(  341):   132    1188K    1188K     778K     756K  /system/bin/drmserver
03-27 14:59:26.508 I/ActivityManager(  341):   129    1052K    1048K     681K     664K  /system/bin/rild
03-27 14:59:26.508 I/ActivityManager(  341):  7283     780K     780K     548K     540K  procrank
03-27 14:59:26.508 I/ActivityManager(  341):   127     844K     844K     521K     500K  /system/bin/netd
03-27 14:59:26.508 I/ActivityManager(  341):   436     952K     952K     517K     488K  /system/bin/wpa_supplicant
03-27 14:59:26.508 I/ActivityManager(  341):   125     616K     616K     330K     316K  /system/bin/vold
03-27 14:59:26.508 I/ActivityManager(  341):   136     612K     612K     287K     272K  /system/bin/keystore
03-27 14:59:26.508 I/ActivityManager(  341):   138     476K     472K     213K     204K  /system/bin/netmgrd
03-27 14:59:26.508 I/ActivityManager(  341):   139     456K     452K     212K     204K  /system/bin/qmuxd
03-27 14:59:26.508 I/ActivityManager(  341):  1769     468K     468K     195K     132K  sh
03-27 14:59:26.508 I/ActivityManager(  341):   141     208K     208K     188K     188K  /sbin/adbd
03-27 14:59:26.508 I/ActivityManager(  341):   811     480K     480K     187K     176K  /system/bin/mpdecision
03-27 14:59:26.508 I/ActivityManager(  341):   597     448K     448K     181K     172K  /system/bin/dhcpcd
03-27 14:59:26.508 I/ActivityManager(  341):     1     244K     244K     172K     128K  /init
03-27 14:59:26.508 I/ActivityManager(  341):  1468     444K     440K     167K     104K  /system/bin/sh
03-27 14:59:26.508 I/ActivityManager(  341):   134     400K     396K     152K     144K  /system/bin/dbus-daemon
03-27 14:59:26.508 I/ActivityManager(  341):   814     408K     408K     145K     136K  /system/bin/thermald
03-27 14:59:26.508 I/ActivityManager(  341):    98     184K     184K     136K      92K  /sbin/ueventd
03-27 14:59:26.508 I/ActivityManager(  341):   128     368K     364K     124K     116K  /system/bin/debuggerd
03-27 14:59:26.508 I/ActivityManager(  341):   135     364K     360K     116K     108K  /system/bin/installd
03-27 14:59:26.508 I/ActivityManager(  341):   124     332K     332K     111K     104K  /system/bin/servicemanager
03-27 14:59:26.508 I/ActivityManager(  341):   137     108K     108K      92K      92K  /system/bin/htcbatt
03-27 14:59:26.508 I/ActivityManager(  341):   126    6188K      44K      40K      40K  /system/bin/rmt_storage
03-27 14:59:26.508 I/ActivityManager(  341):                           ------   ------  ------
03-27 14:59:26.508 I/ActivityManager(  341):                          152190K  134124K  TOTAL
03-27 14:59:26.508 I/ActivityManager(  341): RAM: 596860K total, 194120K free, 932K buffers, 200248K cached, 172252K shmem, 18716K slab
03-27 14:59:29.461 I/ActivityManager(  341): Start proc com.bel.android.dspmanager for service com.bel.android.dspmanager/.service.HeadsetService: pid=7325 uid=10013 gids={3002, 1028}
03-27 15:03:19.305 I/WindowManager(  341): Lock screen displayed!
03-27 15:03:19.436 D/RILJ    (  560): [0086]> SCREEN_STATE: true
03-27 15:03:19.436 D/HTC_RIL (  129): ril_func_screen_state_notified():called
03-27 15:03:19.436 I/HTC_RIL (  129): qcril_data_toggle_dormancy_indications():>>>>>> LOCK QCRIL_DATA MUTEX 4026081c
03-27 15:03:19.436 I/HTC_RIL (  129): qcril_data_toggle_dormancy_indications():LOCK QCRIL_DATA MUTEX 4026081c result=0
03-27 15:03:19.436 D/HTC_RIL (  129): qcril_data_toggle_dormancy_indications():Switch ON/OFF dormancy indications on all active interfaces
03-27 15:03:19.436 I/HTC_RIL (  129): qcril_data_toggle_dormancy_indications():<<<<<< UNLOCK QCRIL_DATA MUTEX 4026081c
03-27 15:03:19.436 I/HTC_RIL (  129): qcril_data_toggle_dormancy_indications():UNLOCK QCRIL_DATA MUTEX 4026081c result=0
03-27 15:03:19.436 I/HTC_RIL (  129): qcril_data_toggle_dormancy_indications():qcril_data_toggle_dormancy_indications: EXIT with SUCCESS
03-27 15:03:19.436 D/HTC_RIL (  129): ril_func_screen_state_notified():Not found 'ether:' in USB_STATE_PATH
03-27 15:03:19.436 D/HTC_RIL (  129): fd_ballots():AP 0 votes to disable fast dormancy!
03-27 15:03:19.436 D/HTC_RIL (  129): (t=1395928999)>> AT+ENCSQ=1\r
03-27 15:03:19.446 D/HTC_RIL (  129): RX::> 0\r
03-27 15:03:19.446 D/HTC_RIL (  129): at_read_thread():Ready to enter at_channel_read
03-27 15:03:19.446 D/HTC_RIL (  129): (t=1395928999)<< 0\r
03-27 15:03:19.446 D/HTC_RIL (  129): (t=1395928999)>> AT+CREG=2\r
03-27 15:03:19.446 D/HTC_RIL (  129): RX::> 0\r
03-27 15:03:19.446 D/HTC_RIL (  129): at_read_thread():Ready to enter at_channel_read
03-27 15:03:19.446 D/HTC_RIL (  129): (t=1395928999)<< 0\r
03-27 15:03:19.446 D/HTC_RIL (  129): (t=1395928999)>> AT+CSQ\r
03-27 15:03:19.446 D/HTC_RIL (  129): RX::> +CSQ: 12,99\r\n0\r
03-27 15:03:19.446 D/HTC_RIL (  129): at_read_thread():Ready to enter at_channel_read
03-27 15:03:19.446 D/HTC_RIL (  129): (t=1395928999)<< +CSQ: 12,99\r\n0\r
03-27 15:03:19.446 D/HTC_RIL (  129): (t=1395928999)>> AT+CREG?\r
03-27 15:03:19.446 D/HTC_RIL (  129): RX::> +CREG: 2,1,"CEA5","0387EBAD"\r\n0\r
03-27 15:03:19.446 D/HTC_RIL (  129): at_read_thread():Ready to enter at_channel_read
03-27 15:03:19.446 D/HTC_RIL (  129): (t=1395928999)<< +CREG: 2,1,"CEA5","0387EBAD"\r\n0\r
03-27 15:03:19.446 D/HTC_RIL (  129): (t=1395928999)>> AT+CGREG?\r
03-27 15:03:19.446 D/HTC_RIL (  129): RX::> +CGREG: 1,1\r\n0\r
03-27 15:03:19.446 D/HTC_RIL (  129): at_read_thread():Ready to enter at_channel_read
03-27 15:03:19.446 D/HTC_RIL (  129): (t=1395928999)<< +CGREG: 1,1\r\n0\r
03-27 15:03:19.446 D/HTC_RIL (  129): (t=1395928999)>> AT+COPS=3,2;+COPS?\r
03-27 15:03:19.446 D/HTC_RIL (  129): RX::> +COPS: 0,2,"26002",4\r\n0\r
03-27 15:03:19.446 D/HTC_RIL (  129): at_read_thread():Ready to enter at_channel_read
03-27 15:03:19.446 D/HTC_RIL (  129): (t=1395928999)<< +COPS: 0,2,"26002",4\r\n0\r
03-27 15:03:19.446 D/HTC_RIL (  129): (t=1395928999)>> AT@DISPLAYSTATE=1\r
03-27 15:03:19.456 D/HTC_RIL (  129): RX::> 0\r
03-27 15:03:19.456 D/HTC_RIL (  129): at_read_thread():Ready to enter at_channel_read
03-27 15:03:19.456 D/HTC_RIL (  129): (t=1395928999)<< 0\r
03-27 15:03:19.456 D/HTC_RIL (  129): (t=1395928999)>> AT@HTCGFSET=2\r
03-27 15:03:19.456 D/HTC_RIL (  129): RX::> 0\r
03-27 15:03:19.456 D/HTC_RIL (  129): at_read_thread():Ready to enter at_channel_read
03-27 15:03:19.456 D/HTC_RIL (  129): (t=1395928999)<< 0\r
03-27 15:03:19.456 D/HTC_RIL (  129): (t=1395928999)>> AT@HTCPDPFD=0\r
03-27 15:03:19.456 D/HTC_RIL (  129): RX::> @PDPFD: garbage_count=0\r\n0\r
03-27 15:03:19.456 D/HTC_RIL (  129): (t=1395928999)XX @PDPFD: garbage_count=0\r\n
03-27 15:03:19.456 D/HTC_RIL (  129): at_read_thread():Ready to enter at_channel_read
03-27 15:03:19.456 D/HTC_RIL (  129): (t=1395928999)<< 0\r
03-27 15:03:19.456 D/HTC_RIL (  129): (t=1395928999)>> AT+HTCPDPFD=0\r
03-27 15:03:19.456 D/HTC_RIL (  129): RX::> 4\r
03-27 15:03:19.456 D/HTC_RIL (  129): at_read_thread():Ready to enter at_channel_read
03-27 15:03:19.456 D/HTC_RIL (  129): (t=1395928999)<< 4\r
03-27 15:03:19.466 D/RILJ    (  560): [UNSL]< UNSOL_RESPONSE_VOICE_NETWORK_STATE_CHANGED
03-27 15:03:19.466 D/RILJ    (  560): [0086]< SCREEN_STATE error: com.android.internal.telephony.CommandException: GENERIC_FAILURE
03-27 15:03:19.486 D/RILJ    (  560): [0087]> OPERATOR
03-27 15:03:19.486 D/RILJ    (  560): [0088]> DATA_REGISTRATION_STATE
03-27 15:03:19.496 D/HTC_RIL (  129): ril_func_get_curr_operator_name():called
03-27 15:03:19.496 D/HTC_RIL (  129): ril_func_get_gprs_reg_state():called
03-27 15:03:19.496 D/HTC_RIL (  129): (t=1395928999)>> AT+COPS=3,2;+COPS?\r
03-27 15:03:19.496 D/RILJ    (  560): [0089]> VOICE_REGISTRATION_STATE
03-27 15:03:19.496 D/HTC_RIL (  129): RX::> +COPS: 0,2,"26002",4\r\n0\r
03-27 15:03:19.496 D/HTC_RIL (  129): at_read_thread():Ready to enter at_channel_read
03-27 15:03:19.496 D/HTC_RIL (  129): (t=1395928999)<< +COPS: 0,2,"26002",4\r\n0\r
03-27 15:03:19.506 D/HTC_RIL (  129): ril_func_get_gsm_cdma_reg_state():called
03-27 15:03:19.506 D/HTC_RIL (  129): (t=1395928999)>> AT+CGREG?\r
03-27 15:03:19.506 D/HTC_RIL (  129): RX::> +CGREG: 1,1\r\n0\r
03-27 15:03:19.506 D/HTC_RIL (  129): at_read_thread():Ready to enter at_channel_read
03-27 15:03:19.506 D/HTC_RIL (  129): (t=1395928999)<< +CGREG: 1,1\r\n0\r
03-27 15:03:19.506 D/HTC_RIL (  129): (t=1395928999)>> AT+COPS=3,2;+COPS?\r
03-27 15:03:19.506 D/HTC_RIL (  129): RX::> +COPS: 0,2,"26002",4\r\n0\r
03-27 15:03:19.506 D/HTC_RIL (  129): at_read_thread():Ready to enter at_channel_read
03-27 15:03:19.506 D/HTC_RIL (  129): (t=1395928999)<< +COPS: 0,2,"26002",4\r\n0\r
03-27 15:03:19.516 D/RILJ    (  560): [0087]< OPERATOR {T-mobile.pl, (N/A), 26002, 5}
03-27 15:03:19.516 D/HTC_RIL (  129): (t=1395928999)>> AT+CREG?\r
03-27 15:03:19.516 D/HTC_RIL (  129): RX::> +CREG: 2,1,"CEA5","0387EBAD"\r\n0\r
03-27 15:03:19.516 D/HTC_RIL (  129): at_read_thread():Ready to enter at_channel_read
03-27 15:03:19.516 D/HTC_RIL (  129): (t=1395928999)<< +CREG: 2,1,"CEA5","0387EBAD"\r\n0\r
03-27 15:03:19.516 D/HTC_RIL (  129): (t=1395928999)>> AT+COPS=3,2;+COPS?\r
03-27 15:03:19.516 D/HTC_RIL (  129): RX::> +COPS: 0,2,"26002",4\r\n0\r
03-27 15:03:19.516 D/HTC_RIL (  129): at_read_thread():Ready to enter at_channel_read
03-27 15:03:19.516 D/HTC_RIL (  129): (t=1395928999)<< +COPS: 0,2,"26002",4\r\n0\r
03-27 15:03:19.516 D/RILJ    (  560): [0088]< DATA_REGISTRATION_STATE {1, null, null, 9}
03-27 15:03:19.516 D/RILJ    (  560): [0089]< VOICE_REGISTRATION_STATE {1, CEA5, 0387EBAD, 9, null, null, null, null, null, null, null, null, null, null}
03-27 15:03:19.526 D/RILJ    (  560): [0090]> QUERY_NETWORK_SELECTION_MODE
03-27 15:03:19.526 D/HTC_RIL (  129): ril_func_get_network_select_mode():called
03-27 15:03:19.526 D/HTC_RIL (  129): (t=1395928999)>> AT+COPS=3,2;+COPS?\r
03-27 15:03:19.526 D/HTC_RIL (  129): RX::> +COPS: 0,2,"26002",4\r\n0\r
03-27 15:03:19.526 D/HTC_RIL (  129): at_read_thread():Ready to enter at_channel_read
03-27 15:03:19.526 D/HTC_RIL (  129): (t=1395928999)<< +COPS: 0,2,"26002",4\r\n0\r
03-27 15:03:19.526 D/GSM     (  560): [GsmDCT] onReceive: action=android.intent.action.SCREEN_ON
03-27 15:03:19.526 D/RILJ    (  560): [0090]< QUERY_NETWORK_SELECTION_MODE {0}
03-27 15:03:19.536 D/GSM     (  560): [GsmDCT] stopNetStatPoll
03-27 15:03:19.536 D/GSM     (  560): [GsmDCT] overall state is IDLE
03-27 15:03:19.536 D/GSM     (  560): [GsmSST] Poll ServiceState done:  oldSS=[0 home T-mobile.pl (N/A) 26002  HSDPA CSS not supported -1 -1 RoamInd=-1 DefRoamInd=-1 EmergOnly=false] newSS=[0 home T-mobile.pl (N/A) 26002  HSDPA CSS not supported -1 -1 RoamInd=-1 DefRoamInd=-1 EmergOnly=false] oldGprs=0 newData=0 oldMaxDataCalls=1 mNewMaxDataCalls=1 oldReasonDataDenied=-1 mNewReasonDataDenied=-1 oldType=HSDPA newType=HSDPA
03-27 15:03:19.636 D/RILJ    (  560): [0091]> REQUEST_GET_NEIGHBORING_CELL_IDS
03-27 15:03:19.636 D/HTC_RIL (  129): ril_func_get_neighbor_cell():called
03-27 15:03:19.636 D/HTC_RIL (  129): (t=1395928999)>> AT+Q3GNCELL\r
03-27 15:03:19.646 D/HTC_RIL (  129): RX::> +Q3GNCELL: "0387EBAD",27,2,122,23,23,8\r\n0\r
03-27 15:03:19.646 D/HTC_RIL (  129): at_read_thread():Ready to enter at_channel_read
03-27 15:03:19.646 D/HTC_RIL (  129): RX::> +HTCUCSQ: 13\r\n
03-27 15:03:19.646 D/HTC_RIL (  129): (t=1395928999)%% +HTCUCSQ: 13\r\n
03-27 15:03:19.646 D/HTC_RIL (  129): at_read_thread():Ready to enter at_channel_read
03-27 15:03:19.646 D/HTC_RIL (  129): (t=1395928999)<< +Q3GNCELL: "0387EBAD",27,2,122,23,23,8\r\n0\r
03-27 15:03:19.646 D/RILJ    (  560): [0091]< REQUEST_GET_NEIGHBORING_CELL_IDS  [7a@23] [17@8] 
03-27 15:03:21.127 W/ActivityManager(  341): Unable to start service Intent { cmp=com.aware/.Applications }: not found
03-27 15:03:23.039 D/HTC_RIL (  129): RX::> +HTCUCSQ: 11\r\n
03-27 15:03:23.039 D/HTC_RIL (  129): (t=1395929003)%% +HTCUCSQ: 11\r\n
03-27 15:03:23.039 D/HTC_RIL (  129): at_read_thread():Ready to enter at_channel_read
03-27 15:03:25.171 D/HTC_RIL (  129): RX::> +CREG: 1,"CEA5","0387EBAE"\r\n
03-27 15:03:25.171 D/HTC_RIL (  129): (t=1395929005)%% +CREG: 1,"CEA5","0387EBAE"\r\n
03-27 15:03:25.171 D/HTC_RIL (  129): at_read_thread():Ready to enter at_channel_read
03-27 15:03:25.171 D/RILJ    (  560): [UNSL]< UNSOL_RESPONSE_VOICE_NETWORK_STATE_CHANGED
03-27 15:03:25.171 D/RILJ    (  560): [0092]> OPERATOR
03-27 15:03:25.181 D/HTC_RIL (  129): ril_func_get_curr_operator_name():called
03-27 15:03:25.181 D/HTC_RIL (  129): (t=1395929005)>> AT+COPS=3,2;+COPS?\r
03-27 15:03:25.181 D/RILJ    (  560): [0093]> DATA_REGISTRATION_STATE
03-27 15:03:25.181 D/HTC_RIL (  129): ril_func_get_gprs_reg_state():called
03-27 15:03:25.181 D/RILJ    (  560): [0094]> VOICE_REGISTRATION_STATE
03-27 15:03:25.181 D/HTC_RIL (  129): RX::> +COPS: 0,2,"26002",4\r\n0\r
03-27 15:03:25.181 D/HTC_RIL (  129): at_read_thread():Ready to enter at_channel_read
03-27 15:03:25.181 D/HTC_RIL (  129): (t=1395929005)<< +COPS: 0,2,"26002",4\r\n0\r
03-27 15:03:25.191 D/HTC_RIL (  129): (t=1395929005)>> AT+CGREG?\r
03-27 15:03:25.191 D/RILJ    (  560): [0092]< OPERATOR {T-mobile.pl, (N/A), 26002, 5}
03-27 15:03:25.191 D/HTC_RIL (  129): RX::> +CGREG: 1,1\r\n0\r
03-27 15:03:25.191 D/HTC_RIL (  129): at_read_thread():Ready to enter at_channel_read
03-27 15:03:25.191 D/HTC_RIL (  129): (t=1395929005)<< +CGREG: 1,1\r\n0\r
03-27 15:03:25.191 D/HTC_RIL (  129): (t=1395929005)>> AT+COPS=3,2;+COPS?\r
03-27 15:03:25.191 D/HTC_RIL (  129): ril_func_get_gsm_cdma_reg_state():called
03-27 15:03:25.191 D/RILJ    (  560): [0095]> QUERY_NETWORK_SELECTION_MODE
03-27 15:03:25.191 D/HTC_RIL (  129): RX::> +COPS: 0,2,"26002",4\r\n0\r
03-27 15:03:25.191 D/HTC_RIL (  129): at_read_thread():Ready to enter at_channel_read
03-27 15:03:25.191 D/HTC_RIL (  129): (t=1395929005)<< +COPS: 0,2,"26002",4\r\n0\r
03-27 15:03:25.201 D/HTC_RIL (  129): (t=1395929005)>> AT+CREG?\r
03-27 15:03:25.201 D/HTC_RIL (  129): RX::> +CREG: 2,1,"CEA5","0387EBAE"\r\n0\r
03-27 15:03:25.201 D/HTC_RIL (  129): at_read_thread():Ready to enter at_channel_read
03-27 15:03:25.201 D/HTC_RIL (  129): (t=1395929005)<< +CREG: 2,1,"CEA5","0387EBAE"\r\n0\r
03-27 15:03:25.201 D/RILJ    (  560): [0093]< DATA_REGISTRATION_STATE {1, null, null, 9}
03-27 15:03:25.201 D/HTC_RIL (  129): (t=1395929005)>> AT+COPS=3,2;+COPS?\r
03-27 15:03:25.201 D/HTC_RIL (  129): ril_func_get_network_select_mode():called
03-27 15:03:25.201 D/HTC_RIL (  129): RX::> +COPS: 0,2,"26002",4\r\n0\r
03-27 15:03:25.201 D/HTC_RIL (  129): at_read_thread():Ready to enter at_channel_read
03-27 15:03:25.201 D/HTC_RIL (  129): (t=1395929005)<< +COPS: 0,2,"26002",4\r\n0\r
03-27 15:03:25.201 D/HTC_RIL (  129): (t=1395929005)>> AT+COPS=3,2;+COPS?\r
03-27 15:03:25.211 D/RILJ    (  560): [0094]< VOICE_REGISTRATION_STATE {1, CEA5, 0387EBAE, 9, null, null, null, null, null, null, null, null, null, null}
03-27 15:03:25.211 D/HTC_RIL (  129): RX::> +COPS: 0,2,"26002",4\r\n0\r
03-27 15:03:25.211 D/HTC_RIL (  129): at_read_thread():Ready to enter at_channel_read
03-27 15:03:25.211 D/HTC_RIL (  129): (t=1395929005)<< +COPS: 0,2,"26002",4\r\n0\r
03-27 15:03:25.211 D/RILJ    (  560): [0095]< QUERY_NETWORK_SELECTION_MODE {0}
03-27 15:03:25.211 D/GSM     (  560): [GsmSST] Poll ServiceState done:  oldSS=[0 home T-mobile.pl (N/A) 26002  HSDPA CSS not supported -1 -1 RoamInd=-1 DefRoamInd=-1 EmergOnly=false] newSS=[0 home T-mobile.pl (N/A) 26002  HSDPA CSS not supported -1 -1 RoamInd=-1 DefRoamInd=-1 EmergOnly=false] oldGprs=0 newData=0 oldMaxDataCalls=1 mNewMaxDataCalls=1 oldReasonDataDenied=-1 mNewReasonDataDenied=-1 oldType=HSDPA newType=HSDPA
03-27 15:03:26.212 D/HTC_RIL (  129): RX::> +HTCUCSQ: 10\r\n
03-27 15:03:26.212 D/HTC_RIL (  129): (t=1395929006)%% +HTCUCSQ: 10\r\n
03-27 15:03:26.212 D/HTC_RIL (  129): at_read_thread():Ready to enter at_channel_read
03-27 15:03:27.083 D/RILJ    (  560): [0096]> REQUEST_GET_NEIGHBORING_CELL_IDS
03-27 15:03:27.083 D/HTC_RIL (  129): ril_func_get_neighbor_cell():called
03-27 15:03:27.083 D/HTC_RIL (  129): (t=1395929007)>> AT+Q3GNCELL\r
03-27 15:03:27.083 D/HTC_RIL (  129): RX::> +Q3GNCELL: "0387EBAE",27,0\r\n0\r
