03-28 01:57:37.802 W/ProcessStats(  341): Skipping unknown process pid 5568
03-28 01:57:37.802 W/ProcessStats(  341): Skipping unknown process pid 5576
03-28 01:58:19.223 W/ActivityManager(  341): Unable to start service Intent { cmp=com.aware/.Applications }: not found
03-28 01:59:22.514 W/ThrottleService(  341): unable to find stats for iface rmnet0
03-28 02:00:37.778 W/ProcessStats(  341): Skipping unknown process pid 6269
03-28 02:00:37.778 W/ProcessStats(  341): Skipping unknown process pid 6278
03-28 02:03:19.225 W/ActivityManager(  341): Unable to start service Intent { cmp=com.aware/.Applications }: not found
03-28 02:06:37.869 W/ProcessStats(  341): Skipping unknown process pid 7717
03-28 02:08:19.208 W/ActivityManager(  341): Unable to start service Intent { cmp=com.aware/.Applications }: not found
03-28 02:08:48.476 D/GSM     (  560): [GsmDCT] onReceive: action=android.net.wifi.STATE_CHANGE
03-28 02:08:48.496 D/GSM     (  560): [GsmDCT] onReceive: action=android.net.wifi.STATE_CHANGE
03-28 02:08:48.496 D/ConnectivityService(  341): ConnectivityChange for WIFI: CONNECTED/CONNECTED
03-28 02:08:48.506 D/ConnectivityService(  341): handleConnectivityChange: address are the same reset per doReset linkProperty[1]: resetMask=0
03-28 02:08:48.526 D/GSM     (  560): [GsmDCT] handleMessage msg={ what=270368 when=0 arg1=1 }
03-28 02:08:48.526 D/ConnectivityService(  341): ConnectivityChange for WIFI: CONNECTED/CONNECTED
03-28 02:08:48.547 D/ConnectivityService(  341): handleConnectivityChange: address are the same reset per doReset linkProperty[1]: resetMask=0
03-28 02:08:48.667 D/GSM     (  560): [GsmDCT] handleMessage msg={ what=270368 when=-1ms arg1=1 }
03-28 02:08:48.667 D/GSM     (  560): [GsmDCT] handleMessage msg={ what=270368 when=0 arg1=1 }
03-28 02:08:48.677 D/GSM     (  560): [GsmDCT] handleMessage msg={ what=270368 when=0 arg1=1 }
03-28 02:08:49.517 D/ConnectivityService(  341): NetTransition Wakelock for WifiStateMachine released by timeout
03-28 02:08:51.650 I/ActivityManager(  341): Start proc com.cyanogenmod.updater for broadcast com.cyanogenmod.updater/.receiver.UpdateCheckReceiver: pid=8285 uid=10007 gids={3003, 1015, 2001, 1028}
03-28 02:08:51.860 I/ActivityManager(  341): Process com.android.calendar (pid 10267) has died.
03-28 02:08:51.940 I/ActivityManager(  341): Start proc android.process.media for broadcast com.android.providers.downloads/.DownloadReceiver: pid=8301 uid=10017 gids={1015, 1023, 1024, 1028, 2001, 3003, 3007}
03-28 02:08:52.230 I/ActivityManager(  341): Start proc com.android.settings for broadcast com.android.settings/.cmstats.ReportingServiceManager: pid=8318 uid=1000 gids={1015, 3002, 3001, 3003, 1028, 3007}
03-28 02:08:52.290 D/ConnectivityService(  341): handleInetConditionHoldEnd: net=1, condition=100, published condition=0
03-28 02:08:52.340 I/ActivityManager(  341): Process com.google.android.gms (pid 29556) has died.
03-28 02:08:52.831 W/ProcessStats(  341): Skipping unknown process pid 8342
03-28 02:08:52.831 W/ProcessStats(  341): Skipping unknown process pid 8351
03-28 02:08:53.041 I/ActivityManager(  341): Start proc com.google.android.apps.uploader for broadcast com.google.android.apps.uploader/com.google.android.picasasync.ConnectivityReceiver: pid=8364 uid=10055 gids={3003, 1015, 1028}
03-28 02:08:53.211 I/ActivityManager(  341): Start proc com.google.android.gms for broadcast com.google.android.gms/.common.status.StatusServiceLauncherBroadcastReceiver: pid=8378 uid=10048 gids={3003, 1015, 1028, 1007, 3002, 3001, 1006, 2001, 3006}
03-28 02:08:58.116 W/ProcessStats(  341): Skipping unknown process pid 8407
03-28 02:09:22.510 W/ThrottleService(  341): unable to find stats for iface rmnet0
03-28 02:11:37.822 W/ProcessStats(  341): Skipping unknown process pid 9050
03-28 02:13:19.221 W/ActivityManager(  341): Unable to start service Intent { cmp=com.aware/.Applications }: not found
03-28 02:14:37.847 W/ProcessStats(  341): Skipping unknown process pid 9766
03-28 02:18:19.183 W/ActivityManager(  341): Unable to start service Intent { cmp=com.aware/.Applications }: not found
03-28 02:18:24.398 W/ProcessStats(  341): Skipping unknown process pid 10643
03-28 02:19:22.525 W/ThrottleService(  341): unable to find stats for iface rmnet0
03-28 02:22:16.355 D/GSM     (  560): [GsmDCT] handleMessage msg={ what=270368 when=0 arg1=1 }
03-28 02:23:19.206 W/ActivityManager(  341): Unable to start service Intent { cmp=com.aware/.Applications }: not found
03-28 02:24:05.261 W/ProcessStats(  341): Skipping unknown process pid 11968
03-28 02:27:05.347 W/ProcessStats(  341): Skipping unknown process pid 12666
03-28 02:28:19.219 W/ActivityManager(  341): Unable to start service Intent { cmp=com.aware/.Applications }: not found
03-28 02:29:05.103 W/ProcessStats(  341): Skipping unknown process pid 13136
03-28 02:29:05.103 W/ProcessStats(  341): Skipping unknown process pid 13154
03-28 02:29:22.520 W/ThrottleService(  341): unable to find stats for iface rmnet0
03-28 02:32:05.109 W/ProcessStats(  341): Skipping unknown process pid 13837
03-28 02:32:05.109 W/ProcessStats(  341): Skipping unknown process pid 13853
03-28 02:33:19.221 W/ActivityManager(  341): Unable to start service Intent { cmp=com.aware/.Applications }: not found
03-28 02:38:19.224 W/ActivityManager(  341): Unable to start service Intent { cmp=com.aware/.Applications }: not found
03-28 02:39:22.526 W/ThrottleService(  341): unable to find stats for iface rmnet0
03-28 02:41:05.146 W/ProcessStats(  341): Skipping unknown process pid 15946
03-28 02:41:05.146 W/ProcessStats(  341): Skipping unknown process pid 15960
03-28 02:42:00.280 W/ProcessStats(  341): Skipping unknown process pid 16161
03-28 02:42:00.280 W/ProcessStats(  341): Skipping unknown process pid 16171
03-28 02:43:19.217 W/ActivityManager(  341): Unable to start service Intent { cmp=com.aware/.Applications }: not found
03-28 02:45:26.441 W/ProcessStats(  341): Skipping unknown process pid 16960
03-28 02:45:26.441 W/ProcessStats(  341): Skipping unknown process pid 16974
03-28 02:48:19.219 W/ActivityManager(  341): Unable to start service Intent { cmp=com.aware/.Applications }: not found
03-28 02:49:22.521 W/ThrottleService(  341): unable to find stats for iface rmnet0
03-28 02:52:16.351 D/GSM     (  560): [GsmDCT] handleMessage msg={ what=270368 when=0 arg1=1 }
03-28 02:53:19.222 W/ActivityManager(  341): Unable to start service Intent { cmp=com.aware/.Applications }: not found
03-28 02:53:37.710 W/ProcessStats(  341): Skipping unknown process pid 18870
03-28 02:53:37.710 W/ProcessStats(  341): Skipping unknown process pid 18884
03-28 02:58:19.205 W/ActivityManager(  341): Unable to start service Intent { cmp=com.aware/.Applications }: not found
03-28 02:59:22.526 W/ThrottleService(  341): unable to find stats for iface rmnet0
03-28 03:03:19.217 W/ActivityManager(  341): Unable to start service Intent { cmp=com.aware/.Applications }: not found
03-28 03:05:37.903 W/ProcessStats(  341): Skipping unknown process pid 21679
03-28 03:08:19.220 W/ActivityManager(  341): Unable to start service Intent { cmp=com.aware/.Applications }: not found
03-28 03:09:22.532 W/ThrottleService(  341): unable to find stats for iface rmnet0
03-28 03:13:19.223 W/ActivityManager(  341): Unable to start service Intent { cmp=com.aware/.Applications }: not found
03-28 03:18:19.195 W/ActivityManager(  341): Unable to start service Intent { cmp=com.aware/.Applications }: not found
03-28 03:18:24.360 W/ProcessStats(  341): Skipping unknown process pid 24661
03-28 03:18:24.360 W/ProcessStats(  341): Skipping unknown process pid 24668
03-28 03:19:22.527 W/ThrottleService(  341): unable to find stats for iface rmnet0
03-28 03:21:05.308 W/ProcessStats(  341): Skipping unknown process pid 25283
03-28 03:22:16.367 D/GSM     (  560): [GsmDCT] handleMessage msg={ what=270368 when=-1ms arg1=1 }
03-28 03:23:19.218 W/ActivityManager(  341): Unable to start service Intent { cmp=com.aware/.Applications }: not found
03-28 03:26:05.110 W/ProcessStats(  341): Skipping unknown process pid 26453
03-28 03:26:05.110 W/ProcessStats(  341): Skipping unknown process pid 26469
03-28 03:28:19.221 W/ActivityManager(  341): Unable to start service Intent { cmp=com.aware/.Applications }: not found
03-28 03:29:22.533 W/ThrottleService(  341): unable to find stats for iface rmnet0
03-28 03:30:05.324 W/ProcessStats(  341): Skipping unknown process pid 27390
03-28 03:32:05.131 W/ProcessStats(  341): Skipping unknown process pid 27857
03-28 03:32:05.131 W/ProcessStats(  341): Skipping unknown process pid 27871
03-28 03:33:19.224 W/ActivityManager(  341): Unable to start service Intent { cmp=com.aware/.Applications }: not found
03-28 03:38:05.102 W/ProcessStats(  341): Skipping unknown process pid 29260
03-28 03:38:05.102 W/ProcessStats(  341): Skipping unknown process pid 29276
03-28 03:38:19.216 W/ActivityManager(  341): Unable to start service Intent { cmp=com.aware/.Applications }: not found
03-28 03:39:22.538 W/ThrottleService(  341): unable to find stats for iface rmnet0
03-28 03:43:19.219 W/ActivityManager(  341): Unable to start service Intent { cmp=com.aware/.Applications }: not found
03-28 03:44:05.074 W/ProcessStats(  341): Skipping unknown process pid 30664
03-28 03:44:05.084 W/ProcessStats(  341): Skipping unknown process pid 30682
03-28 03:47:05.179 W/ProcessStats(  341): Skipping unknown process pid 31364
03-28 03:47:05.179 W/ProcessStats(  341): Skipping unknown process pid 31373
03-28 03:48:19.222 W/ActivityManager(  341): Unable to start service Intent { cmp=com.aware/.Applications }: not found
03-28 03:49:22.543 W/ThrottleService(  341): unable to find stats for iface rmnet0
03-28 03:50:05.255 W/ProcessStats(  341): Skipping unknown process pid 32065
03-28 03:50:05.255 W/ProcessStats(  341): Skipping unknown process pid 32070
03-28 03:52:16.353 D/GSM     (  560): [GsmDCT] handleMessage msg={ what=270368 when=0 arg1=1 }
03-28 03:53:05.161 W/ProcessStats(  341): Skipping unknown process pid 301
03-28 03:53:19.224 W/ActivityManager(  341): Unable to start service Intent { cmp=com.aware/.Applications }: not found
03-28 03:56:05.266 W/ProcessStats(  341): Skipping unknown process pid 1170
03-28 03:58:19.217 W/ActivityManager(  341): Unable to start service Intent { cmp=com.aware/.Applications }: not found
03-28 03:59:05.212 W/ProcessStats(  341): Skipping unknown process pid 1873
03-28 03:59:05.222 W/ProcessStats(  341): Skipping unknown process pid 1880
03-28 03:59:22.539 W/ThrottleService(  341): unable to find stats for iface rmnet0
03-28 04:02:05.197 W/ProcessStats(  341): Skipping unknown process pid 2576
03-28 04:03:19.220 W/ActivityManager(  341): Unable to start service Intent { cmp=com.aware/.Applications }: not found
03-28 04:07:15.550 W/ProcessStats(  341): Skipping unknown process pid 3785
03-28 04:08:19.222 W/ActivityManager(  341): Unable to start service Intent { cmp=com.aware/.Applications }: not found
03-28 04:09:22.544 W/ThrottleService(  341): unable to find stats for iface rmnet0
03-28 04:11:26.705 W/ProcessStats(  341): Skipping unknown process pid 4760
03-28 04:11:26.705 W/ProcessStats(  341): Skipping unknown process pid 4761
03-28 04:13:19.225 W/ActivityManager(  341): Unable to start service Intent { cmp=com.aware/.Applications }: not found
03-28 04:16:26.508 W/ProcessStats(  341): Skipping unknown process pid 5961
03-28 04:16:26.508 W/ProcessStats(  341): Skipping unknown process pid 5968
03-28 04:18:19.218 W/ActivityManager(  341): Unable to start service Intent { cmp=com.aware/.Applications }: not found
03-28 04:19:22.549 W/ThrottleService(  341): unable to find stats for iface rmnet0
03-28 04:19:26.533 W/ProcessStats(  341): Skipping unknown process pid 6667
03-28 04:22:16.349 D/GSM     (  560): [GsmDCT] handleMessage msg={ what=270368 when=0 arg1=1 }
03-28 04:22:26.509 W/ProcessStats(  341): Skipping unknown process pid 7367
03-28 04:23:19.220 W/ActivityManager(  341): Unable to start service Intent { cmp=com.aware/.Applications }: not found
03-28 04:25:26.535 W/ProcessStats(  341): Skipping unknown process pid 8134
03-28 04:26:16.413 W/ProcessStats(  341): Skipping unknown process pid 8399
03-28 04:28:19.223 W/ActivityManager(  341): Unable to start service Intent { cmp=com.aware/.Applications }: not found
03-28 04:29:22.555 W/ThrottleService(  341): unable to find stats for iface rmnet0
03-28 04:31:26.586 W/ProcessStats(  341): Skipping unknown process pid 9643
03-28 04:33:19.226 W/ActivityManager(  341): Unable to start service Intent { cmp=com.aware/.Applications }: not found
03-28 04:34:26.521 W/ProcessStats(  341): Skipping unknown process pid 10343
03-28 04:34:26.521 W/ProcessStats(  341): Skipping unknown process pid 10350
03-28 04:37:26.397 W/ProcessStats(  341): Skipping unknown process pid 11044
03-28 04:37:26.397 W/ProcessStats(  341): Skipping unknown process pid 11062
03-28 04:38:19.218 W/ActivityManager(  341): Unable to start service Intent { cmp=com.aware/.Applications }: not found
03-28 04:39:22.550 W/ThrottleService(  341): unable to find stats for iface rmnet0
03-28 04:41:26.551 W/ProcessStats(  341): Skipping unknown process pid 11982
03-28 04:43:19.221 W/ActivityManager(  341): Unable to start service Intent { cmp=com.aware/.Applications }: not found
03-28 04:44:26.617 W/ProcessStats(  341): Skipping unknown process pid 12683
03-28 04:46:26.414 W/ProcessStats(  341): Skipping unknown process pid 13151
03-28 04:46:26.414 W/ProcessStats(  341): Skipping unknown process pid 13168
03-28 04:48:19.224 W/ActivityManager(  341): Unable to start service Intent { cmp=com.aware/.Applications }: not found
03-28 04:48:37.712 W/ProcessStats(  341): Skipping unknown process pid 13660
03-28 04:48:37.712 W/ProcessStats(  341): Skipping unknown process pid 13674
03-28 04:49:22.556 W/ThrottleService(  341): unable to find stats for iface rmnet0
03-28 04:52:16.365 D/GSM     (  560): [GsmDCT] handleMessage msg={ what=270368 when=-1ms arg1=1 }
03-28 04:53:19.216 W/ActivityManager(  341): Unable to start service Intent { cmp=com.aware/.Applications }: not found
03-28 04:58:19.219 W/ActivityManager(  341): Unable to start service Intent { cmp=com.aware/.Applications }: not found
03-28 04:59:22.561 W/ThrottleService(  341): unable to find stats for iface rmnet0
03-28 05:03:19.352 W/ActivityManager(  341): Unable to start service Intent { cmp=com.aware/.Applications }: not found
03-28 05:04:37.678 W/ProcessStats(  341): Skipping unknown process pid 17400
03-28 05:04:37.678 W/ProcessStats(  341): Skipping unknown process pid 17417
03-28 05:08:19.224 W/ActivityManager(  341): Unable to start service Intent { cmp=com.aware/.Applications }: not found
03-28 05:09:22.566 W/ThrottleService(  341): unable to find stats for iface rmnet0
03-28 05:13:19.217 W/ActivityManager(  341): Unable to start service Intent { cmp=com.aware/.Applications }: not found
03-28 05:13:37.655 W/ProcessStats(  341): Skipping unknown process pid 19506
03-28 05:13:37.665 W/ProcessStats(  341): Skipping unknown process pid 19524
03-28 05:18:19.220 W/ActivityManager(  341): Unable to start service Intent { cmp=com.aware/.Applications }: not found
03-28 05:19:22.572 W/ThrottleService(  341): unable to find stats for iface rmnet0
03-28 05:22:16.351 D/GSM     (  560): [GsmDCT] handleMessage msg={ what=270368 when=0 arg1=1 }
03-28 05:22:57.702 W/ProcessStats(  341): Skipping unknown process pid 21691
03-28 05:22:57.702 W/ProcessStats(  341): Skipping unknown process pid 21697
03-28 05:23:19.223 W/ActivityManager(  341): Unable to start service Intent { cmp=com.aware/.Applications }: not found
03-28 05:25:37.708 W/ProcessStats(  341): Skipping unknown process pid 22316
03-28 05:25:37.708 W/ProcessStats(  341): Skipping unknown process pid 22331
03-28 05:28:19.225 W/ActivityManager(  341): Unable to start service Intent { cmp=com.aware/.Applications }: not found
03-28 05:29:22.567 W/ThrottleService(  341): unable to find stats for iface rmnet0
03-28 05:33:19.218 W/ActivityManager(  341): Unable to start service Intent { cmp=com.aware/.Applications }: not found
03-28 05:36:37.732 W/ProcessStats(  341): Skipping unknown process pid 24886
03-28 05:36:37.732 W/ProcessStats(  341): Skipping unknown process pid 24900
03-28 05:38:19.211 W/ActivityManager(  341): Unable to start service Intent { cmp=com.aware/.Applications }: not found
03-28 05:39:22.582 W/ThrottleService(  341): unable to find stats for iface rmnet0
03-28 05:40:37.916 W/ProcessStats(  341): Skipping unknown process pid 25823
03-28 05:43:19.213 W/ActivityManager(  341): Unable to start service Intent { cmp=com.aware/.Applications }: not found
03-28 05:48:19.206 W/ActivityManager(  341): Unable to start service Intent { cmp=com.aware/.Applications }: not found
03-28 05:48:37.744 W/ProcessStats(  341): Skipping unknown process pid 27696
03-28 05:48:37.744 W/ProcessStats(  341): Skipping unknown process pid 27709
03-28 05:49:22.578 W/ThrottleService(  341): unable to find stats for iface rmnet0
03-28 05:51:37.900 W/ProcessStats(  341): Skipping unknown process pid 28396
03-28 05:52:16.477 D/GSM     (  560): [GsmDCT] handleMessage msg={ what=270368 when=0 arg1=1 }
03-28 05:53:20.170 W/ActivityManager(  341): Unable to start service Intent { cmp=com.aware/.Applications }: not found
03-28 05:54:37.815 W/ProcessStats(  341): Skipping unknown process pid 29098
03-28 05:54:37.815 W/ProcessStats(  341): Skipping unknown process pid 29105
03-28 05:57:37.791 W/ProcessStats(  341): Skipping unknown process pid 29799
03-28 05:57:37.791 W/ProcessStats(  341): Skipping unknown process pid 29808
03-28 05:58:19.211 W/ActivityManager(  341): Unable to start service Intent { cmp=com.aware/.Applications }: not found
03-28 05:59:22.593 W/ThrottleService(  341): unable to find stats for iface rmnet0
03-28 06:00:37.897 W/ProcessStats(  341): Skipping unknown process pid 30503
03-28 06:03:19.204 W/ActivityManager(  341): Unable to start service Intent { cmp=com.aware/.Applications }: not found
03-28 06:07:05.114 W/ProcessStats(  341): Skipping unknown process pid 31998
03-28 06:07:05.114 W/ProcessStats(  341): Skipping unknown process pid 32015
03-28 06:08:19.337 W/ActivityManager(  341): Unable to start service Intent { cmp=com.aware/.Applications }: not found
03-28 06:09:22.589 W/ThrottleService(  341): unable to find stats for iface rmnet0
03-28 06:13:19.219 W/ActivityManager(  341): Unable to start service Intent { cmp=com.aware/.Applications }: not found
03-28 06:15:08.246 I/ActivityManager(  341): Process com.google.process.location (pid 5310) has died.
03-28 06:15:08.256 I/LocationManagerService(  341): remove passive (pid 341), next minTime = 0
03-28 06:15:08.256 W/ActivityManager(  341): Scheduling restart of crashed service com.google.android.gms/com.google.android.location.reporting.service.DispatchingService in 5000ms
03-28 06:15:08.256 W/ActivityManager(  341): Scheduling restart of crashed service com.google.android.gms/com.google.android.location.internal.GoogleLocationManagerService in 15000ms
03-28 06:15:08.256 W/ActivityManager(  341): Scheduling restart of crashed service com.google.android.gms/com.google.android.location.fused.NlpLocationReceiverService in 25000ms
03-28 06:15:13.311 I/ActivityManager(  341): Start proc com.google.process.location for service com.google.android.gms/com.google.android.location.reporting.service.DispatchingService: pid=1612 uid=10048 gids={3003, 1015, 1028, 1007, 3002, 3001, 1006, 2001, 3006}
03-28 06:15:13.921 I/LocationManagerService(  341): request passive (pid 1612) 0 0
03-28 06:15:14.262 I/ActivityManager(  341): Process com.bel.android.dspmanager (pid 5379) has died.
03-28 06:15:14.262 W/ActivityManager(  341): Scheduling restart of crashed service com.bel.android.dspmanager/.service.HeadsetService in 5000ms
03-28 06:15:19.317 I/ActivityManager(  341): Start proc com.bel.android.dspmanager for service com.bel.android.dspmanager/.service.HeadsetService: pid=1662 uid=10013 gids={3002, 1028}
03-28 06:15:19.957 I/ActivityManager(  341): Process com.cyanogenmod.updater (pid 8285) has died.
03-28 06:15:20.658 I/ActivityManager(  341): Process com.android.settings (pid 8318) has died.
03-28 06:15:26.694 W/ProcessStats(  341): Skipping unknown process pid 1697
03-28 06:18:19.262 W/ActivityManager(  341): Unable to start service Intent { cmp=com.aware/.Applications }: not found
03-28 06:19:22.594 W/ThrottleService(  341): unable to find stats for iface rmnet0
03-28 06:22:16.383 D/GSM     (  560): [GsmDCT] handleMessage msg={ what=270368 when=0 arg1=1 }
03-28 06:22:37.714 W/ProcessStats(  341): Skipping unknown process pid 3371
03-28 06:22:37.714 W/ProcessStats(  341): Skipping unknown process pid 3386
03-28 06:23:19.285 W/ActivityManager(  341): Unable to start service Intent { cmp=com.aware/.Applications }: not found
03-28 06:26:37.818 W/ProcessStats(  341): Skipping unknown process pid 4311
03-28 06:28:19.217 W/ActivityManager(  341): Unable to start service Intent { cmp=com.aware/.Applications }: not found
03-28 06:29:22.599 W/ThrottleService(  341): unable to find stats for iface rmnet0
03-28 06:29:37.884 W/ProcessStats(  341): Skipping unknown process pid 5015
03-28 06:33:19.320 W/ActivityManager(  341): Unable to start service Intent { cmp=com.aware/.Applications }: not found
03-28 06:38:19.273 W/ActivityManager(  341): Unable to start service Intent { cmp=com.aware/.Applications }: not found
03-28 06:39:22.605 W/ThrottleService(  341): unable to find stats for iface rmnet0
03-28 06:43:19.205 W/ActivityManager(  341): Unable to start service Intent { cmp=com.aware/.Applications }: not found
03-28 06:43:24.290 W/ProcessStats(  341): Skipping unknown process pid 8297
03-28 06:43:24.300 W/ProcessStats(  341): Skipping unknown process pid 8321
03-28 06:48:19.218 W/ActivityManager(  341): Unable to start service Intent { cmp=com.aware/.Applications }: not found
03-28 06:49:22.600 W/ThrottleService(  341): unable to find stats for iface rmnet0
03-28 06:50:26.622 W/ProcessStats(  341): Skipping unknown process pid 10016
03-28 06:52:16.360 D/GSM     (  560): [GsmDCT] handleMessage msg={ what=270368 when=0 arg1=1 }
03-28 06:52:16.410 I/ActivityManager(  341): Start proc android.process.acore for content provider com.android.providers.contacts/.ContactsProvider2: pid=10462 uid=10001 gids={3003, 1015, 1028}
03-28 06:52:16.660 I/ActivityManager(  341): Process android.process.media (pid 8301) has died.
03-28 06:52:17.721 I/ActivityManager(  341): Process com.google.android.apps.uploader (pid 8364) has died.
03-28 06:52:17.871 I/ActivityManager(  341): Process com.google.android.gms (pid 8378) has died.
03-28 06:52:18.061 I/LocationManagerService(  341): remove passive (pid 341), next minTime = 0
03-28 06:52:18.061 I/ActivityManager(  341): Process com.google.process.location (pid 1612) has died.
03-28 06:52:18.071 W/ActivityManager(  341): Scheduling restart of crashed service com.google.android.gms/com.google.android.location.reporting.service.DispatchingService in 5000ms
03-28 06:52:18.071 W/ActivityManager(  341): Scheduling restart of crashed service com.google.android.gms/com.google.android.location.internal.GoogleLocationManagerService in 15000ms
03-28 06:52:18.071 W/ActivityManager(  341): Scheduling restart of crashed service com.google.android.gms/com.google.android.location.fused.NlpLocationReceiverService in 25000ms
03-28 06:52:23.076 I/ActivityManager(  341): Start proc com.google.process.location for service com.google.android.gms/com.google.android.location.reporting.service.DispatchingService: pid=10500 uid=10048 gids={3003, 1015, 1028, 1007, 3002, 3001, 1006, 2001, 3006}
03-28 06:52:23.567 I/ActivityManager(  341): Start proc com.google.android.gms for broadcast com.google.android.gms/.init.InitializeGmsReceiver: pid=10514 uid=10048 gids={3003, 1015, 1028, 1007, 3002, 3001, 1006, 2001, 3006}
03-28 06:52:23.987 I/LocationManagerService(  341): request passive (pid 10500) 0 0
03-28 06:52:24.497 I/ActivityManager(  341): Process com.bel.android.dspmanager (pid 1662) has died.
03-28 06:52:24.497 W/ActivityManager(  341): Scheduling restart of crashed service com.bel.android.dspmanager/.service.HeadsetService in 5000ms
03-28 06:52:28.852 I/ActivityManager(  341): Process android.process.acore (pid 10462) has died.
03-28 06:52:29.562 I/ActivityManager(  341): Start proc com.bel.android.dspmanager for service com.bel.android.dspmanager/.service.HeadsetService: pid=10568 uid=10013 gids={3002, 1028}
03-28 06:53:19.221 W/ActivityManager(  341): Unable to start service Intent { cmp=com.aware/.Applications }: not found
03-28 06:58:19.224 W/ActivityManager(  341): Unable to start service Intent { cmp=com.aware/.Applications }: not found
03-28 06:59:22.615 W/ThrottleService(  341): unable to find stats for iface rmnet0
03-28 06:59:26.609 W/ProcessStats(  341): Skipping unknown process pid 12201
03-28 07:03:19.216 W/ActivityManager(  341): Unable to start service Intent { cmp=com.aware/.Applications }: not found
03-28 07:08:19.219 W/ActivityManager(  341): Unable to start service Intent { cmp=com.aware/.Applications }: not found
03-28 07:09:22.611 W/ThrottleService(  341): unable to find stats for iface rmnet0
03-28 07:13:19.222 W/ActivityManager(  341): Unable to start service Intent { cmp=com.aware/.Applications }: not found
03-28 07:18:19.234 W/ActivityManager(  341): Unable to start service Intent { cmp=com.aware/.Applications }: not found
03-28 07:18:37.692 W/ProcessStats(  341): Skipping unknown process pid 16686
03-28 07:18:37.692 W/ProcessStats(  341): Skipping unknown process pid 16701
03-28 07:19:22.606 W/ThrottleService(  341): unable to find stats for iface rmnet0
03-28 07:22:16.366 D/GSM     (  560): [GsmDCT] handleMessage msg={ what=270368 when=0 arg1=1 }
03-28 07:23:19.217 W/ActivityManager(  341): Unable to start service Intent { cmp=com.aware/.Applications }: not found
03-28 07:26:17.341 W/ProcessStats(  341): Skipping unknown process pid 18475
03-28 07:28:19.220 W/ActivityManager(  341): Unable to start service Intent { cmp=com.aware/.Applications }: not found
03-28 07:29:22.611 W/ThrottleService(  341): unable to find stats for iface rmnet0
03-28 07:33:19.222 W/ActivityManager(  341): Unable to start service Intent { cmp=com.aware/.Applications }: not found
03-28 07:36:37.786 W/ProcessStats(  341): Skipping unknown process pid 20899
03-28 07:36:37.786 W/ProcessStats(  341): Skipping unknown process pid 20907
03-28 07:37:18.075 W/ProcessStats(  341): Skipping unknown process pid 21053
03-28 07:37:18.075 W/ProcessStats(  341): Skipping unknown process pid 21068
03-28 07:38:19.225 W/ActivityManager(  341): Unable to start service Intent { cmp=com.aware/.Applications }: not found
03-28 07:39:22.607 W/ThrottleService(  341): unable to find stats for iface rmnet0
03-28 07:39:37.922 W/ProcessStats(  341): Skipping unknown process pid 21602
03-28 07:42:37.717 W/ProcessStats(  341): Skipping unknown process pid 22302
03-28 07:42:37.717 W/ProcessStats(  341): Skipping unknown process pid 22315
03-28 07:43:19.218 W/ActivityManager(  341): Unable to start service Intent { cmp=com.aware/.Applications }: not found
03-28 07:48:19.330 W/ActivityManager(  341): Unable to start service Intent { cmp=com.aware/.Applications }: not found
03-28 07:49:22.612 W/ThrottleService(  341): unable to find stats for iface rmnet0
03-28 07:52:16.432 D/GSM     (  560): [GsmDCT] handleMessage msg={ what=270368 when=-1ms arg1=1 }
03-28 07:53:19.193 W/ActivityManager(  341): Unable to start service Intent { cmp=com.aware/.Applications }: not found
03-28 07:53:24.378 W/ProcessStats(  341): Skipping unknown process pid 24816
03-28 07:53:24.388 W/ProcessStats(  341): Skipping unknown process pid 24821
03-28 07:58:19.226 W/ActivityManager(  341): Unable to start service Intent { cmp=com.aware/.Applications }: not found
03-28 07:59:22.618 W/ThrottleService(  341): unable to find stats for iface rmnet0
03-28 08:02:24.165 W/ProcessStats(  341): Skipping unknown process pid 26919
03-28 08:02:24.165 W/ProcessStats(  341): Skipping unknown process pid 26935
03-28 08:03:19.168 W/ActivityManager(  341): Unable to start service Intent { cmp=com.aware/.Applications }: not found
03-28 08:08:19.211 W/ActivityManager(  341): Unable to start service Intent { cmp=com.aware/.Applications }: not found
03-28 08:09:22.623 W/ThrottleService(  341): unable to find stats for iface rmnet0
03-28 08:13:19.914 W/ActivityManager(  341): Unable to start service Intent { cmp=com.aware/.Applications }: not found
03-28 08:15:05.077 W/ProcessStats(  341): Skipping unknown process pid 29881
03-28 08:15:05.077 W/ProcessStats(  341): Skipping unknown process pid 29898
03-28 08:18:19.216 W/ActivityManager(  341): Unable to start service Intent { cmp=com.aware/.Applications }: not found
03-28 08:19:05.291 W/ProcessStats(  341): Skipping unknown process pid 30817
03-28 08:19:22.628 W/ThrottleService(  341): unable to find stats for iface rmnet0
03-28 08:22:16.348 D/GSM     (  560): [GsmDCT] handleMessage msg={ what=270368 when=0 arg1=1 }
03-28 08:23:19.219 W/ActivityManager(  341): Unable to start service Intent { cmp=com.aware/.Applications }: not found
03-28 08:24:05.094 W/ProcessStats(  341): Skipping unknown process pid 31985
03-28 08:24:05.094 W/ProcessStats(  341): Skipping unknown process pid 32002
03-28 08:28:19.222 W/ActivityManager(  341): Unable to start service Intent { cmp=com.aware/.Applications }: not found
03-28 08:29:22.634 W/ThrottleService(  341): unable to find stats for iface rmnet0
03-28 08:33:19.204 W/ActivityManager(  341): Unable to start service Intent { cmp=com.aware/.Applications }: not found
03-28 08:33:37.672 W/ProcessStats(  341): Skipping unknown process pid 1909
03-28 08:33:37.672 W/ProcessStats(  341): Skipping unknown process pid 1924
03-28 08:38:19.217 W/ActivityManager(  341): Unable to start service Intent { cmp=com.aware/.Applications }: not found
03-28 08:39:22.629 W/ThrottleService(  341): unable to find stats for iface rmnet0
03-28 08:43:19.220 W/ActivityManager(  341): Unable to start service Intent { cmp=com.aware/.Applications }: not found
03-28 08:46:37.864 W/ProcessStats(  341): Skipping unknown process pid 4954
03-28 08:48:19.213 W/ActivityManager(  341): Unable to start service Intent { cmp=com.aware/.Applications }: not found
03-28 08:49:22.634 W/ThrottleService(  341): unable to find stats for iface rmnet0
03-28 08:49:37.819 W/ProcessStats(  341): Skipping unknown process pid 5655
03-28 08:49:37.829 W/ProcessStats(  341): Skipping unknown process pid 5661
03-28 08:52:16.354 D/GSM     (  560): [GsmDCT] handleMessage msg={ what=270368 when=0 arg1=1 }
03-28 08:53:19.225 W/ActivityManager(  341): Unable to start service Intent { cmp=com.aware/.Applications }: not found
03-28 08:53:37.873 W/ProcessStats(  341): Skipping unknown process pid 6591
03-28 08:58:19.218 W/ActivityManager(  341): Unable to start service Intent { cmp=com.aware/.Applications }: not found
03-28 08:59:22.640 W/ThrottleService(  341): unable to find stats for iface rmnet0
03-28 09:03:19.221 W/ActivityManager(  341): Unable to start service Intent { cmp=com.aware/.Applications }: not found
03-28 09:08:19.313 W/ActivityManager(  341): Unable to start service Intent { cmp=com.aware/.Applications }: not found
03-28 09:09:22.645 W/ThrottleService(  341): unable to find stats for iface rmnet0
03-28 09:11:54.043 W/ProcessStats(  341): Skipping unknown process pid 11016
03-28 09:11:54.043 W/ProcessStats(  341): Skipping unknown process pid 11031
03-28 09:13:19.216 W/ActivityManager(  341): Unable to start service Intent { cmp=com.aware/.Applications }: not found
03-28 09:18:19.199 W/ActivityManager(  341): Unable to start service Intent { cmp=com.aware/.Applications }: not found
03-28 09:18:24.244 W/ProcessStats(  341): Skipping unknown process pid 12538
03-28 09:18:24.244 W/ProcessStats(  341): Skipping unknown process pid 12555
03-28 09:19:22.641 W/ThrottleService(  341): unable to find stats for iface rmnet0
03-28 09:22:16.390 D/GSM     (  560): [GsmDCT] handleMessage msg={ what=270368 when=0 arg1=1 }
03-28 09:23:19.171 W/ActivityManager(  341): Unable to start service Intent { cmp=com.aware/.Applications }: not found
03-28 09:23:24.426 W/ProcessStats(  341): Skipping unknown process pid 13713
03-28 09:28:19.174 W/ActivityManager(  341): Unable to start service Intent { cmp=com.aware/.Applications }: not found
03-28 09:28:24.229 W/ProcessStats(  341): Skipping unknown process pid 14882
03-28 09:28:24.239 W/ProcessStats(  341): Skipping unknown process pid 14900
03-28 09:29:22.646 W/ThrottleService(  341): unable to find stats for iface rmnet0
03-28 09:33:19.277 W/ActivityManager(  341): Unable to start service Intent { cmp=com.aware/.Applications }: not found
03-28 09:38:19.219 W/ActivityManager(  341): Unable to start service Intent { cmp=com.aware/.Applications }: not found
03-28 09:39:22.651 W/ThrottleService(  341): unable to find stats for iface rmnet0
03-28 09:43:19.342 W/ActivityManager(  341): Unable to start service Intent { cmp=com.aware/.Applications }: not found
03-28 09:46:26.485 W/ProcessStats(  341): Skipping unknown process pid 19085
03-28 09:46:26.485 W/ProcessStats(  341): Skipping unknown process pid 19095
03-28 09:48:19.225 W/ActivityManager(  341): Unable to start service Intent { cmp=com.aware/.Applications }: not found
03-28 09:49:22.647 W/ThrottleService(  341): unable to find stats for iface rmnet0
03-28 09:49:26.390 W/ProcessStats(  341): Skipping unknown process pid 19787
03-28 09:49:26.400 W/ProcessStats(  341): Skipping unknown process pid 19805
03-28 09:52:16.346 D/GSM     (  560): [GsmDCT] handleMessage msg={ what=270368 when=0 arg1=1 }
03-28 09:53:19.217 W/ActivityManager(  341): Unable to start service Intent { cmp=com.aware/.Applications }: not found
03-28 09:55:29.845 I/ActivityManager(  341): Process com.google.android.gms (pid 10514) has died.
03-28 09:55:29.965 D/RILJ    (  560): [0120]> SCREEN_STATE: true
03-28 09:55:29.975 D/GSM     (  560): [GsmDCT] onReceive: action=android.intent.action.SCREEN_ON
03-28 09:55:29.975 D/GSM     (  560): [GsmDCT] stopNetStatPoll
03-28 09:55:29.975 D/GSM     (  560): [GsmDCT] overall state is IDLE
03-28 09:55:30.005 D/HTC_RIL (  129): ril_func_screen_state_notified():called
03-28 09:55:30.005 I/HTC_RIL (  129): qcril_data_toggle_dormancy_indications():>>>>>> LOCK QCRIL_DATA MUTEX 4026081c
03-28 09:55:30.005 I/HTC_RIL (  129): qcril_data_toggle_dormancy_indications():LOCK QCRIL_DATA MUTEX 4026081c result=0
03-28 09:55:30.005 D/HTC_RIL (  129): qcril_data_toggle_dormancy_indications():Switch ON/OFF dormancy indications on all active interfaces
03-28 09:55:30.005 I/HTC_RIL (  129): qcril_data_toggle_dormancy_indications():<<<<<< UNLOCK QCRIL_DATA MUTEX 4026081c
03-28 09:55:30.005 I/HTC_RIL (  129): qcril_data_toggle_dormancy_indications():UNLOCK QCRIL_DATA MUTEX 4026081c result=0
03-28 09:55:30.005 I/HTC_RIL (  129): qcril_data_toggle_dormancy_indications():qcril_data_toggle_dormancy_indications: EXIT with SUCCESS
03-28 09:55:30.005 D/HTC_RIL (  129): ril_func_screen_state_notified():Not found 'ether:' in USB_STATE_PATH
03-28 09:55:30.005 D/HTC_RIL (  129): fd_ballots():AP 0 votes to disable fast dormancy!
03-28 09:55:30.005 D/HTC_RIL (  129): (t=1395996930)>> AT+ENCSQ=1\r
03-28 09:55:30.005 D/HTC_RIL (  129): RX::> 0\r
03-28 09:55:30.005 D/HTC_RIL (  129): at_read_thread():Ready to enter at_channel_read
03-28 09:55:30.005 D/HTC_RIL (  129): (t=1395996930)<< 0\r
03-28 09:55:30.005 D/HTC_RIL (  129): (t=1395996930)>> AT+CREG=2\r
03-28 09:55:30.005 D/HTC_RIL (  129): RX::> 0\r
03-28 09:55:30.005 D/HTC_RIL (  129): at_read_thread():Ready to enter at_channel_read
03-28 09:55:30.005 D/HTC_RIL (  129): (t=1395996930)<< 0\r
03-28 09:55:30.005 D/HTC_RIL (  129): (t=1395996930)>> AT+CSQ\r
03-28 09:55:30.005 D/HTC_RIL (  129): RX::> +CSQ: 14,99\r\n0\r
03-28 09:55:30.005 D/HTC_RIL (  129): at_read_thread():Ready to enter at_channel_read
03-28 09:55:30.005 D/HTC_RIL (  129): (t=1395996930)<< +CSQ: 14,99\r\n0\r
03-28 09:55:30.005 D/HTC_RIL (  129): (t=1395996930)>> AT+CREG?\r
03-28 09:55:30.015 D/HTC_RIL (  129): RX::> +CREG: 2,1,"CEA5","0387EBAC"\r\n0\r
03-28 09:55:30.015 D/HTC_RIL (  129): at_read_thread():Ready to enter at_channel_read
03-28 09:55:30.015 D/HTC_RIL (  129): (t=1395996930)<< +CREG: 2,1,"CEA5","0387EBAC"\r\n0\r
03-28 09:55:30.015 D/HTC_RIL (  129): (t=1395996930)>> AT+CGREG?\r
03-28 09:55:30.015 D/HTC_RIL (  129): RX::> +CGREG: 1,1\r\n0\r
03-28 09:55:30.015 D/HTC_RIL (  129): at_read_thread():Ready to enter at_channel_read
03-28 09:55:30.015 D/HTC_RIL (  129): (t=1395996930)<< +CGREG: 1,1\r\n0\r
03-28 09:55:30.015 D/HTC_RIL (  129): (t=1395996930)>> AT+COPS=3,2;+COPS?\r
03-28 09:55:30.015 D/HTC_RIL (  129): RX::> +COPS: 0,2,"26002",4\r\n0\r
03-28 09:55:30.015 D/HTC_RIL (  129): at_read_thread():Ready to enter at_channel_read
03-28 09:55:30.015 D/HTC_RIL (  129): (t=1395996930)<< +COPS: 0,2,"26002",4\r\n0\r
03-28 09:55:30.015 D/HTC_RIL (  129): (t=1395996930)>> AT@DISPLAYSTATE=1\r
03-28 09:55:30.015 D/HTC_RIL (  129): RX::> 0\r
03-28 09:55:30.015 D/HTC_RIL (  129): at_read_thread():Ready to enter at_channel_read
03-28 09:55:30.015 D/HTC_RIL (  129): (t=1395996930)<< 0\r
03-28 09:55:30.015 D/HTC_RIL (  129): (t=1395996930)>> AT@HTCGFSET=2\r
03-28 09:55:30.015 D/HTC_RIL (  129): RX::> 0\r
03-28 09:55:30.015 D/HTC_RIL (  129): at_read_thread():Ready to enter at_channel_read
03-28 09:55:30.015 D/HTC_RIL (  129): (t=1395996930)<< 0\r
03-28 09:55:30.015 D/HTC_RIL (  129): (t=1395996930)>> AT@HTCPDPFD=0\r
03-28 09:55:30.015 D/HTC_RIL (  129): RX::> @PDPFD: garbage_count=0\r\n0\r
03-28 09:55:30.015 D/HTC_RIL (  129): (t=1395996930)XX @PDPFD: garbage_count=0\r\n
03-28 09:55:30.015 D/HTC_RIL (  129): at_read_thread():Ready to enter at_channel_read
03-28 09:55:30.015 D/HTC_RIL (  129): (t=1395996930)<< 0\r
03-28 09:55:30.015 D/HTC_RIL (  129): (t=1395996930)>> AT+HTCPDPFD=0\r
03-28 09:55:30.015 D/HTC_RIL (  129): RX::> 4\r
03-28 09:55:30.015 D/HTC_RIL (  129): at_read_thread():Ready to enter at_channel_read
03-28 09:55:30.015 D/HTC_RIL (  129): (t=1395996930)<< 4\r
03-28 09:55:30.035 D/RILJ    (  560): [0120]< SCREEN_STATE error: com.android.internal.telephony.CommandException: GENERIC_FAILURE
03-28 09:55:30.075 I/WindowManager(  341): Lock screen displayed!
03-28 09:55:31.006 D/PhoneStatusBar(  441): disable: < expand icons alerts ticker system_info BACK HOME recent* CLOCK >
03-28 09:55:31.216 D/PhoneStatusBar(  441): disable: < expand icons alerts ticker system_info back* home* recent clock* >
03-28 09:55:31.707 W/InputMethodManagerService(  341): Window already focused, ignoring focus gain of: com.android.internal.view.IInputMethodClient$Stub$Proxy@41320890 attribute=android.view.inputmethod.EditorInfo@410173e8
03-28 09:55:31.897 I/ActivityManager(  341): Process com.google.process.location (pid 10500) has died.
03-28 09:55:31.907 W/ActivityManager(  341): Scheduling restart of crashed service com.google.android.gms/com.google.android.location.reporting.service.DispatchingService in 5000ms
03-28 09:55:31.907 W/ActivityManager(  341): Scheduling restart of crashed service com.google.android.gms/com.google.android.location.internal.GoogleLocationManagerService in 15000ms
03-28 09:55:31.907 W/ActivityManager(  341): Scheduling restart of crashed service com.google.android.gms/com.google.android.location.fused.NlpLocationReceiverService in 25000ms
03-28 09:55:31.907 I/LocationManagerService(  341): remove passive (pid 341), next minTime = 0
03-28 09:55:32.327 D/HTC_RIL (  129): RX::> +HTCUCSQ: 8\r\n
03-28 09:55:32.327 D/HTC_RIL (  129): (t=1395996932)%% +HTCUCSQ: 8\r\n
03-28 09:55:32.327 D/HTC_RIL (  129): at_read_thread():Ready to enter at_channel_read
03-28 09:55:32.517 I/ActivityManager(  341): START {act=android.intent.action.MAIN cat=[android.intent.category.HOME] flg=0x10200000 cmp=com.cyanogenmod.trebuchet/.Launcher u=0} from pid 341
03-28 09:55:32.608 I/ActivityManager(  341): Start proc com.cyanogenmod.trebuchet for activity com.cyanogenmod.trebuchet/.Launcher: pid=21251 uid=10042 gids={1028}
03-28 09:55:32.638 I/UsageStats(  341): Deleting usage file : usage-20140321
03-28 09:55:34.319 I/ActivityManager(  341): Process com.bel.android.dspmanager (pid 10568) has died.
03-28 09:55:34.319 W/ActivityManager(  341): Scheduling restart of crashed service com.bel.android.dspmanager/.service.HeadsetService in 32587ms
03-28 09:55:34.429 I/ActivityManager(  341): Start proc com.android.deskclock for broadcast com.android.deskclock/com.android.alarmclock.AnalogAppWidgetProvider: pid=21278 uid=10015 gids={1028}
03-28 09:55:34.730 I/ActivityManager(  341): Process com.google.process.gapps (pid 8020) has died.
03-28 09:55:34.730 W/ActivityManager(  341): Scheduling restart of crashed service com.google.android.gsf/.gtalkservice.service.GTalkService in 42181ms
03-28 09:55:34.730 W/ActivityManager(  341): Scheduling restart of crashed service com.google.android.gms/.gcm.GcmService in 52181ms
03-28 09:55:34.740 W/ActivityManager(  341): Scheduling restart of crashed service com.google.android.location/.NetworkLocationService in 52170ms
03-28 09:55:34.970 W/ActivityManager(  341): Permission denied: checkComponentPermission() owningUid=1000
03-28 09:55:34.970 W/BroadcastQueue(  341): Permission Denial: broadcasting Intent { act=android.appwidget.action.APPWIDGET_UPDATE_OPTIONS flg=0x10 cmp=com.android.settings/.widget.SettingsAppWidgetProvider (has extras) } from android (pid=21251, uid=10042) is not exported from uid 1000 due to receiver com.android.settings/com.android.settings.widget.SettingsAppWidgetProvider
03-28 09:55:36.942 I/ActivityManager(  341): Start proc com.google.process.location for service com.google.android.gms/com.google.android.location.reporting.service.DispatchingService: pid=21318 uid=10048 gids={3003, 1015, 1028, 1007, 3002, 3001, 1006, 2001, 3006}
03-28 09:55:37.022 I/ActivityManager(  341): Process com.android.deskclock (pid 21278) has died.
03-28 09:55:37.362 I/ActivityManager(  341): Start proc com.google.android.gms for broadcast com.google.android.gms/.init.InitializeGmsReceiver: pid=21333 uid=10048 gids={3003, 1015, 1028, 1007, 3002, 3001, 1006, 2001, 3006}
03-28 09:55:37.462 I/ActivityManager(  341): Start proc com.google.process.gapps for content provider com.google.android.gsf/.gservices.GservicesProvider: pid=21345 uid=10048 gids={3003, 1015, 1028, 1007, 3002, 3001, 1006, 2001, 3006}
03-28 09:55:37.723 I/WindowState(  341): WIN DEATH: Window{410253b0 com.android.browser/com.android.browser.BrowserActivity paused=false}
03-28 09:55:37.723 I/ActivityManager(  341): Process com.android.browser (pid 7421) has died.
03-28 09:55:38.764 I/LocationManagerService(  341): request passive (pid 21318) 0 0
03-28 09:55:40.165 I/ActivityManager(  341): Applications Memory Usage (kB):
03-28 09:55:40.165 I/ActivityManager(  341): Uptime: 62023681 Realtime: 69500762
03-28 09:55:40.165 I/ActivityManager(  341): Total PSS by OOM adjustment:
03-28 09:55:40.165 I/ActivityManager(  341):     26065 kB: System
03-28 09:55:40.165 I/ActivityManager(  341):                26065 kB: system (pid 341)
03-28 09:55:40.165 I/ActivityManager(  341):     32305 kB: Persistent
03-28 09:55:40.165 I/ActivityManager(  341):                25093 kB: com.android.systemui (pid 441)
03-28 09:55:40.165 I/ActivityManager(  341):                 7212 kB: com.android.phone (pid 560)
03-28 09:55:40.165 I/ActivityManager(  341):     44542 kB: Foreground
03-28 09:55:40.165 I/ActivityManager(  341):                29986 kB: com.cyanogenmod.trebuchet (pid 21251)
03-28 09:55:40.165 I/ActivityManager(  341):                 9458 kB: com.google.android.tts (pid 7475)
03-28 09:55:40.165 I/ActivityManager(  341):                 5098 kB: com.google.process.location (pid 21318)
03-28 09:55:40.165 I/ActivityManager(  341):     20199 kB: Visible
03-28 09:55:40.165 I/ActivityManager(  341):                17184 kB: com.aware (pid 9036)
03-28 09:55:40.165 I/ActivityManager(  341):                 3015 kB: com.android.smspush (pid 649)
03-28 09:55:40.165 I/ActivityManager(  341):      8944 kB: Perceptible
03-28 09:55:40.165 I/ActivityManager(  341):                 8944 kB: com.android.inputmethod.latin (pid 8319)
03-28 09:55:40.165 I/ActivityManager(  341): 
03-28 09:55:40.165 I/ActivityManager(  341): Total PSS: 132055 kB
03-28 09:55:40.165 I/ActivityManager(  341):       KSM: 0 kB saved from shared 0 kB
03-28 09:55:40.165 I/ActivityManager(  341):            0 kB unshared; 0 kB volatile
03-28 09:55:40.165 I/ActivityManager(  341):   PID      Vss      Rss      Pss      Uss  cmdline
03-28 09:55:40.165 I/ActivityManager(  341):   341   40012K   39936K   26097K   24004K  system_server
03-28 09:55:40.165 I/ActivityManager(  341):   441   57660K   38420K   25164K   23408K  com.android.systemui
03-28 09:55:40.165 I/ActivityManager(  341): 21251   53044K   40684K   24342K   21644K  com.cyanogenmod.trebuchet
03-28 09:55:40.165 I/ActivityManager(  341):  9036   32144K   32012K   17072K   14976K  com.aware
03-28 09:55:40.165 I/ActivityManager(  341): 21345   27728K   27580K   11085K    8296K  com.google.process.gapps
03-28 09:55:40.165 I/ActivityManager(  341): 21318   26896K   26752K   10248K    7304K  com.google.process.location
03-28 09:55:40.165 I/ActivityManager(  341):  8319   22936K   22820K    8885K    7324K  com.android.inputmethod.latin
03-28 09:55:40.165 I/ActivityManager(  341):   560   19480K   19344K    7274K    6080K  com.android.phone
03-28 09:55:40.165 I/ActivityManager(  341):  7475   19508K   19360K    6795K    5536K  com.google.android.tts
03-28 09:55:40.165 I/ActivityManager(  341): 21333   23244K   23064K    6737K    4148K  com.google.android.gms
03-28 09:55:40.165 I/ActivityManager(  341):   130   45620K    6728K    5989K    5840K  /system/bin/surfaceflinger
03-28 09:55:40.165 I/ActivityManager(  341):   133    4408K    3724K    3252K    3176K  /system/bin/mediaserver
03-28 09:55:40.165 I/ActivityManager(  341):   649   14336K   14180K    3169K    2004K  com.android.smspush
03-28 09:55:40.165 I/ActivityManager(  341):   131   14108K   13924K    2710K    1464K  zygote
03-28 09:55:40.165 I/ActivityManager(  341):   122    1336K    1336K    1196K    1192K  /system/bin/auditd
03-28 09:55:40.165 I/ActivityManager(  341):   132    1048K    1048K     770K     756K  /system/bin/drmserver
03-28 09:55:40.165 I/ActivityManager(  341):   129     920K     916K     675K     664K  /system/bin/rild
03-28 09:55:40.165 I/ActivityManager(  341): 21368     796K     796K     613K     572K  procrank
03-28 09:55:40.165 I/ActivityManager(  341):   436     752K     752K     539K     528K  /system/bin/wpa_supplicant
03-28 09:55:40.165 I/ActivityManager(  341):   127     736K     736K     527K     508K  /system/bin/netd
03-28 09:55:40.165 I/ActivityManager(  341):   125     500K     500K     326K     316K  /system/bin/vold
03-28 09:55:40.165 I/ActivityManager(  341):   136     448K     448K     279K     272K  /system/bin/keystore
03-28 09:55:40.165 I/ActivityManager(  341):   128     384K     384K     233K     228K  /system/bin/debuggerd
03-28 09:55:40.165 I/ActivityManager(  341):   597     380K     380K     228K     220K  /system/bin/dhcpcd
03-28 09:55:40.165 I/ActivityManager(  341):   138     360K     356K     209K     204K  /system/bin/netmgrd
03-28 09:55:40.165 I/ActivityManager(  341):   139     352K     348K     208K     204K  /system/bin/qmuxd
03-28 09:55:40.165 I/ActivityManager(  341):   141     212K     212K     192K     192K  /sbin/adbd
03-28 09:55:40.165 I/ActivityManager(  341):   811     364K     364K     183K     176K  /system/bin/mpdecision
03-28 09:55:40.165 I/ActivityManager(  341):     1     244K     244K     172K     128K  /init
03-28 09:55:40.165 I/ActivityManager(  341):   137     172K     172K     156K     156K  /system/bin/htcbatt
03-28 09:55:40.165 I/ActivityManager(  341):   814     300K     300K     149K     144K  /system/bin/thermald
03-28 09:55:40.165 I/ActivityManager(  341):   134     284K     280K     148K     144K  /system/bin/dbus-daemon
03-28 09:55:40.165 I/ActivityManager(  341):    98     184K     184K     136K      92K  /sbin/ueventd
03-28 09:55:40.165 I/ActivityManager(  341):   135     248K     244K     112K     108K  /system/bin/installd
03-28 09:55:40.165 I/ActivityManager(  341):   124     228K     228K     107K     104K  /system/bin/servicemanager
03-28 09:55:40.165 I/ActivityManager(  341):   126    6188K      44K      40K      40K  /system/bin/rmt_storage
03-28 09:55:40.165 I/ActivityManager(  341):                           ------   ------  ------
03-28 09:55:40.165 I/ActivityManager(  341):                          166034K  142152K  TOTAL
03-28 09:55:40.165 I/ActivityManager(  341): RAM: 596860K total, 33740K free, 648K buffers, 355184K cached, 298312K shmem, 17432K slab
03-28 09:55:40.755 I/ActivityManager(  341): START {act=android.intent.action.MAIN cat=[android.intent.category.LAUNCHER] flg=0x10200000 cmp=com.android.gallery3d/com.android.camera.CameraLauncher u=0} from pid 21251
03-28 09:55:40.886 I/ActivityManager(  341): Start proc com.android.gallery3d for activity com.android.gallery3d/com.android.camera.CameraLauncher: pid=21420 uid=10021 gids={1006, 3003, 1015, 1028}
03-28 09:55:41.696 I/ActivityManager(  341): Start proc android.process.media for content provider com.android.providers.media/.MediaProvider: pid=21445 uid=10017 gids={1015, 1023, 1024, 1028, 2001, 3003, 3007}
03-28 09:55:41.927 D/HTC_RIL (  129): RX::> +HTCUCSQ: 7\r\n
03-28 09:55:41.927 D/HTC_RIL (  129): (t=1395996941)%% +HTCUCSQ: 7\r\n
03-28 09:55:41.927 D/HTC_RIL (  129): at_read_thread():Ready to enter at_channel_read
03-28 09:55:43.058 I/ActivityManager(  341): Process com.google.android.tts (pid 7475) has died.
03-28 09:55:48.333 D/HTC_RIL (  129): RX::> +HTCUCSQ: 6\r\n
03-28 09:55:48.333 D/HTC_RIL (  129): (t=1395996948)%% +HTCUCSQ: 6\r\n
03-28 09:55:48.333 D/HTC_RIL (  129): at_read_thread():Ready to enter at_channel_read
