03-27 21:36:32.799 W/InputMethodManagerService(  341): 	at com.android.server.InputMethodManagerService.finishSession(InputMethodManagerService.java:1192)
03-27 21:36:32.799 W/InputMethodManagerService(  341): 	at com.android.server.InputMethodManagerService.clearCurMethodLocked(InputMethodManagerService.java:1204)
03-27 21:36:32.799 W/InputMethodManagerService(  341): 	at com.android.server.InputMethodManagerService.onServiceDisconnected(InputMethodManagerService.java:1224)
03-27 21:36:32.799 W/InputMethodManagerService(  341): 	at android.app.LoadedApk$ServiceDispatcher.doDeath(LoadedApk.java:1102)
03-27 21:36:32.799 W/InputMethodManagerService(  341): 	at android.app.LoadedApk$ServiceDispatcher$RunConnection.run(LoadedApk.java:1116)
03-27 21:36:32.799 W/InputMethodManagerService(  341): 	at android.os.Handler.handleCallback(Handler.java:615)
03-27 21:36:32.799 W/InputMethodManagerService(  341): 	at android.os.Handler.dispatchMessage(Handler.java:92)
03-27 21:36:32.799 W/InputMethodManagerService(  341): 	at android.os.Looper.loop(Looper.java:137)
03-27 21:36:32.799 W/InputMethodManagerService(  341): 	at com.android.server.ServerThread.run(SystemServer.java:979)
03-27 21:36:32.799 W/InputMethodManagerService(  341): Session failed to close due to remote exception
03-27 21:36:32.799 W/InputMethodManagerService(  341): android.os.DeadObjectException
03-27 21:36:32.799 W/InputMethodManagerService(  341): 	at android.os.BinderProxy.transact(Native Method)
03-27 21:36:32.799 W/InputMethodManagerService(  341): 	at com.android.internal.view.IInputMethodSession$Stub$Proxy.finishSession(IInputMethodSession.java:366)
03-27 21:36:32.799 W/InputMethodManagerService(  341): 	at com.android.server.InputMethodManagerService.finishSession(InputMethodManagerService.java:1192)
03-27 21:36:32.799 W/InputMethodManagerService(  341): 	at com.android.server.InputMethodManagerService.clearCurMethodLocked(InputMethodManagerService.java:1208)
03-27 21:36:32.799 W/InputMethodManagerService(  341): 	at com.android.server.InputMethodManagerService.onServiceDisconnected(InputMethodManagerService.java:1224)
03-27 21:36:32.799 W/InputMethodManagerService(  341): 	at android.app.LoadedApk$ServiceDispatcher.doDeath(LoadedApk.java:1102)
03-27 21:36:32.799 W/InputMethodManagerService(  341): 	at android.app.LoadedApk$ServiceDispatcher$RunConnection.run(LoadedApk.java:1116)
03-27 21:36:32.799 W/InputMethodManagerService(  341): 	at android.os.Handler.handleCallback(Handler.java:615)
03-27 21:36:32.799 W/InputMethodManagerService(  341): 	at android.os.Handler.dispatchMessage(Handler.java:92)
03-27 21:36:32.799 W/InputMethodManagerService(  341): 	at android.os.Looper.loop(Looper.java:137)
03-27 21:36:32.799 W/InputMethodManagerService(  341): 	at com.android.server.ServerThread.run(SystemServer.java:979)
03-27 21:36:32.959 I/LocationManagerService(  341): request passive (pid 8190) 0 0
03-27 21:36:33.029 D/HTC_RIL (  129): RX::> +HTCUCSQ: 10\r\n
03-27 21:36:33.029 D/HTC_RIL (  129): (t=1395952593)%% +HTCUCSQ: 10\r\n
03-27 21:36:33.029 D/HTC_RIL (  129): at_read_thread():Ready to enter at_channel_read
03-27 21:36:34.331 D/PhoneStatusBar(  441): disable: < expand icons alerts ticker system_info BACK HOME recent* CLOCK >
03-27 21:36:34.571 D/PhoneStatusBar(  441): disable: < expand icons alerts ticker system_info back* home* recent clock* >
03-27 21:36:34.691 I/ActivityManager(  341): Process com.google.android.gms (pid 8209) has died.
03-27 21:36:34.771 W/InputMethodManagerService(  341): Window already focused, ignoring focus gain of: com.android.internal.view.IInputMethodClient$Stub$Proxy@41146a80 attribute=android.view.inputmethod.EditorInfo@410d0728
03-27 21:36:39.426 D/HTC_RIL (  129): RX::> +HTCUCSQ: 11\r\n
03-27 21:36:39.426 D/HTC_RIL (  129): (t=1395952599)%% +HTCUCSQ: 11\r\n
03-27 21:36:39.426 D/HTC_RIL (  129): at_read_thread():Ready to enter at_channel_read
03-27 21:36:42.619 D/HTC_RIL (  129): RX::> +HTCUCSQ: 13\r\n
03-27 21:36:42.619 D/HTC_RIL (  129): (t=1395952602)%% +HTCUCSQ: 13\r\n
03-27 21:36:42.619 D/HTC_RIL (  129): at_read_thread():Ready to enter at_channel_read
03-27 21:36:42.779 W/ProcessStats(  341): Skipping unknown process pid 8294
03-27 21:36:42.789 W/ProcessStats(  341): Skipping unknown process pid 8310
03-27 21:36:43.970 I/ActivityManager(  341): Start proc com.android.inputmethod.latin for service com.android.inputmethod.latin/.LatinIME: pid=8319 uid=10024 gids={1028}
03-27 21:36:44.541 E/ActivityThread( 8319): Failed to find provider info for com.android.inputmethod.latin.dictionarypack
03-27 21:36:44.581 I/ActivityManager(  341): Start proc android.process.acore for content provider com.android.providers.userdictionary/.UserDictionaryProvider: pid=8341 uid=10001 gids={3003, 1015, 1028}
03-27 21:36:44.991 I/ActivityManager(  341): Process android.process.acore (pid 8341) has died.
03-27 21:36:45.732 I/ActivityManager(  341): Process com.google.process.location (pid 8190) has died.
03-27 21:36:45.732 W/ActivityManager(  341): Scheduling restart of crashed service com.google.android.gms/com.google.android.location.reporting.service.DispatchingService in 125489ms
03-27 21:36:45.732 W/ActivityManager(  341): Scheduling restart of crashed service com.google.android.gms/com.google.android.location.internal.GoogleLocationManagerService in 5000ms
03-27 21:36:45.732 W/ActivityManager(  341): Scheduling restart of crashed service com.google.android.gms/com.google.android.location.fused.NlpLocationReceiverService in 26067ms
03-27 21:36:45.732 I/LocationManagerService(  341): remove passive (pid 341), next minTime = 0
03-27 21:36:48.024 I/ActivityManager(  341): Start proc com.google.android.googlequicksearchbox for content provider com.google.android.googlequicksearchbox/com.google.android.searchcommon.google.GoogleSuggestionProvider: pid=8393 uid=10034 gids={3003, 1028, 1007, 3002, 1015}
03-27 21:36:48.995 I/ActivityManager(  341): Start proc com.google.android.partnersetup for content provider com.google.android.partnersetup/.RlzAppProvider: pid=8423 uid=10053 gids={3003, 1028}
03-27 21:36:49.025 D/HTC_RIL (  129): RX::> +HTCUCSQ: 12\r\n
03-27 21:36:49.025 D/HTC_RIL (  129): (t=1395952609)%% +HTCUCSQ: 12\r\n
03-27 21:36:49.025 D/HTC_RIL (  129): at_read_thread():Ready to enter at_channel_read
03-27 21:36:49.145 I/ActivityManager(  341): Start proc com.google.android.gsf.login for service com.google.android.gsf.login/com.google.android.gsf.loginservice.GoogleLoginService: pid=8436 uid=10048 gids={3003, 1015, 1028, 1007, 3002, 3001, 1006, 2001, 3006}
03-27 21:36:50.106 I/ActivityManager(  341): Process com.aware (pid 1721) has died.
03-27 21:36:50.116 W/ActivityManager(  341): Scheduling restart of crashed service com.aware/.Processor in 31678ms
03-27 21:36:50.116 W/ActivityManager(  341): Scheduling restart of crashed service com.aware/.Installations in 41677ms
03-27 21:36:50.116 W/ActivityManager(  341): Scheduling restart of crashed service com.aware/.Aware in 51677ms
03-27 21:36:50.116 W/ActivityManager(  341): Scheduling restart of crashed service com.aware/.Traffic in 61676ms
03-27 21:36:50.126 W/ActivityManager(  341): Scheduling restart of crashed service com.aware/.WiFi in 71676ms
03-27 21:36:50.126 W/ActivityManager(  341): Scheduling restart of crashed service com.aware/.Screen in 81676ms
03-27 21:36:50.126 W/ActivityManager(  341): Scheduling restart of crashed service com.aware/.Telephony in 91676ms
03-27 21:36:50.126 W/ActivityManager(  341): Scheduling restart of crashed service com.aware/.ApplicationsJB in 131082ms
03-27 21:36:50.146 W/ActivityManager(  341): Scheduling restart of crashed service com.aware/.Communication in 141082ms
03-27 21:36:50.176 W/ActivityManager(  341): Scheduling restart of crashed service com.aware/.Network in 151081ms
03-27 21:36:50.667 I/ActivityManager(  341): Process com.google.android.gsf.login (pid 8436) has died.
03-27 21:36:50.747 I/ActivityManager(  341): Start proc com.google.process.location for service com.google.android.gms/com.google.android.location.internal.GoogleLocationManagerService: pid=8465 uid=10048 gids={3003, 1015, 1028, 1007, 3002, 3001, 1006, 2001, 3006}
03-27 21:36:51.097 I/ActivityManager(  341): Process com.google.android.partnersetup (pid 8423) has died.
03-27 21:36:51.487 I/ActivityManager(  341): Start proc com.aware for service com.aware/.Applications$BackgroundService: pid=8482 uid=10064 gids={3002, 3001, 3003, 1015, 1028}
03-27 21:36:51.517 I/ActivityManager(  341): Start proc com.google.android.gms for broadcast com.google.android.gms/.init.InitializeGmsReceiver: pid=8490 uid=10048 gids={3003, 1015, 1028, 1007, 3002, 3001, 1006, 2001, 3006}
03-27 21:36:52.048 I/ActivityManager(  341): Process com.google.android.googlequicksearchbox (pid 8393) has died.
03-27 21:36:52.218 D/HTC_RIL (  129): RX::> +HTCUCSQ: 13\r\n
03-27 21:36:52.218 D/HTC_RIL (  129): (t=1395952612)%% +HTCUCSQ: 13\r\n
03-27 21:36:52.218 D/HTC_RIL (  129): at_read_thread():Ready to enter at_channel_read
03-27 21:36:52.318 I/LocationManagerService(  341): request passive (pid 8465) 0 0
03-27 21:36:52.388 I/ActivityManager(  341): Process com.google.android.gms (pid 8490) has died.
03-27 21:36:52.388 W/ActivityManager(  341): Scheduling restart of crashed service com.google.android.gms/.init.InitializeIntentService in 158873ms
03-27 21:36:53.079 I/ActivityManager(  341): Process com.aware (pid 8482) has died.
03-27 21:36:53.089 W/ActivityManager(  341): Scheduling restart of crashed service com.aware/.Applications$BackgroundService in 158175ms
03-27 21:36:53.910 W/ProcessStats(  341): Skipping unknown process pid 8459
03-27 21:36:53.910 W/ProcessStats(  341): Skipping unknown process pid 8461
03-27 21:36:53.920 W/ProcessStats(  341): Skipping unknown process pid 8547
03-27 21:36:55.431 D/HTC_RIL (  129): RX::> +HTCUCSQ: 14\r\n
03-27 21:36:55.431 D/HTC_RIL (  129): (t=1395952615)%% +HTCUCSQ: 14\r\n
03-27 21:36:55.431 D/HTC_RIL (  129): at_read_thread():Ready to enter at_channel_read
03-27 21:36:55.541 I/ActivityManager(  341): Process com.google.process.location (pid 8465) has died.
03-27 21:36:55.541 W/ActivityManager(  341): Scheduling restart of crashed service com.google.android.gms/com.google.android.location.internal.GoogleLocationManagerService in 155717ms
03-27 21:36:55.541 W/ActivityManager(  341): Scheduling restart of crashed service com.google.android.gms/com.google.android.location.fused.NlpLocationReceiverService in 165717ms
03-27 21:36:55.551 I/LocationManagerService(  341): remove passive (pid 341), next minTime = 0
03-27 21:36:58.634 D/HTC_RIL (  129): RX::> +HTCUCSQ: 13\r\n
03-27 21:36:58.634 D/HTC_RIL (  129): (t=1395952618)%% +HTCUCSQ: 13\r\n
03-27 21:36:58.634 D/HTC_RIL (  129): at_read_thread():Ready to enter at_channel_read
03-27 21:37:00.766 I/ActivityManager(  341): Config changed: {1.0 260mcc2mnc en_GB sw360dp w640dp h334dp nrml long land finger -keyb/v/h -nav/h s.5 themeResource=null}
03-27 21:37:01.818 D/HTC_RIL (  129): RX::> +HTCUCSQ: 10\r\n
03-27 21:37:01.818 D/HTC_RIL (  129): (t=1395952621)%% +HTCUCSQ: 10\r\n
03-27 21:37:01.818 D/HTC_RIL (  129): at_read_thread():Ready to enter at_channel_read
03-27 21:37:01.998 I/ActivityManager(  341): Start proc com.google.android.talk for broadcast com.google.android.talk/.McsConnectionStartedReceiver: pid=8595 uid=10033 gids={3003, 1015, 1006, 3002, 1028}
03-27 21:37:02.628 I/ActivityManager(  341): Start proc com.google.android.gsf.login for service com.google.android.gsf.login/com.google.android.gsf.loginservice.GoogleLoginService: pid=8623 uid=10048 gids={3003, 1015, 1028, 1007, 3002, 3001, 1006, 2001, 3006}
03-27 21:37:02.648 I/ActivityManager(  341): Start proc android.process.media for content provider com.android.providers.media/.MediaProvider: pid=8631 uid=10017 gids={1015, 1023, 1024, 1028, 2001, 3003, 3007}
03-27 21:37:02.778 I/ActivityManager(  341): Process com.google.android.talk (pid 8595) has died.
03-27 21:37:03.129 I/ActivityManager(  341): Process com.google.android.gsf.login (pid 8623) has died.
03-27 21:37:03.890 I/ActivityManager(  341): Start proc android.process.acore for content provider com.android.providers.contacts/.ContactsProvider2: pid=8681 uid=10001 gids={3003, 1015, 1028}
03-27 21:37:03.990 I/ActivityManager(  341): Process android.process.media (pid 8631) has died.
03-27 21:37:04.870 D/ConnectivityService(  341): handleInetConditionHoldEnd: net=1, condition=100, published condition=0
03-27 21:37:05.011 I/ActivityManager(  341): Start proc com.google.android.talk for broadcast com.google.android.talk/.ConnectionStateOnlineReceiver: pid=8698 uid=10033 gids={3003, 1015, 1006, 3002, 1028}
03-27 21:37:05.021 D/HTC_RIL (  129): RX::> +HTCUCSQ: 13\r\n
03-27 21:37:05.021 D/HTC_RIL (  129): (t=1395952625)%% +HTCUCSQ: 13\r\n
03-27 21:37:05.021 D/HTC_RIL (  129): at_read_thread():Ready to enter at_channel_read
03-27 21:37:05.491 I/ActivityManager(  341): Start proc android.process.media for content provider com.android.providers.media/.MediaProvider: pid=8723 uid=10017 gids={1015, 1023, 1024, 1028, 2001, 3003, 3007}
03-27 21:37:05.611 I/ActivityManager(  341): Process com.google.android.talk (pid 8698) has died.
03-27 21:37:05.661 I/ActivityManager(  341): Start proc com.google.android.talk for broadcast com.google.android.talk/.videochat.XmppReceiver: pid=8737 uid=10033 gids={3003, 1015, 1006, 3002, 1028}
03-27 21:37:05.891 I/ActivityManager(  341): Process android.process.acore (pid 8681) has died.
03-27 21:37:05.952 I/ActivityManager(  341): Start proc android.process.acore for content provider com.android.providers.contacts/.ContactsProvider2: pid=8759 uid=10001 gids={3003, 1015, 1028}
03-27 21:37:06.182 I/ActivityManager(  341): Process com.google.android.talk (pid 8737) has died.
03-27 21:37:07.313 I/ActivityManager(  341): Process android.process.media (pid 8723) has died.
03-27 21:37:07.523 I/ActivityManager(  341): Process android.process.acore (pid 8759) has died.
03-27 21:37:08.234 D/HTC_RIL (  129): RX::> +HTCUCSQ: 14\r\n
03-27 21:37:08.234 D/HTC_RIL (  129): (t=1395952628)%% +HTCUCSQ: 14\r\n
03-27 21:37:08.234 D/HTC_RIL (  129): at_read_thread():Ready to enter at_channel_read
03-27 21:37:14.620 D/HTC_RIL (  129): RX::> +HTCUCSQ: 13\r\n
03-27 21:37:14.620 D/HTC_RIL (  129): (t=1395952634)%% +HTCUCSQ: 13\r\n
03-27 21:37:14.620 D/HTC_RIL (  129): at_read_thread():Ready to enter at_channel_read
03-27 21:37:17.833 D/HTC_RIL (  129): RX::> +HTCUCSQ: 14\r\n
03-27 21:37:17.833 D/HTC_RIL (  129): (t=1395952637)%% +HTCUCSQ: 14\r\n
03-27 21:37:17.833 D/HTC_RIL (  129): at_read_thread():Ready to enter at_channel_read
03-27 21:37:21.497 I/ActivityManager(  341): Start proc com.aware for service com.aware/.Applications$BackgroundService: pid=8842 uid=10064 gids={3002, 3001, 3003, 1015, 1028}
03-27 21:37:37.032 D/HTC_RIL (  129): RX::> +HTCUCSQ: 13\r\n
03-27 21:37:37.032 D/HTC_RIL (  129): (t=1395952657)%% +HTCUCSQ: 13\r\n
03-27 21:37:37.032 D/HTC_RIL (  129): at_read_thread():Ready to enter at_channel_read
03-27 21:37:41.947 W/ActivityManager(  341): Unable to start service Intent { cmp=com.aware/.Applications }: not found
03-27 21:37:44.049 W/ActivityManager(  341): Unable to start service Intent { cmp=com.aware/.Applications }: not found
03-27 21:37:52.887 D/RILJ    (  560): [0119]> SCREEN_STATE: false
03-27 21:37:52.937 D/HTC_RIL (  129): ril_func_screen_state_notified():called
03-27 21:37:52.937 I/HTC_RIL (  129): qcril_data_toggle_dormancy_indications():>>>>>> LOCK QCRIL_DATA MUTEX 4026081c
03-27 21:37:52.937 I/HTC_RIL (  129): qcril_data_toggle_dormancy_indications():LOCK QCRIL_DATA MUTEX 4026081c result=0
03-27 21:37:52.937 D/HTC_RIL (  129): qcril_data_toggle_dormancy_indications():Switch ON/OFF dormancy indications on all active interfaces
03-27 21:37:52.937 I/HTC_RIL (  129): qcril_data_toggle_dormancy_indications():<<<<<< UNLOCK QCRIL_DATA MUTEX 4026081c
03-27 21:37:52.937 I/HTC_RIL (  129): qcril_data_toggle_dormancy_indications():UNLOCK QCRIL_DATA MUTEX 4026081c result=0
03-27 21:37:52.937 I/HTC_RIL (  129): qcril_data_toggle_dormancy_indications():qcril_data_toggle_dormancy_indications: EXIT with SUCCESS
03-27 21:37:52.937 D/HTC_RIL (  129): ril_func_screen_state_notified():Not found 'ether:' in USB_STATE_PATH
03-27 21:37:52.937 D/HTC_RIL (  129): ril_func_screen_state_notified():Not found 'ether:' in USB_STATE_PATH.
03-27 21:37:52.937 D/HTC_RIL (  129): fd_ballots():AP 0 votes to enable fast dormancy!
03-27 21:37:52.947 D/HTC_RIL (  129): (t=1395952672)>> AT+ENCSQ=0\r
03-27 21:37:52.947 D/GSM     (  560): [GsmDCT] onReceive: action=android.intent.action.SCREEN_OFF
03-27 21:37:52.947 D/GSM     (  560): [GsmDCT] stopNetStatPoll
03-27 21:37:52.957 D/GSM     (  560): [GsmDCT] overall state is IDLE
03-27 21:37:52.957 D/HTC_RIL (  129): RX::> 0\r
03-27 21:37:52.957 D/HTC_RIL (  129): at_read_thread():Ready to enter at_channel_read
03-27 21:37:52.957 D/HTC_RIL (  129): (t=1395952672)<< 0\r
03-27 21:37:52.957 D/HTC_RIL (  129): (t=1395952672)>> AT+CREG=1\r
03-27 21:37:52.957 D/HTC_RIL (  129): RX::> 0\r
03-27 21:37:52.957 D/HTC_RIL (  129): at_read_thread():Ready to enter at_channel_read
03-27 21:37:52.957 D/HTC_RIL (  129): (t=1395952672)<< 0\r
03-27 21:37:52.957 D/HTC_RIL (  129): (t=1395952672)>> AT+CSQ\r
03-27 21:37:52.957 D/HTC_RIL (  129): RX::> +CSQ: 13,99\r\n0\r
03-27 21:37:52.957 D/HTC_RIL (  129): at_read_thread():Ready to enter at_channel_read
03-27 21:37:52.957 D/HTC_RIL (  129): (t=1395952672)<< +CSQ: 13,99\r\n0\r
03-27 21:37:52.957 D/HTC_RIL (  129): (t=1395952672)>> AT@DISPLAYSTATE=0\r
03-27 21:37:52.957 D/HTC_RIL (  129): RX::> 0\r
03-27 21:37:52.957 D/HTC_RIL (  129): at_read_thread():Ready to enter at_channel_read
03-27 21:37:52.957 D/HTC_RIL (  129): (t=1395952672)<< 0\r
03-27 21:37:52.957 D/HTC_RIL (  129): (t=1395952672)>> AT@HTCGFSET=2\r
03-27 21:37:52.957 D/HTC_RIL (  129): RX::> 0\r
03-27 21:37:52.957 D/HTC_RIL (  129): at_read_thread():Ready to enter at_channel_read
03-27 21:37:52.957 D/HTC_RIL (  129): (t=1395952672)<< 0\r
03-27 21:37:52.957 D/HTC_RIL (  129): (t=1395952672)>> AT@HTCPDPFD=1\r
03-27 21:37:52.967 D/HTC_RIL (  129): RX::> @PDPFD: garbage_count=0\r\n0\r
03-27 21:37:52.967 D/HTC_RIL (  129): (t=1395952672)XX @PDPFD: garbage_count=0\r\n
03-27 21:37:52.967 D/HTC_RIL (  129): at_read_thread():Ready to enter at_channel_read
03-27 21:37:52.967 D/HTC_RIL (  129): (t=1395952672)<< 0\r
03-27 21:37:52.967 D/HTC_RIL (  129): (t=1395952672)>> AT+HTCPDPFD=1\r
03-27 21:37:52.967 D/HTC_RIL (  129): RX::> 4\r
03-27 21:37:52.967 D/HTC_RIL (  129): at_read_thread():Ready to enter at_channel_read
03-27 21:37:52.967 D/HTC_RIL (  129): (t=1395952672)<< 4\r
03-27 21:37:52.987 D/RILJ    (  560): [0119]< SCREEN_STATE error: com.android.internal.telephony.CommandException: GENERIC_FAILURE
03-27 21:37:53.027 I/ActivityManager(  341): Process com.aware (pid 8842) has died.
03-27 21:37:53.027 W/ActivityManager(  341): Scheduling restart of crashed service com.aware/.Installations in 5000ms
03-27 21:37:53.037 W/ActivityManager(  341): Scheduling restart of crashed service com.aware/.Processor in 15000ms
03-27 21:37:53.037 W/ActivityManager(  341): Scheduling restart of crashed service com.aware/.Aware in 25000ms
03-27 21:37:53.037 W/ActivityManager(  341): Scheduling restart of crashed service com.aware/.Traffic in 35000ms
03-27 21:37:53.037 W/ActivityManager(  341): Scheduling restart of crashed service com.aware/.WiFi in 78176ms
03-27 21:37:53.037 W/ActivityManager(  341): Scheduling restart of crashed service com.aware/.Screen in 88176ms
03-27 21:37:53.037 W/ActivityManager(  341): Scheduling restart of crashed service com.aware/.Telephony in 118219ms
03-27 21:37:53.037 W/ActivityManager(  341): Scheduling restart of crashed service com.aware/.Communication in 128219ms
03-27 21:37:53.037 W/ActivityManager(  341): Scheduling restart of crashed service com.aware/.Network in 138219ms
03-27 21:37:53.108 W/BroadcastQueue(  341): Failure sending broadcast Intent { act=android.intent.action.SCREEN_OFF flg=0x50000010 }
03-27 21:37:53.108 W/BroadcastQueue(  341): android.os.DeadObjectException
03-27 21:37:53.108 W/BroadcastQueue(  341): 	at android.os.BinderProxy.transact(Native Method)
03-27 21:37:53.108 W/BroadcastQueue(  341): 	at android.content.IIntentReceiver$Stub$Proxy.performReceive(IIntentReceiver.java:121)
03-27 21:37:53.108 W/BroadcastQueue(  341): 	at com.android.server.am.BroadcastQueue.performReceiveLocked(BroadcastQueue.java:365)
03-27 21:37:53.108 W/BroadcastQueue(  341): 	at com.android.server.am.BroadcastQueue.deliverToRegisteredReceiverLocked(BroadcastQueue.java:427)
03-27 21:37:53.108 W/BroadcastQueue(  341): 	at com.android.server.am.BroadcastQueue.processNextBroadcast(BroadcastQueue.java:634)
03-27 21:37:53.108 W/BroadcastQueue(  341): 	at com.android.server.am.ActivityManagerService.finishReceiver(ActivityManagerService.java:13304)
03-27 21:37:53.108 W/BroadcastQueue(  341): 	at android.app.ActivityManagerNative.onTransact(ActivityManagerNative.java:346)
03-27 21:37:53.108 W/BroadcastQueue(  341): 	at com.android.server.am.ActivityManagerService.onTransact(ActivityManagerService.java:1616)
03-27 21:37:53.108 W/BroadcastQueue(  341): 	at android.os.Binder.execTransact(Binder.java:367)
03-27 21:37:53.108 W/BroadcastQueue(  341): 	at dalvik.system.NativeStart.run(Native Method)
03-27 21:37:57.512 I/ActivityManager(  341): Start proc com.google.android.gsf.login for service com.google.android.gsf.login/com.google.android.gsf.loginservice.GoogleLoginService: pid=9017 uid=10048 gids={3003, 1015, 1028, 1007, 3002, 3001, 1006, 2001, 3006}
03-27 21:37:57.702 D/PhoneStatusBar(  441): disable: < expand icons alerts ticker system_info back home RECENT* clock >
03-27 21:37:57.772 I/ActivityManager(  341): Config changed: {1.0 260mcc2mnc en_GB sw360dp w360dp h614dp nrml long port finger -keyb/v/h -nav/h s.6 themeResource=null}
03-27 21:37:58.072 I/ActivityManager(  341): Start proc com.aware for service com.aware/.Installations: pid=9036 uid=10064 gids={3002, 3001, 3003, 1015, 1028}
03-27 21:37:58.483 D/PhoneStatusBar(  441): disable: < expand icons alerts ticker system_info BACK* HOME* RECENT CLOCK* >
03-27 21:37:58.543 I/ActivityManager(  341): Process com.google.android.gsf.login (pid 9017) has died.
03-27 21:38:18.422 W/ActivityManager(  341): Unable to start service Intent { cmp=com.aware/.Applications }: not found
03-27 21:38:20.504 W/ActivityManager(  341): Unable to start service Intent { cmp=com.aware/.Applications }: not found
03-27 21:38:41.275 I/ActivityManager(  341): Start proc com.bel.android.dspmanager for service com.bel.android.dspmanager/.service.HeadsetService: pid=9232 uid=10013 gids={3002, 1028}
03-27 21:38:51.234 I/ActivityManager(  341): Start proc com.google.process.location for service com.google.android.gms/com.google.android.location.reporting.service.DispatchingService: pid=9284 uid=10048 gids={3003, 1015, 1028, 1007, 3002, 3001, 1006, 2001, 3006}
03-27 21:38:51.655 I/ActivityManager(  341): Start proc com.google.android.gms for broadcast com.google.android.gms/.init.InitializeGmsReceiver: pid=9299 uid=10048 gids={3003, 1015, 1028, 1007, 3002, 3001, 1006, 2001, 3006}
03-27 21:38:52.185 I/LocationManagerService(  341): request passive (pid 9284) 0 0
03-27 21:38:52.425 I/ActivityManager(  341): Process com.bel.android.dspmanager (pid 9232) has died.
03-27 21:38:52.425 W/ActivityManager(  341): Scheduling restart of crashed service com.bel.android.dspmanager/.service.HeadsetService in 555984ms
03-27 21:39:01.324 W/ActivityManager(  341): Unable to start service Intent { cmp=com.aware/.Applications }: not found
03-27 21:39:01.785 W/ActivityManager(  341): Unable to start service Intent { cmp=com.aware/.Applications }: not found
03-27 21:39:22.315 W/ThrottleService(  341): unable to find stats for iface rmnet0
03-27 21:41:37.737 W/ProcessStats(  341): Skipping unknown process pid 9984
03-27 21:41:37.737 W/ProcessStats(  341): Skipping unknown process pid 9996
03-27 21:43:19.226 W/ActivityManager(  341): Unable to start service Intent { cmp=com.aware/.Applications }: not found
03-27 21:45:37.881 W/ProcessStats(  341): Skipping unknown process pid 10924
03-27 21:48:08.458 I/ActivityManager(  341): Start proc com.bel.android.dspmanager for service com.bel.android.dspmanager/.service.HeadsetService: pid=11523 uid=10013 gids={3002, 1028}
03-27 21:48:19.218 W/ActivityManager(  341): Unable to start service Intent { cmp=com.aware/.Applications }: not found
03-27 21:49:22.340 W/ThrottleService(  341): unable to find stats for iface rmnet0
03-27 21:50:37.774 W/ProcessStats(  341): Skipping unknown process pid 12103
03-27 21:50:37.774 W/ProcessStats(  341): Skipping unknown process pid 12112
03-27 21:52:16.430 D/GSM     (  560): [GsmDCT] handleMessage msg={ what=270368 when=0 arg1=1 }
03-27 21:53:19.271 W/ActivityManager(  341): Unable to start service Intent { cmp=com.aware/.Applications }: not found
03-27 21:54:05.176 W/ProcessStats(  341): Skipping unknown process pid 12943
03-27 21:58:19.324 W/ActivityManager(  341): Unable to start service Intent { cmp=com.aware/.Applications }: not found
03-27 21:59:22.335 W/ThrottleService(  341): unable to find stats for iface rmnet0
03-27 22:00:05.287 W/ProcessStats(  341): Skipping unknown process pid 14334
03-27 22:03:05.293 W/ProcessStats(  341): Skipping unknown process pid 15033
03-27 22:03:19.236 W/ActivityManager(  341): Unable to start service Intent { cmp=com.aware/.Applications }: not found
03-27 22:06:26.449 W/ProcessStats(  341): Skipping unknown process pid 15813
03-27 22:06:26.449 W/ProcessStats(  341): Skipping unknown process pid 15826
03-27 22:07:11.013 W/ProcessStats(  341): Skipping unknown process pid 15991
03-27 22:08:19.219 W/ActivityManager(  341): Unable to start service Intent { cmp=com.aware/.Applications }: not found
03-27 22:09:22.331 W/ThrottleService(  341): unable to find stats for iface rmnet0
03-27 22:09:26.555 W/ProcessStats(  341): Skipping unknown process pid 16516
03-27 22:13:19.222 W/ActivityManager(  341): Unable to start service Intent { cmp=com.aware/.Applications }: not found
03-27 22:18:19.224 W/ActivityManager(  341): Unable to start service Intent { cmp=com.aware/.Applications }: not found
03-27 22:19:22.326 W/ThrottleService(  341): unable to find stats for iface rmnet0
03-27 22:22:16.346 D/GSM     (  560): [GsmDCT] handleMessage msg={ what=270368 when=0 arg1=1 }
03-27 22:23:19.487 W/ActivityManager(  341): Unable to start service Intent { cmp=com.aware/.Applications }: not found
03-27 22:28:19.190 W/ActivityManager(  341): Unable to start service Intent { cmp=com.aware/.Applications }: not found
03-27 22:28:24.375 W/ProcessStats(  341): Skipping unknown process pid 20956
03-27 22:29:22.331 W/ThrottleService(  341): unable to find stats for iface rmnet0
03-27 22:33:19.213 W/ActivityManager(  341): Unable to start service Intent { cmp=com.aware/.Applications }: not found
03-27 22:38:19.325 W/ActivityManager(  341): Unable to start service Intent { cmp=com.aware/.Applications }: not found
03-27 22:39:22.337 W/ThrottleService(  341): unable to find stats for iface rmnet0
03-27 22:43:19.198 W/ActivityManager(  341): Unable to start service Intent { cmp=com.aware/.Applications }: not found
03-27 22:43:24.263 W/ProcessStats(  341): Skipping unknown process pid 24460
03-27 22:43:24.263 W/ProcessStats(  341): Skipping unknown process pid 24476
03-27 22:48:19.211 W/ActivityManager(  341): Unable to start service Intent { cmp=com.aware/.Applications }: not found
03-27 22:49:22.342 W/ThrottleService(  341): unable to find stats for iface rmnet0
03-27 22:50:05.244 W/ProcessStats(  341): Skipping unknown process pid 26016
03-27 22:52:11.397 W/ProcessStats(  341): Skipping unknown process pid 26503
03-27 22:52:11.397 W/ProcessStats(  341): Skipping unknown process pid 26514
03-27 22:52:16.382 D/GSM     (  560): [GsmDCT] handleMessage msg={ what=270368 when=-1ms arg1=1 }
03-27 22:52:16.442 I/ActivityManager(  341): Start proc android.process.acore for content provider com.android.providers.contacts/.ContactsProvider2: pid=26542 uid=10001 gids={3003, 1015, 1028}
03-27 22:52:17.984 I/ActivityManager(  341): Process com.google.android.gms (pid 9299) has died.
03-27 22:52:19.005 I/ActivityManager(  341): Process com.google.process.location (pid 9284) has died.
03-27 22:52:19.005 W/ActivityManager(  341): Scheduling restart of crashed service com.google.android.gms/com.google.android.location.reporting.service.DispatchingService in 5000ms
03-27 22:52:19.005 W/ActivityManager(  341): Scheduling restart of crashed service com.google.android.gms/com.google.android.location.internal.GoogleLocationManagerService in 15000ms
03-27 22:52:19.005 W/ActivityManager(  341): Scheduling restart of crashed service com.google.android.gms/com.google.android.location.fused.NlpLocationReceiverService in 25000ms
03-27 22:52:19.005 I/LocationManagerService(  341): remove passive (pid 341), next minTime = 0
03-27 22:52:24.059 I/ActivityManager(  341): Start proc com.google.process.location for service com.google.android.gms/com.google.android.location.reporting.service.DispatchingService: pid=26580 uid=10048 gids={3003, 1015, 1028, 1007, 3002, 3001, 1006, 2001, 3006}
03-27 22:52:24.300 I/ActivityManager(  341): Start proc com.google.android.gms for broadcast com.google.android.gms/.init.InitializeGmsReceiver: pid=26594 uid=10048 gids={3003, 1015, 1028, 1007, 3002, 3001, 1006, 2001, 3006}
03-27 22:52:24.770 I/ActivityManager(  341): Process com.bel.android.dspmanager (pid 11523) has died.
03-27 22:52:24.770 W/ActivityManager(  341): Scheduling restart of crashed service com.bel.android.dspmanager/.service.HeadsetService in 19229ms
03-27 22:52:24.800 I/LocationManagerService(  341): request passive (pid 26580) 0 0
03-27 22:52:25.020 I/ActivityManager(  341): Process android.process.acore (pid 26542) has died.
03-27 22:52:28.274 I/ActivityManager(  341): Applications Memory Usage (kB):
03-27 22:52:28.274 I/ActivityManager(  341): Uptime: 22231680 Realtime: 29708761
03-27 22:52:28.274 I/ActivityManager(  341): Total PSS by OOM adjustment:
03-27 22:52:28.274 I/ActivityManager(  341):     25110 kB: System
03-27 22:52:28.274 I/ActivityManager(  341):                25110 kB: system (pid 341)
03-27 22:52:28.274 I/ActivityManager(  341):     30915 kB: Persistent
03-27 22:52:28.274 I/ActivityManager(  341):                23570 kB: com.android.systemui (pid 441)
03-27 22:52:28.274 I/ActivityManager(  341):                 7345 kB: com.android.phone (pid 560)
03-27 22:52:28.274 I/ActivityManager(  341):     66269 kB: Foreground
03-27 22:52:28.274 I/ActivityManager(  341):                59659 kB: com.android.browser (pid 7421)
03-27 22:52:28.274 I/ActivityManager(  341):                 6610 kB: com.google.android.gms (pid 26594)
03-27 22:52:28.274 I/ActivityManager(  341):     27306 kB: Visible
03-27 22:52:28.274 I/ActivityManager(  341):                14916 kB: com.aware (pid 9036)
03-27 22:52:28.274 I/ActivityManager(  341):                 9312 kB: com.google.android.tts (pid 7475)
03-27 22:52:28.274 I/ActivityManager(  341):                 3078 kB: com.android.smspush (pid 649)
03-27 22:52:28.274 I/ActivityManager(  341):      8817 kB: Perceptible
03-27 22:52:28.274 I/ActivityManager(  341):                 8817 kB: com.android.inputmethod.latin (pid 8319)
03-27 22:52:28.274 I/ActivityManager(  341):     11699 kB: A Services
03-27 22:52:28.274 I/ActivityManager(  341):                11699 kB: com.google.process.gapps (pid 8020)
03-27 22:52:28.274 I/ActivityManager(  341):     10683 kB: B Services
03-27 22:52:28.274 I/ActivityManager(  341):                10683 kB: com.google.process.location (pid 26580)
03-27 22:52:28.274 I/ActivityManager(  341): 
03-27 22:52:28.274 I/ActivityManager(  341): Total PSS: 180799 kB
03-27 22:52:28.274 I/ActivityManager(  341):       KSM: 0 kB saved from shared 0 kB
03-27 22:52:28.274 I/ActivityManager(  341):            0 kB unshared; 0 kB volatile
03-27 22:52:28.274 I/ActivityManager(  341):   PID      Vss      Rss      Pss      Uss  cmdline
03-27 22:52:28.274 I/ActivityManager(  341):  7421   91832K   74620K   59746K   57604K  com.android.browser
03-27 22:52:28.274 I/ActivityManager(  341):   341   60828K   38844K   25218K   23276K  system_server
03-27 22:52:28.274 I/ActivityManager(  341):   441   49780K   37036K   23657K   21808K  com.android.systemui
03-27 22:52:28.274 I/ActivityManager(  341):  9036   30852K   30720K   14991K   12488K  com.aware
03-27 22:52:28.274 I/ActivityManager(  341):  8020   26488K   26348K   11773K    9956K  com.google.process.gapps
03-27 22:52:28.274 I/ActivityManager(  341): 26580   27260K   27120K   11103K    8184K  com.google.process.location
03-27 22:52:28.274 I/ActivityManager(  341):  7475   22148K   22000K    9400K    8140K  com.google.android.tts
03-27 22:52:28.274 I/ActivityManager(  341):  8319   23236K   23120K    8901K    7248K  com.android.inputmethod.latin
03-27 22:52:28.274 I/ActivityManager(  341):   560   19696K   19560K    7428K    6216K  com.android.phone
03-27 22:52:28.274 I/ActivityManager(  341): 26594   23276K   23096K    6985K    4168K  com.google.android.gms
03-27 22:52:28.274 I/ActivityManager(  341):   130   45636K    6744K    5974K    5832K  /system/bin/surfaceflinger
03-27 22:52:28.274 I/ActivityManager(  341):   649   14372K   14216K    3169K    1984K  com.android.smspush
03-27 22:52:28.274 I/ActivityManager(  341):   133    4168K    3484K    3010K    2952K  /system/bin/mediaserver
03-27 22:52:28.274 I/ActivityManager(  341):   131   14172K   13988K    2752K    1464K  zygote
03-27 22:52:28.274 I/ActivityManager(  341):   122    1332K    1332K    1192K    1188K  /system/bin/auditd
03-27 22:52:28.274 I/ActivityManager(  341):   132    1056K    1056K     770K     756K  /system/bin/drmserver
03-27 22:52:28.274 I/ActivityManager(  341): 26647     812K     812K     664K     652K  procrank
03-27 22:52:28.274 I/ActivityManager(  341):   129     896K     892K     650K     640K  /system/bin/rild
03-27 22:52:28.274 I/ActivityManager(  341):   436     748K     748K     531K     516K  /system/bin/wpa_supplicant
03-27 22:52:28.274 I/ActivityManager(  341):   127     736K     736K     526K     508K  /system/bin/netd
03-27 22:52:28.274 I/ActivityManager(  341):   125     500K     500K     326K     316K  /system/bin/vold
03-27 22:52:28.274 I/ActivityManager(  341):   136     448K     448K     279K     272K  /system/bin/keystore
03-27 22:52:28.274 I/ActivityManager(  341): 12757     364K     364K     243K     240K  sh
03-27 22:52:28.274 I/ActivityManager(  341):   128     384K     384K     233K     228K  /system/bin/debuggerd
03-27 22:52:28.274 I/ActivityManager(  341):   138     360K     356K     208K     204K  /system/bin/netmgrd
03-27 22:52:28.274 I/ActivityManager(  341):   139     352K     348K     208K     204K  /system/bin/qmuxd
03-27 22:52:28.274 I/ActivityManager(  341):   141     216K     216K     196K     196K  /sbin/adbd
03-27 22:52:28.274 I/ActivityManager(  341):   811     364K     364K     183K     176K  /system/bin/mpdecision
03-27 22:52:28.274 I/ActivityManager(  341):   597     320K     320K     176K     172K  /system/bin/dhcpcd
03-27 22:52:28.274 I/ActivityManager(  341):     1     244K     244K     172K     128K  /init
03-27 22:52:28.274 I/ActivityManager(  341):   814     300K     300K     149K     144K  /system/bin/thermald
03-27 22:52:28.274 I/ActivityManager(  341):   134     284K     280K     148K     144K  /system/bin/dbus-daemon
03-27 22:52:28.274 I/ActivityManager(  341):    98     184K     184K     136K      92K  /sbin/ueventd
03-27 22:52:28.274 I/ActivityManager(  341):   137     128K     128K     112K     112K  /system/bin/htcbatt
03-27 22:52:28.274 I/ActivityManager(  341):   135     248K     244K     112K     108K  /system/bin/installd
03-27 22:52:28.274 I/ActivityManager(  341):   124     228K     228K     107K     104K  /system/bin/servicemanager
03-27 22:52:28.274 I/ActivityManager(  341): 12699     228K     224K     103K     100K  /system/bin/sh
03-27 22:52:28.274 I/ActivityManager(  341):   126    6188K      44K      40K      40K  /system/bin/rmt_storage
03-27 22:52:28.274 I/ActivityManager(  341):                           ------   ------  ------
03-27 22:52:28.274 I/ActivityManager(  341):                          201590K  178560K  TOTAL
03-27 22:52:28.274 I/ActivityManager(  341): RAM: 596860K total, 17348K free, 1220K buffers, 344300K cached, 298324K shmem, 17476K slab
03-27 22:52:44.059 I/ActivityManager(  341): Start proc com.bel.android.dspmanager for service com.bel.android.dspmanager/.service.HeadsetService: pid=26707 uid=10013 gids={3002, 1028}
03-27 22:53:19.223 W/ActivityManager(  341): Unable to start service Intent { cmp=com.aware/.Applications }: not found
03-27 22:55:37.768 W/ProcessStats(  341): Skipping unknown process pid 27383
03-27 22:55:37.768 W/ProcessStats(  341): Skipping unknown process pid 27398
03-27 22:57:22.571 I/ActivityManager(  341): Process com.google.android.gms (pid 26594) has died.
03-27 22:58:19.216 W/ActivityManager(  341): Unable to start service Intent { cmp=com.aware/.Applications }: not found
03-27 22:59:22.368 W/ThrottleService(  341): unable to find stats for iface rmnet0
03-27 23:03:19.219 W/ActivityManager(  341): Unable to start service Intent { cmp=com.aware/.Applications }: not found
03-27 23:04:37.675 W/ProcessStats(  341): Skipping unknown process pid 29488
03-27 23:04:37.675 W/ProcessStats(  341): Skipping unknown process pid 29505
03-27 23:07:37.731 W/ProcessStats(  341): Skipping unknown process pid 30190
03-27 23:07:37.731 W/ProcessStats(  341): Skipping unknown process pid 30204
03-27 23:08:19.221 W/ActivityManager(  341): Unable to start service Intent { cmp=com.aware/.Applications }: not found
03-27 23:09:22.393 W/ThrottleService(  341): unable to find stats for iface rmnet0
03-27 23:10:37.696 W/ProcessStats(  341): Skipping unknown process pid 30891
03-27 23:10:37.696 W/ProcessStats(  341): Skipping unknown process pid 30906
03-27 23:13:19.224 W/ActivityManager(  341): Unable to start service Intent { cmp=com.aware/.Applications }: not found
03-27 23:18:19.217 W/ActivityManager(  341): Unable to start service Intent { cmp=com.aware/.Applications }: not found
03-27 23:19:22.388 W/ThrottleService(  341): unable to find stats for iface rmnet0
03-27 23:22:16.398 D/GSM     (  560): [GsmDCT] handleMessage msg={ what=270368 when=0 arg1=1 }
03-27 23:22:37.679 W/ProcessStats(  341): Skipping unknown process pid 1398
03-27 23:22:37.679 W/ProcessStats(  341): Skipping unknown process pid 1414
03-27 23:23:19.219 W/ActivityManager(  341): Unable to start service Intent { cmp=com.aware/.Applications }: not found
03-27 23:25:37.644 W/ProcessStats(  341): Skipping unknown process pid 2101
03-27 23:25:37.644 W/ProcessStats(  341): Skipping unknown process pid 2119
03-27 23:28:19.232 W/ActivityManager(  341): Unable to start service Intent { cmp=com.aware/.Applications }: not found
03-27 23:29:22.394 W/ThrottleService(  341): unable to find stats for iface rmnet0
03-27 23:31:37.826 W/ProcessStats(  341): Skipping unknown process pid 3510
03-27 23:33:19.315 W/ActivityManager(  341): Unable to start service Intent { cmp=com.aware/.Applications }: not found
03-27 23:38:19.207 W/ActivityManager(  341): Unable to start service Intent { cmp=com.aware/.Applications }: not found
03-27 23:39:22.389 W/ThrottleService(  341): unable to find stats for iface rmnet0
03-27 23:43:19.170 W/ActivityManager(  341): Unable to start service Intent { cmp=com.aware/.Applications }: not found
03-27 23:48:19.213 W/ActivityManager(  341): Unable to start service Intent { cmp=com.aware/.Applications }: not found
03-27 23:49:22.404 W/ThrottleService(  341): unable to find stats for iface rmnet0
03-27 23:52:16.354 D/GSM     (  560): [GsmDCT] handleMessage msg={ what=270368 when=0 arg1=1 }
03-27 23:53:19.175 W/ActivityManager(  341): Unable to start service Intent { cmp=com.aware/.Applications }: not found
03-27 23:53:24.360 W/ProcessStats(  341): Skipping unknown process pid 8689
03-27 23:58:19.218 W/ActivityManager(  341): Unable to start service Intent { cmp=com.aware/.Applications }: not found
03-27 23:59:22.470 W/ThrottleService(  341): unable to find stats for iface rmnet0
03-28 00:00:00.057 I/ActivityManager(  341): Start proc com.android.calendar for broadcast com.android.calendar/.widget.CalendarAppWidgetService$CalendarFactory: pid=10267 uid=10010 gids={3003, 1028}
03-28 00:00:00.237 I/ActivityManager(  341): Start proc com.android.providers.calendar for content provider com.android.providers.calendar/.CalendarProvider2: pid=10284 uid=10011 gids={3003, 1015, 1028}
03-28 00:02:05.068 W/ProcessStats(  341): Skipping unknown process pid 10772
03-28 00:02:05.068 W/ProcessStats(  341): Skipping unknown process pid 10790
03-28 00:03:19.271 W/ActivityManager(  341): Unable to start service Intent { cmp=com.aware/.Applications }: not found
03-28 00:06:05.293 W/ProcessStats(  341): Skipping unknown process pid 11707
03-28 00:08:05.100 W/ProcessStats(  341): Skipping unknown process pid 12175
03-28 00:08:05.100 W/ProcessStats(  341): Skipping unknown process pid 12192
03-28 00:08:19.224 W/ActivityManager(  341): Unable to start service Intent { cmp=com.aware/.Applications }: not found
03-28 00:09:22.485 W/ThrottleService(  341): unable to find stats for iface rmnet0
03-28 00:13:19.206 W/ActivityManager(  341): Unable to start service Intent { cmp=com.aware/.Applications }: not found
03-28 00:18:19.199 W/ActivityManager(  341): Unable to start service Intent { cmp=com.aware/.Applications }: not found
03-28 00:18:24.234 W/ProcessStats(  341): Skipping unknown process pid 14581
03-28 00:18:24.244 W/ProcessStats(  341): Skipping unknown process pid 14598
03-28 00:19:22.481 W/ThrottleService(  341): unable to find stats for iface rmnet0
03-28 00:22:16.350 D/GSM     (  560): [GsmDCT] handleMessage msg={ what=270368 when=0 arg1=1 }
03-28 00:23:19.222 W/ActivityManager(  341): Unable to start service Intent { cmp=com.aware/.Applications }: not found
03-28 00:24:05.086 W/ProcessStats(  341): Skipping unknown process pid 15905
03-28 00:24:05.086 W/ProcessStats(  341): Skipping unknown process pid 15922
03-28 00:27:05.102 W/ProcessStats(  341): Skipping unknown process pid 16605
03-28 00:27:05.102 W/ProcessStats(  341): Skipping unknown process pid 16622
03-28 00:28:19.224 W/ActivityManager(  341): Unable to start service Intent { cmp=com.aware/.Applications }: not found
03-28 00:29:22.476 W/ThrottleService(  341): unable to find stats for iface rmnet0
03-28 00:30:05.098 W/ProcessStats(  341): Skipping unknown process pid 17306
03-28 00:30:05.098 W/ProcessStats(  341): Skipping unknown process pid 17322
03-28 00:33:19.217 W/ActivityManager(  341): Unable to start service Intent { cmp=com.aware/.Applications }: not found
03-28 00:34:05.302 W/ProcessStats(  341): Skipping unknown process pid 18241
03-28 00:36:05.149 W/ProcessStats(  341): Skipping unknown process pid 18706
03-28 00:36:05.149 W/ProcessStats(  341): Skipping unknown process pid 18717
03-28 00:38:19.220 W/ActivityManager(  341): Unable to start service Intent { cmp=com.aware/.Applications }: not found
03-28 00:39:05.204 W/ProcessStats(  341): Skipping unknown process pid 19410
03-28 00:39:05.204 W/ProcessStats(  341): Skipping unknown process pid 19421
03-28 00:39:22.491 W/ThrottleService(  341): unable to find stats for iface rmnet0
03-28 00:42:05.130 W/ProcessStats(  341): Skipping unknown process pid 20111
03-28 00:42:05.130 W/ProcessStats(  341): Skipping unknown process pid 20125
03-28 00:43:19.222 W/ActivityManager(  341): Unable to start service Intent { cmp=com.aware/.Applications }: not found
03-28 00:46:26.625 W/ProcessStats(  341): Skipping unknown process pid 21133
03-28 00:48:19.225 W/ActivityManager(  341): Unable to start service Intent { cmp=com.aware/.Applications }: not found
03-28 00:49:22.487 W/ThrottleService(  341): unable to find stats for iface rmnet0
03-28 00:52:16.366 D/GSM     (  560): [GsmDCT] handleMessage msg={ what=270368 when=0 arg1=1 }
03-28 00:52:21.401 W/ProcessStats(  341): Skipping unknown process pid 22511
03-28 00:52:21.401 W/ProcessStats(  341): Skipping unknown process pid 22528
03-28 00:53:19.218 W/ActivityManager(  341): Unable to start service Intent { cmp=com.aware/.Applications }: not found
03-28 00:55:26.652 W/ProcessStats(  341): Skipping unknown process pid 23234
03-28 00:58:19.220 W/ActivityManager(  341): Unable to start service Intent { cmp=com.aware/.Applications }: not found
03-28 00:59:22.492 W/ThrottleService(  341): unable to find stats for iface rmnet0
03-28 01:01:26.513 W/ProcessStats(  341): Skipping unknown process pid 24637
03-28 01:01:26.513 W/ProcessStats(  341): Skipping unknown process pid 24646
03-28 01:03:19.223 W/ActivityManager(  341): Unable to start service Intent { cmp=com.aware/.Applications }: not found
03-28 01:04:26.399 W/ProcessStats(  341): Skipping unknown process pid 25338
03-28 01:04:26.399 W/ProcessStats(  341): Skipping unknown process pid 25356
03-28 01:05:26.617 W/ProcessStats(  341): Skipping unknown process pid 25572
03-28 01:08:19.346 W/ActivityManager(  341): Unable to start service Intent { cmp=com.aware/.Applications }: not found
03-28 01:09:22.487 W/ThrottleService(  341): unable to find stats for iface rmnet0
03-28 01:11:26.538 W/ProcessStats(  341): Skipping unknown process pid 27006
03-28 01:11:26.538 W/ProcessStats(  341): Skipping unknown process pid 27011
03-28 01:13:19.218 W/ActivityManager(  341): Unable to start service Intent { cmp=com.aware/.Applications }: not found
03-28 01:14:26.584 W/ProcessStats(  341): Skipping unknown process pid 27712
03-28 01:17:26.610 W/ProcessStats(  341): Skipping unknown process pid 28410
03-28 01:18:19.221 W/ActivityManager(  341): Unable to start service Intent { cmp=com.aware/.Applications }: not found
03-28 01:19:22.493 W/ThrottleService(  341): unable to find stats for iface rmnet0
03-28 01:20:26.655 W/ProcessStats(  341): Skipping unknown process pid 29111
03-28 01:22:16.302 I/ActivityManager(  341): Start proc com.google.android.gms for service com.google.android.gms/.security.snet.SnetService: pid=29556 uid=10048 gids={3003, 1015, 1028, 1007, 3002, 3001, 1006, 2001, 3006}
03-28 01:22:16.362 D/GSM     (  560): [GsmDCT] handleMessage msg={ what=270368 when=0 arg1=1 }
03-28 01:23:19.224 W/ActivityManager(  341): Unable to start service Intent { cmp=com.aware/.Applications }: not found
03-28 01:27:37.706 W/ProcessStats(  341): Skipping unknown process pid 30811
03-28 01:27:37.706 W/ProcessStats(  341): Skipping unknown process pid 30826
03-28 01:28:19.216 W/ActivityManager(  341): Unable to start service Intent { cmp=com.aware/.Applications }: not found
03-28 01:29:22.508 W/ThrottleService(  341): unable to find stats for iface rmnet0
03-28 01:33:19.219 W/ActivityManager(  341): Unable to start service Intent { cmp=com.aware/.Applications }: not found
03-28 01:37:05.180 W/ProcessStats(  341): Skipping unknown process pid 687
03-28 01:37:05.180 W/ProcessStats(  341): Skipping unknown process pid 699
03-28 01:38:19.222 W/ActivityManager(  341): Unable to start service Intent { cmp=com.aware/.Applications }: not found
03-28 01:39:22.514 W/ThrottleService(  341): unable to find stats for iface rmnet0
03-28 01:42:37.664 W/ProcessStats(  341): Skipping unknown process pid 2002
03-28 01:42:37.664 W/ProcessStats(  341): Skipping unknown process pid 2019
03-28 01:43:19.335 W/ActivityManager(  341): Unable to start service Intent { cmp=com.aware/.Applications }: not found
03-28 01:48:19.217 W/ActivityManager(  341): Unable to start service Intent { cmp=com.aware/.Applications }: not found
03-28 01:49:22.509 W/ThrottleService(  341): unable to find stats for iface rmnet0
03-28 01:51:37.791 W/ProcessStats(  341): Skipping unknown process pid 4116
03-28 01:51:37.791 W/ProcessStats(  341): Skipping unknown process pid 4125
03-28 01:52:16.349 D/GSM     (  560): [GsmDCT] handleMessage msg={ what=270368 when=0 arg1=1 }
03-28 01:53:19.210 W/ActivityManager(  341): Unable to start service Intent { cmp=com.aware/.Applications }: not found
03-28 01:54:37.756 W/ProcessStats(  341): Skipping unknown process pid 4821
03-28 01:54:37.756 W/ProcessStats(  341): Skipping unknown process pid 4831
03-28 01:56:36.312 I/ActivityManager(  341): Process com.google.process.location (pid 26580) has died.
03-28 01:56:36.312 W/ActivityManager(  341): Scheduling restart of crashed service com.google.android.gms/com.google.android.location.reporting.service.DispatchingService in 5000ms
03-28 01:56:36.312 W/ActivityManager(  341): Scheduling restart of crashed service com.google.android.gms/com.google.android.location.internal.GoogleLocationManagerService in 15000ms
03-28 01:56:36.312 W/ActivityManager(  341): Scheduling restart of crashed service com.google.android.gms/com.google.android.location.fused.NlpLocationReceiverService in 25000ms
03-28 01:56:36.312 I/LocationManagerService(  341): remove passive (pid 341), next minTime = 0
03-28 01:56:41.377 I/ActivityManager(  341): Start proc com.google.process.location for service com.google.android.gms/com.google.android.location.reporting.service.DispatchingService: pid=5310 uid=10048 gids={3003, 1015, 1028, 1007, 3002, 3001, 1006, 2001, 3006}
03-28 01:56:41.928 I/LocationManagerService(  341): request passive (pid 5310) 0 0
03-28 01:56:43.749 I/ActivityManager(  341): Process com.bel.android.dspmanager (pid 26707) has died.
03-28 01:56:43.749 W/ActivityManager(  341): Scheduling restart of crashed service com.bel.android.dspmanager/.service.HeadsetService in 5000ms
03-28 01:56:44.790 I/ActivityManager(  341): Process com.android.providers.calendar (pid 10284) has died.
03-28 01:56:48.814 I/ActivityManager(  341): Start proc com.bel.android.dspmanager for service com.bel.android.dspmanager/.service.HeadsetService: pid=5379 uid=10013 gids={3002, 1028}
