03-28 14:43:21.705 I/ActivityManager(  341): Process com.google.process.location (pid 10383) has died.
03-28 14:43:21.705 W/ActivityManager(  341): Scheduling restart of crashed service com.google.android.gms/com.google.android.location.reporting.service.DispatchingService in 5000ms
03-28 14:43:21.705 W/ActivityManager(  341): Scheduling restart of crashed service com.google.android.gms/com.google.android.location.internal.GoogleLocationManagerService in 14997ms
03-28 14:43:21.705 W/ActivityManager(  341): Scheduling restart of crashed service com.google.android.gms/com.google.android.location.fused.NlpLocationReceiverService in 24997ms
03-28 14:43:22.346 I/ActivityManager(  341): Start proc com.android.deskclock for broadcast com.android.deskclock/com.android.alarmclock.AnalogAppWidgetProvider: pid=25352 uid=10015 gids={1028}
03-28 14:43:22.476 W/ActivityManager(  341): Permission denied: checkComponentPermission() owningUid=1000
03-28 14:43:22.476 W/BroadcastQueue(  341): Permission Denial: broadcasting Intent { act=android.appwidget.action.APPWIDGET_UPDATE_OPTIONS flg=0x10 cmp=com.android.settings/.widget.SettingsAppWidgetProvider (has extras) } from android (pid=25300, uid=10042) is not exported from uid 1000 due to receiver com.android.settings/com.android.settings.widget.SettingsAppWidgetProvider
03-28 14:43:22.726 I/ActivityManager(  341): Process com.bel.android.dspmanager (pid 10453) has died.
03-28 14:43:22.726 W/ActivityManager(  341): Scheduling restart of crashed service com.bel.android.dspmanager/.service.HeadsetService in 33971ms
03-28 14:43:22.756 D/HTC_RIL (  129): RX::> +HTCUCSQ: 7\r\n
03-28 14:43:22.756 D/HTC_RIL (  129): (t=1396014202)%% +HTCUCSQ: 7\r\n
03-28 14:43:22.756 D/HTC_RIL (  129): at_read_thread():Ready to enter at_channel_read
03-28 14:43:22.937 I/ActivityManager(  341): Process com.android.settings (pid 10306) has died.
03-28 14:43:23.207 I/ActivityManager(  341): Process com.google.android.gms (pid 10336) has died.
03-28 14:43:24.448 I/ActivityManager(  341): Process android.process.media (pid 25256) has died.
03-28 14:43:24.859 I/ActivityManager(  341): Process com.google.process.gapps (pid 24443) has died.
03-28 14:43:24.869 W/ActivityManager(  341): Scheduling restart of crashed service com.google.android.gsf/.gtalkservice.service.GTalkService in 41833ms
03-28 14:43:24.869 W/ActivityManager(  341): Scheduling restart of crashed service com.google.android.gms/.gcm.GcmService in 51833ms
03-28 14:43:24.869 W/ActivityManager(  341): Scheduling restart of crashed service com.google.android.location/.NetworkLocationService in 51833ms
03-28 14:43:25.970 D/HTC_RIL (  129): RX::> +HTCUCSQ: 8\r\n
03-28 14:43:25.970 D/HTC_RIL (  129): (t=1396014205)%% +HTCUCSQ: 8\r\n
03-28 14:43:25.970 D/HTC_RIL (  129): at_read_thread():Ready to enter at_channel_read
03-28 14:43:26.750 I/ActivityManager(  341): Start proc com.google.process.location for service com.google.android.gms/com.google.android.location.reporting.service.DispatchingService: pid=25407 uid=10048 gids={3003, 1015, 1028, 1007, 3002, 3001, 1006, 2001, 3006}
03-28 14:43:27.361 I/ActivityManager(  341): Process com.android.deskclock (pid 25352) has died.
03-28 14:43:27.451 I/ActivityManager(  341): Start proc com.google.android.gms for broadcast com.google.android.gms/.init.InitializeGmsReceiver: pid=25422 uid=10048 gids={3003, 1015, 1028, 1007, 3002, 3001, 1006, 2001, 3006}
03-28 14:43:27.701 I/WindowState(  341): WIN DEATH: Window{40ed5058 SurfaceView paused=false}
03-28 14:43:27.701 I/ActivityManager(  341): Process com.android.gallery3d (pid 21420) has died.
03-28 14:43:27.711 I/WindowState(  341): WIN DEATH: Window{40ed4eb8 com.android.gallery3d/com.android.camera.CameraLauncher paused=false}
03-28 14:43:27.721 I/WindowManager(  341): WINDOW DIED Window{40ed4eb8 com.android.gallery3d/com.android.camera.CameraLauncher paused=false}
03-28 14:43:27.751 I/ActivityManager(  341): Start proc com.google.process.gapps for content provider com.google.android.gsf/.gservices.GservicesProvider: pid=25441 uid=10048 gids={3003, 1015, 1028, 1007, 3002, 3001, 1006, 2001, 3006}
03-28 14:43:28.922 I/LocationManagerService(  341): request passive (pid 25407) 0 0
03-28 14:43:29.163 D/HTC_RIL (  129): RX::> +HTCUCSQ: 7\r\n
03-28 14:43:29.163 D/HTC_RIL (  129): (t=1396014209)%% +HTCUCSQ: 7\r\n
03-28 14:43:29.163 D/HTC_RIL (  129): at_read_thread():Ready to enter at_channel_read
03-28 14:43:29.363 I/ActivityManager(  341): Process com.google.android.gms (pid 25422) has died.
03-28 14:43:30.254 I/ActivityManager(  341): Start proc com.google.android.gms for broadcast com.google.android.gms/.init.InitializeGmsReceiver: pid=25503 uid=10048 gids={3003, 1015, 1028, 1007, 3002, 3001, 1006, 2001, 3006}
03-28 14:43:30.694 I/ActivityManager(  341): Applications Memory Usage (kB):
03-28 14:43:30.694 I/ActivityManager(  341): Uptime: 79294007 Realtime: 86771088
03-28 14:43:30.694 I/ActivityManager(  341): Total PSS by OOM adjustment:
03-28 14:43:30.694 I/ActivityManager(  341):     26965 kB: System
03-28 14:43:30.694 I/ActivityManager(  341):                26965 kB: system (pid 341)
03-28 14:43:30.694 I/ActivityManager(  341):     33488 kB: Persistent
03-28 14:43:30.694 I/ActivityManager(  341):                26147 kB: com.android.systemui (pid 441)
03-28 14:43:30.694 I/ActivityManager(  341):                 7341 kB: com.android.phone (pid 560)
03-28 14:43:30.694 I/ActivityManager(  341):     44381 kB: Foreground
03-28 14:43:30.694 I/ActivityManager(  341):                37206 kB: com.cyanogenmod.trebuchet (pid 25300)
03-28 14:43:30.694 I/ActivityManager(  341):                 7175 kB: com.google.process.location (pid 25407)
03-28 14:43:30.694 I/ActivityManager(  341):     20698 kB: Visible
03-28 14:43:30.694 I/ActivityManager(  341):                17559 kB: com.aware (pid 9036)
03-28 14:43:30.694 I/ActivityManager(  341):                 3139 kB: com.android.smspush (pid 649)
03-28 14:43:30.694 I/ActivityManager(  341):      8823 kB: Perceptible
03-28 14:43:30.694 I/ActivityManager(  341):                 8823 kB: com.android.inputmethod.latin (pid 8319)
03-28 14:43:30.694 I/ActivityManager(  341): 
03-28 14:43:30.694 I/ActivityManager(  341): Total PSS: 134355 kB
03-28 14:43:30.694 I/ActivityManager(  341):       KSM: 0 kB saved from shared 0 kB
03-28 14:43:30.694 I/ActivityManager(  341):            0 kB unshared; 0 kB volatile
03-28 14:43:30.694 I/ActivityManager(  341):   PID      Vss      Rss      Pss      Uss  cmdline
03-28 14:43:30.694 I/ActivityManager(  341):   341   40520K   40448K   27188K   25008K  system_server
03-28 14:43:30.694 I/ActivityManager(  341): 25300   82000K   42536K   26585K   23384K  com.cyanogenmod.trebuchet
03-28 14:43:30.694 I/ActivityManager(  341):   441   58788K   39512K   26346K   24328K  com.android.systemui
03-28 14:43:30.694 I/ActivityManager(  341):  9036   31760K   31628K   17401K   15144K  com.aware
03-28 14:43:30.694 I/ActivityManager(  341): 25441   28180K   28032K   11748K    8752K  com.google.process.gapps
03-28 14:43:30.694 I/ActivityManager(  341): 25407   27184K   27044K   10999K    7996K  com.google.process.location
03-28 14:43:30.694 I/ActivityManager(  341):  8319   22096K   21980K    8929K    7320K  com.android.inputmethod.latin
03-28 14:43:30.694 I/ActivityManager(  341):   560   19324K   19188K    7541K    6124K  com.android.phone
03-28 14:43:30.694 I/ActivityManager(  341):   133    8116K    7424K    6345K    5904K  /system/bin/mediaserver
03-28 14:43:30.694 I/ActivityManager(  341):   130   45476K    6584K    5848K    5720K  /system/bin/surfaceflinger
03-28 14:43:30.694 I/ActivityManager(  341):   649   14268K   14112K    3396K    2004K  com.android.smspush
03-28 14:43:30.694 I/ActivityManager(  341):   131   14084K   13900K    2998K    1496K  zygote
03-28 14:43:30.694 I/ActivityManager(  341):   122    1352K    1352K    1212K    1208K  /system/bin/auditd
03-28 14:43:30.694 I/ActivityManager(  341):   132    1044K    1044K     771K     756K  /system/bin/drmserver
03-28 14:43:30.694 I/ActivityManager(  341):   129     920K     916K     676K     664K  /system/bin/rild
03-28 14:43:30.694 I/ActivityManager(  341): 25462     760K     760K     552K     520K  procrank
03-28 14:43:30.694 I/ActivityManager(  341):   436     724K     724K     538K     528K  /system/bin/wpa_supplicant
03-28 14:43:30.694 I/ActivityManager(  341):   127     740K     740K     532K     512K  /system/bin/netd
03-28 14:43:30.694 I/ActivityManager(  341):   125     500K     500K     326K     316K  /system/bin/vold
03-28 14:43:30.694 I/ActivityManager(  341):   136     432K     432K     278K     272K  /system/bin/keystore
03-28 14:43:30.694 I/ActivityManager(  341): 23718     448K     444K     251K     220K  /system/bin/sh
03-28 14:43:30.694 I/ActivityManager(  341):   128     384K     384K     233K     228K  /system/bin/debuggerd
03-28 14:43:30.694 I/ActivityManager(  341):   138     360K     356K     209K     204K  /system/bin/netmgrd
03-28 14:43:30.694 I/ActivityManager(  341):   139     352K     348K     208K     204K  /system/bin/qmuxd
03-28 14:43:30.694 I/ActivityManager(  341):   141     216K     216K     196K     196K  /sbin/adbd
03-28 14:43:30.694 I/ActivityManager(  341):   811     364K     364K     184K     176K  /system/bin/mpdecision
03-28 14:43:30.694 I/ActivityManager(  341):   597     332K     332K     180K     172K  /system/bin/dhcpcd
03-28 14:43:30.694 I/ActivityManager(  341):     1     244K     244K     172K     128K  /init
03-28 14:43:30.694 I/ActivityManager(  341):   137     188K     188K     172K     172K  /system/bin/htcbatt
03-28 14:43:30.694 I/ActivityManager(  341):   814     300K     300K     150K     144K  /system/bin/thermald
03-28 14:43:30.694 I/ActivityManager(  341):   134     284K     280K     148K     144K  /system/bin/dbus-daemon
03-28 14:43:30.694 I/ActivityManager(  341):    98     184K     184K     136K      92K  /sbin/ueventd
03-28 14:43:30.694 I/ActivityManager(  341):   135     248K     244K     112K     108K  /system/bin/installd
03-28 14:43:30.694 I/ActivityManager(  341):   124     228K     228K     108K     104K  /system/bin/servicemanager
03-28 14:43:30.694 I/ActivityManager(  341):   126    6188K      44K      40K      40K  /system/bin/rmt_storage
03-28 14:43:30.694 I/ActivityManager(  341):                           ------   ------  ------
03-28 14:43:30.694 I/ActivityManager(  341):                          162724K  140288K  TOTAL
03-28 14:43:30.694 I/ActivityManager(  341): RAM: 596860K total, 25572K free, 852K buffers, 348504K cached, 298312K shmem, 20276K slab
03-28 14:43:32.366 D/HTC_RIL (  129): RX::> +HTCUCSQ: 6\r\n
03-28 14:43:32.366 D/HTC_RIL (  129): (t=1396014212)%% +HTCUCSQ: 6\r\n
03-28 14:43:32.366 D/HTC_RIL (  129): at_read_thread():Ready to enter at_channel_read
03-28 14:43:34.858 I/ActivityManager(  341): START {act=android.intent.action.MAIN cat=[android.intent.category.LAUNCHER] flg=0x10200000 cmp=com.android.vending/.AssetBrowserActivity u=0} from pid 25300
03-28 14:43:34.958 I/ActivityManager(  341): Start proc com.android.vending for activity com.android.vending/.AssetBrowserActivity: pid=25525 uid=10058 gids={3003, 1015, 1028}
03-28 14:43:35.559 D/HTC_RIL (  129): RX::> +HTCUCSQ: 5\r\n
03-28 14:43:35.559 D/HTC_RIL (  129): (t=1396014215)%% +HTCUCSQ: 5\r\n
03-28 14:43:35.559 D/HTC_RIL (  129): at_read_thread():Ready to enter at_channel_read
03-28 14:43:35.919 I/ActivityManager(  341): Start proc android.process.media for content provider com.android.providers.downloads/.DownloadProvider: pid=25580 uid=10017 gids={1015, 1023, 1024, 1028, 2001, 3003, 3007}
03-28 14:43:36.230 I/ActivityManager(  341): Start proc com.google.android.gsf.login for service com.google.android.gsf.login/com.google.android.gsf.loginservice.GoogleLoginService: pid=25595 uid=10048 gids={3003, 1015, 1028, 1007, 3002, 3001, 1006, 2001, 3006}
03-28 14:43:36.830 I/ActivityManager(  341): Process com.google.android.gms (pid 25503) has died.
03-28 14:43:39.813 I/ActivityManager(  341): Process android.process.media (pid 25580) has died.
03-28 14:43:42.005 I/ActivityManager(  341): Process com.google.android.gsf.login (pid 25595) has died.
03-28 14:43:42.986 I/ActivityManager(  341): Start proc com.google.android.gsf.login for service com.google.android.gsf.login/com.google.android.gsf.loginservice.GoogleLoginService: pid=25660 uid=10048 gids={3003, 1015, 1028, 1007, 3002, 3001, 1006, 2001, 3006}
03-28 14:43:45.158 D/HTC_RIL (  129): RX::> +HTCUCSQ: 9\r\n
03-28 14:43:45.158 D/HTC_RIL (  129): (t=1396014225)%% +HTCUCSQ: 9\r\n
03-28 14:43:45.158 D/HTC_RIL (  129): at_read_thread():Ready to enter at_channel_read
03-28 14:43:51.565 D/HTC_RIL (  129): RX::> +HTCUCSQ: 10\r\n
03-28 14:43:51.565 D/HTC_RIL (  129): (t=1396014231)%% +HTCUCSQ: 10\r\n
03-28 14:43:51.565 D/HTC_RIL (  129): at_read_thread():Ready to enter at_channel_read
03-28 14:43:54.758 D/HTC_RIL (  129): RX::> +HTCUCSQ: 9\r\n
03-28 14:43:54.758 D/HTC_RIL (  129): (t=1396014234)%% +HTCUCSQ: 9\r\n
03-28 14:43:54.758 D/HTC_RIL (  129): at_read_thread():Ready to enter at_channel_read
03-28 14:43:56.750 I/ActivityManager(  341): Start proc com.bel.android.dspmanager for service com.bel.android.dspmanager/.service.HeadsetService: pid=25745 uid=10013 gids={3002, 1028}
03-28 14:43:57.971 D/HTC_RIL (  129): RX::> +HTCUCSQ: 10\r\n
03-28 14:43:57.971 D/HTC_RIL (  129): (t=1396014237)%% +HTCUCSQ: 10\r\n
03-28 14:43:57.971 D/HTC_RIL (  129): at_read_thread():Ready to enter at_channel_read
03-28 14:44:06.990 I/ActivityManager(  341): Start proc com.google.android.talk for broadcast com.google.android.talk/.McsConnectionStartedReceiver: pid=25800 uid=10033 gids={3003, 1015, 1006, 3002, 1028}
03-28 14:44:07.520 I/ActivityManager(  341): Start proc android.process.media for content provider com.android.providers.media/.MediaProvider: pid=25830 uid=10017 gids={1015, 1023, 1024, 1028, 2001, 3003, 3007}
03-28 14:44:07.520 I/ActivityManager(  341): Process com.google.android.gsf.login (pid 25660) has died.
03-28 14:44:08.231 I/ActivityManager(  341): Process com.google.android.talk (pid 25800) has died.
03-28 14:44:08.751 I/ActivityManager(  341): Start proc android.process.acore for content provider com.android.providers.contacts/.ContactsProvider2: pid=25856 uid=10001 gids={3003, 1015, 1028}
03-28 14:44:09.792 D/ConnectivityService(  341): handleInetConditionHoldEnd: net=1, condition=100, published condition=100
03-28 14:44:09.802 I/ActivityManager(  341): Start proc com.google.android.talk for broadcast com.google.android.talk/.ConnectionStateOnlineReceiver: pid=25874 uid=10033 gids={3003, 1015, 1006, 3002, 1028}
03-28 14:44:09.943 I/ActivityManager(  341): Process android.process.media (pid 25830) has died.
03-28 14:44:10.313 I/ActivityManager(  341): Process com.google.android.talk (pid 25874) has died.
03-28 14:44:10.483 I/ActivityManager(  341): Start proc com.google.android.talk for broadcast com.google.android.talk/.videochat.XmppReceiver: pid=25919 uid=10033 gids={3003, 1015, 1006, 3002, 1028}
03-28 14:44:10.763 I/ActivityManager(  341): Process com.google.android.talk (pid 25919) has died.
03-28 14:44:11.204 I/ActivityManager(  341): Process android.process.acore (pid 25856) has died.
03-28 14:44:13.956 D/HTC_RIL (  129): RX::> +HTCUCSQ: 8\r\n
03-28 14:44:13.956 D/HTC_RIL (  129): (t=1396014253)%% +HTCUCSQ: 8\r\n
03-28 14:44:13.956 D/HTC_RIL (  129): at_read_thread():Ready to enter at_channel_read
03-28 14:44:17.160 D/HTC_RIL (  129): RX::> +HTCUCSQ: 9\r\n
03-28 14:44:17.160 D/HTC_RIL (  129): (t=1396014257)%% +HTCUCSQ: 9\r\n
03-28 14:44:17.160 D/HTC_RIL (  129): at_read_thread():Ready to enter at_channel_read
03-28 14:44:20.373 D/HTC_RIL (  129): RX::> +HTCUCSQ: 7\r\n
03-28 14:44:20.373 D/HTC_RIL (  129): (t=1396014260)%% +HTCUCSQ: 7\r\n
03-28 14:44:20.373 D/HTC_RIL (  129): at_read_thread():Ready to enter at_channel_read
03-28 14:44:29.962 D/HTC_RIL (  129): RX::> +HTCUCSQ: 8\r\n
03-28 14:44:29.962 D/HTC_RIL (  129): (t=1396014269)%% +HTCUCSQ: 8\r\n
03-28 14:44:29.962 D/HTC_RIL (  129): at_read_thread():Ready to enter at_channel_read
03-28 14:44:36.358 D/HTC_RIL (  129): RX::> +HTCUCSQ: 7\r\n
03-28 14:44:36.358 D/HTC_RIL (  129): (t=1396014276)%% +HTCUCSQ: 7\r\n
03-28 14:44:36.358 D/HTC_RIL (  129): at_read_thread():Ready to enter at_channel_read
03-28 14:44:39.561 D/HTC_RIL (  129): RX::> +HTCUCSQ: 8\r\n
03-28 14:44:39.561 D/HTC_RIL (  129): (t=1396014279)%% +HTCUCSQ: 8\r\n
03-28 14:44:39.561 D/HTC_RIL (  129): at_read_thread():Ready to enter at_channel_read
03-28 14:44:42.775 D/HTC_RIL (  129): RX::> +HTCUCSQ: 6\r\n
03-28 14:44:42.775 D/HTC_RIL (  129): (t=1396014282)%% +HTCUCSQ: 6\r\n
03-28 14:44:42.775 D/HTC_RIL (  129): at_read_thread():Ready to enter at_channel_read
03-28 14:44:45.968 D/HTC_RIL (  129): RX::> +HTCUCSQ: 7\r\n
03-28 14:44:45.968 D/HTC_RIL (  129): (t=1396014285)%% +HTCUCSQ: 7\r\n
03-28 14:44:45.968 D/HTC_RIL (  129): at_read_thread():Ready to enter at_channel_read
03-28 14:44:49.161 D/HTC_RIL (  129): RX::> +HTCUCSQ: 8\r\n
03-28 14:44:49.161 D/HTC_RIL (  129): (t=1396014289)%% +HTCUCSQ: 8\r\n
03-28 14:44:49.161 D/HTC_RIL (  129): at_read_thread():Ready to enter at_channel_read
03-28 14:44:50.933 D/RILJ    (  560): [0123]> SCREEN_STATE: false
03-28 14:44:50.943 D/GSM     (  560): [GsmDCT] onReceive: action=android.intent.action.SCREEN_OFF
03-28 14:44:50.943 D/GSM     (  560): [GsmDCT] stopNetStatPoll
03-28 14:44:50.943 D/GSM     (  560): [GsmDCT] overall state is IDLE
03-28 14:44:50.963 D/HTC_RIL (  129): ril_func_screen_state_notified():called
03-28 14:44:50.963 I/HTC_RIL (  129): qcril_data_toggle_dormancy_indications():>>>>>> LOCK QCRIL_DATA MUTEX 4026081c
03-28 14:44:50.963 I/HTC_RIL (  129): qcril_data_toggle_dormancy_indications():LOCK QCRIL_DATA MUTEX 4026081c result=0
03-28 14:44:50.963 D/HTC_RIL (  129): qcril_data_toggle_dormancy_indications():Switch ON/OFF dormancy indications on all active interfaces
03-28 14:44:50.963 I/HTC_RIL (  129): qcril_data_toggle_dormancy_indications():<<<<<< UNLOCK QCRIL_DATA MUTEX 4026081c
03-28 14:44:50.963 I/HTC_RIL (  129): qcril_data_toggle_dormancy_indications():UNLOCK QCRIL_DATA MUTEX 4026081c result=0
03-28 14:44:50.963 I/HTC_RIL (  129): qcril_data_toggle_dormancy_indications():qcril_data_toggle_dormancy_indications: EXIT with SUCCESS
03-28 14:44:50.963 D/HTC_RIL (  129): ril_func_screen_state_notified():Not found 'ether:' in USB_STATE_PATH
03-28 14:44:50.963 D/HTC_RIL (  129): ril_func_screen_state_notified():Not found 'ether:' in USB_STATE_PATH.
03-28 14:44:50.963 D/HTC_RIL (  129): fd_ballots():AP 0 votes to enable fast dormancy!
03-28 14:44:50.963 D/HTC_RIL (  129): (t=1396014290)>> AT+ENCSQ=0\r
03-28 14:44:50.973 D/HTC_RIL (  129): RX::> 0\r
03-28 14:44:50.973 D/HTC_RIL (  129): at_read_thread():Ready to enter at_channel_read
03-28 14:44:50.973 D/HTC_RIL (  129): (t=1396014290)<< 0\r
03-28 14:44:50.973 D/HTC_RIL (  129): (t=1396014290)>> AT+CREG=1\r
03-28 14:44:50.973 D/HTC_RIL (  129): RX::> 0\r
03-28 14:44:50.973 D/HTC_RIL (  129): at_read_thread():Ready to enter at_channel_read
03-28 14:44:50.973 D/HTC_RIL (  129): (t=1396014290)<< 0\r
03-28 14:44:50.973 D/HTC_RIL (  129): (t=1396014290)>> AT+CSQ\r
03-28 14:44:50.973 D/HTC_RIL (  129): RX::> +CSQ: 8,99\r\n0\r
03-28 14:44:50.973 D/HTC_RIL (  129): at_read_thread():Ready to enter at_channel_read
03-28 14:44:50.973 D/HTC_RIL (  129): (t=1396014290)<< +CSQ: 8,99\r\n0\r
03-28 14:44:50.973 D/HTC_RIL (  129): (t=1396014290)>> AT@DISPLAYSTATE=0\r
03-28 14:44:50.973 D/HTC_RIL (  129): RX::> 0\r
03-28 14:44:50.973 D/HTC_RIL (  129): at_read_thread():Ready to enter at_channel_read
03-28 14:44:50.973 D/HTC_RIL (  129): (t=1396014290)<< 0\r
03-28 14:44:50.973 D/HTC_RIL (  129): (t=1396014290)>> AT@HTCGFSET=2\r
03-28 14:44:50.973 D/HTC_RIL (  129): RX::> 0\r
03-28 14:44:50.973 D/HTC_RIL (  129): at_read_thread():Ready to enter at_channel_read
03-28 14:44:50.973 D/HTC_RIL (  129): (t=1396014290)<< 0\r
03-28 14:44:50.973 D/HTC_RIL (  129): (t=1396014290)>> AT@HTCPDPFD=1\r
03-28 14:44:50.973 D/HTC_RIL (  129): RX::> @PDPFD: garbage_count=0\r\n0\r
03-28 14:44:50.973 D/HTC_RIL (  129): (t=1396014290)XX @PDPFD: garbage_count=0\r\n
03-28 14:44:50.973 D/HTC_RIL (  129): at_read_thread():Ready to enter at_channel_read
03-28 14:44:50.973 D/HTC_RIL (  129): (t=1396014290)<< 0\r
03-28 14:44:50.973 D/HTC_RIL (  129): (t=1396014290)>> AT+HTCPDPFD=1\r
03-28 14:44:50.973 D/HTC_RIL (  129): RX::> 4\r
03-28 14:44:50.973 D/HTC_RIL (  129): at_read_thread():Ready to enter at_channel_read
03-28 14:44:50.973 D/HTC_RIL (  129): (t=1396014290)<< 4\r
03-28 14:44:50.983 D/RILJ    (  560): [0123]< SCREEN_STATE error: com.android.internal.telephony.CommandException: GENERIC_FAILURE
03-28 14:44:55.567 I/ActivityManager(  341): Start proc com.google.android.gsf.login for service com.google.android.gsf.login/com.google.android.gsf.loginservice.GoogleLoginService: pid=26133 uid=10048 gids={3003, 1015, 1028, 1007, 3002, 3001, 1006, 2001, 3006}
03-28 14:44:55.787 D/PhoneStatusBar(  441): disable: < expand icons alerts ticker system_info back home RECENT* clock >
03-28 14:44:55.967 D/PhoneStatusBar(  441): disable: < expand icons alerts ticker system_info BACK* HOME* RECENT CLOCK* >
03-28 14:45:05.587 I/WindowManager(  341): Lock screen displayed!
03-28 14:45:05.687 D/RILJ    (  560): [0124]> SCREEN_STATE: true
03-28 14:45:05.687 D/HTC_RIL (  129): ril_func_screen_state_notified():called
03-28 14:45:05.687 I/HTC_RIL (  129): qcril_data_toggle_dormancy_indications():>>>>>> LOCK QCRIL_DATA MUTEX 4026081c
03-28 14:45:05.687 I/HTC_RIL (  129): qcril_data_toggle_dormancy_indications():LOCK QCRIL_DATA MUTEX 4026081c result=0
03-28 14:45:05.687 D/HTC_RIL (  129): qcril_data_toggle_dormancy_indications():Switch ON/OFF dormancy indications on all active interfaces
03-28 14:45:05.687 I/HTC_RIL (  129): qcril_data_toggle_dormancy_indications():<<<<<< UNLOCK QCRIL_DATA MUTEX 4026081c
03-28 14:45:05.687 I/HTC_RIL (  129): qcril_data_toggle_dormancy_indications():UNLOCK QCRIL_DATA MUTEX 4026081c result=0
03-28 14:45:05.687 I/HTC_RIL (  129): qcril_data_toggle_dormancy_indications():qcril_data_toggle_dormancy_indications: EXIT with SUCCESS
03-28 14:45:05.687 D/HTC_RIL (  129): ril_func_screen_state_notified():Not found 'ether:' in USB_STATE_PATH
03-28 14:45:05.687 D/HTC_RIL (  129): fd_ballots():AP 0 votes to disable fast dormancy!
03-28 14:45:05.687 D/HTC_RIL (  129): (t=1396014305)>> AT+ENCSQ=1\r
03-28 14:45:05.697 D/HTC_RIL (  129): RX::> 0\r
03-28 14:45:05.697 D/HTC_RIL (  129): at_read_thread():Ready to enter at_channel_read
03-28 14:45:05.697 D/HTC_RIL (  129): (t=1396014305)<< 0\r
03-28 14:45:05.697 D/HTC_RIL (  129): (t=1396014305)>> AT+CREG=2\r
03-28 14:45:05.697 D/GSM     (  560): [GsmDCT] onReceive: action=android.intent.action.SCREEN_ON
03-28 14:45:05.697 D/GSM     (  560): [GsmDCT] stopNetStatPoll
03-28 14:45:05.697 D/GSM     (  560): [GsmDCT] overall state is IDLE
03-28 14:45:05.697 D/HTC_RIL (  129): RX::> 0\r
03-28 14:45:05.697 D/HTC_RIL (  129): at_read_thread():Ready to enter at_channel_read
03-28 14:45:05.697 D/HTC_RIL (  129): (t=1396014305)<< 0\r
03-28 14:45:05.697 D/HTC_RIL (  129): (t=1396014305)>> AT+CSQ\r
03-28 14:45:05.697 D/HTC_RIL (  129): RX::> +CSQ: 7,99\r\n0\r
03-28 14:45:05.697 D/HTC_RIL (  129): at_read_thread():Ready to enter at_channel_read
03-28 14:45:05.697 D/HTC_RIL (  129): (t=1396014305)<< +CSQ: 7,99\r\n0\r
03-28 14:45:05.697 D/HTC_RIL (  129): (t=1396014305)>> AT+CREG?\r
03-28 14:45:05.697 D/HTC_RIL (  129): RX::> +CREG: 2,1,"CEA5","0387EBAC"\r\n0\r
03-28 14:45:05.697 D/HTC_RIL (  129): at_read_thread():Ready to enter at_channel_read
03-28 14:45:05.697 D/HTC_RIL (  129): (t=1396014305)<< +CREG: 2,1,"CEA5","0387EBAC"\r\n0\r
03-28 14:45:05.697 D/HTC_RIL (  129): (t=1396014305)>> AT+CGREG?\r
03-28 14:45:05.697 D/HTC_RIL (  129): RX::> +CGREG: 1,1\r\n0\r
03-28 14:45:05.697 D/HTC_RIL (  129): at_read_thread():Ready to enter at_channel_read
03-28 14:45:05.697 D/HTC_RIL (  129): (t=1396014305)<< +CGREG: 1,1\r\n0\r
03-28 14:45:05.697 D/HTC_RIL (  129): (t=1396014305)>> AT+COPS=3,2;+COPS?\r
03-28 14:45:05.697 D/HTC_RIL (  129): RX::> +COPS: 0,2,"26002",4\r\n0\r
03-28 14:45:05.697 D/HTC_RIL (  129): at_read_thread():Ready to enter at_channel_read
03-28 14:45:05.697 D/HTC_RIL (  129): (t=1396014305)<< +COPS: 0,2,"26002",4\r\n0\r
03-28 14:45:05.697 D/HTC_RIL (  129): (t=1396014305)>> AT@DISPLAYSTATE=1\r
03-28 14:45:05.707 D/HTC_RIL (  129): RX::> 0\r
03-28 14:45:05.707 D/HTC_RIL (  129): at_read_thread():Ready to enter at_channel_read
03-28 14:45:05.707 D/HTC_RIL (  129): (t=1396014305)<< 0\r
03-28 14:45:05.707 D/HTC_RIL (  129): (t=1396014305)>> AT@HTCGFSET=2\r
03-28 14:45:05.707 D/HTC_RIL (  129): RX::> 0\r
03-28 14:45:05.707 D/HTC_RIL (  129): at_read_thread():Ready to enter at_channel_read
03-28 14:45:05.707 D/HTC_RIL (  129): (t=1396014305)<< 0\r
03-28 14:45:05.707 D/HTC_RIL (  129): (t=1396014305)>> AT@HTCPDPFD=0\r
03-28 14:45:05.707 D/HTC_RIL (  129): RX::> @PDPFD: garbage_count=0\r\n0\r
03-28 14:45:05.707 D/HTC_RIL (  129): (t=1396014305)XX @PDPFD: garbage_count=0\r\n
03-28 14:45:05.707 D/HTC_RIL (  129): at_read_thread():Ready to enter at_channel_read
03-28 14:45:05.707 D/HTC_RIL (  129): (t=1396014305)<< 0\r
03-28 14:45:05.707 D/HTC_RIL (  129): (t=1396014305)>> AT+HTCPDPFD=0\r
03-28 14:45:05.707 D/HTC_RIL (  129): RX::> 4\r
03-28 14:45:05.707 D/HTC_RIL (  129): at_read_thread():Ready to enter at_channel_read
03-28 14:45:05.707 D/HTC_RIL (  129): (t=1396014305)<< 4\r
03-28 14:45:05.707 D/RILJ    (  560): [0124]< SCREEN_STATE error: com.android.internal.telephony.CommandException: GENERIC_FAILURE
03-28 14:45:06.758 D/PhoneStatusBar(  441): disable: < expand icons alerts ticker system_info BACK HOME recent* CLOCK >
03-28 14:45:06.868 D/PhoneStatusBar(  441): disable: < expand icons alerts ticker system_info back* home* recent clock* >
03-28 14:45:07.228 W/InputMethodManagerService(  341): Window already focused, ignoring focus gain of: com.android.internal.view.IInputMethodClient$Stub$Proxy@41153730 attribute=android.view.inputmethod.EditorInfo@40f316f8
03-28 14:45:07.699 W/ProcessStats(  341): Skipping unknown process pid 26199
03-28 14:45:07.709 W/ProcessStats(  341): Skipping unknown process pid 26201
03-28 14:45:11.563 D/HTC_RIL (  129): RX::> +HTCUCSQ: 9\r\n
03-28 14:45:11.563 D/HTC_RIL (  129): (t=1396014311)%% +HTCUCSQ: 9\r\n
03-28 14:45:11.563 D/HTC_RIL (  129): at_read_thread():Ready to enter at_channel_read
03-28 14:45:13.274 I/ActivityManager(  341): START {act=android.intent.action.SEARCH flg=0x10000000 cmp=com.android.vending/.AssetBrowserActivity (has extras) u=0} from pid 25525
03-28 14:45:14.776 D/HTC_RIL (  129): RX::> +HTCUCSQ: 12\r\n
03-28 14:45:14.776 D/HTC_RIL (  129): (t=1396014314)%% +HTCUCSQ: 12\r\n
03-28 14:45:14.776 D/HTC_RIL (  129): at_read_thread():Ready to enter at_channel_read
03-28 14:45:21.162 D/HTC_RIL (  129): RX::> +HTCUCSQ: 11\r\n
03-28 14:45:21.162 D/HTC_RIL (  129): (t=1396014321)%% +HTCUCSQ: 11\r\n
03-28 14:45:21.162 D/HTC_RIL (  129): at_read_thread():Ready to enter at_channel_read
03-28 14:45:30.761 D/HTC_RIL (  129): RX::> +HTCUCSQ: 10\r\n
03-28 14:45:30.761 D/HTC_RIL (  129): (t=1396014330)%% +HTCUCSQ: 10\r\n
03-28 14:45:30.761 D/HTC_RIL (  129): at_read_thread():Ready to enter at_channel_read
03-28 14:45:37.158 D/HTC_RIL (  129): RX::> +HTCUCSQ: 9\r\n
03-28 14:45:37.158 D/HTC_RIL (  129): (t=1396014337)%% +HTCUCSQ: 9\r\n
03-28 14:45:37.158 D/HTC_RIL (  129): at_read_thread():Ready to enter at_channel_read
03-28 14:45:38.469 I/ActivityManager(  341): START {cmp=com.android.vending/com.google.android.finsky.billing.lightpurchase.LightPurchaseFlowActivity (has extras) u=0} from pid 25525
03-28 14:45:38.829 I/ActivityManager(  341): START {cmp=com.android.vending/com.google.android.finsky.activities.AppsPermissionsActivity (has extras) u=0} from pid 25525
03-28 14:45:56.376 D/HTC_RIL (  129): RX::> +HTCUCSQ: 8\r\n
03-28 14:45:56.376 D/HTC_RIL (  129): (t=1396014356)%% +HTCUCSQ: 8\r\n
03-28 14:45:56.376 D/HTC_RIL (  129): at_read_thread():Ready to enter at_channel_read
03-28 14:45:59.559 D/HTC_RIL (  129): RX::> +HTCUCSQ: 9\r\n
03-28 14:45:59.559 D/HTC_RIL (  129): (t=1396014359)%% +HTCUCSQ: 9\r\n
03-28 14:45:59.559 D/HTC_RIL (  129): at_read_thread():Ready to enter at_channel_read
03-28 14:46:02.763 D/HTC_RIL (  129): RX::> +HTCUCSQ: 8\r\n
03-28 14:46:02.763 D/HTC_RIL (  129): (t=1396014362)%% +HTCUCSQ: 8\r\n
03-28 14:46:02.763 D/HTC_RIL (  129): at_read_thread():Ready to enter at_channel_read
03-28 14:46:05.105 W/ProcessStats(  341): Skipping unknown process pid 26509
03-28 14:46:05.105 W/ProcessStats(  341): Skipping unknown process pid 26528
03-28 14:46:05.966 D/HTC_RIL (  129): RX::> +HTCUCSQ: 6\r\n
03-28 14:46:05.966 D/HTC_RIL (  129): (t=1396014365)%% +HTCUCSQ: 6\r\n
03-28 14:46:05.966 D/HTC_RIL (  129): at_read_thread():Ready to enter at_channel_read
03-28 14:46:06.196 D/HTC_RIL (  129): RX::> +CREG: 1,"CEA5","0387EB11"\r\n
03-28 14:46:06.196 D/HTC_RIL (  129): (t=1396014366)%% +CREG: 1,"CEA5","0387EB11"\r\n
03-28 14:46:06.196 D/HTC_RIL (  129): at_read_thread():Ready to enter at_channel_read
03-28 14:46:06.206 D/RILJ    (  560): [UNSL]< UNSOL_RESPONSE_VOICE_NETWORK_STATE_CHANGED
03-28 14:46:06.216 D/RILJ    (  560): [0125]> OPERATOR
03-28 14:46:06.216 D/RILJ    (  560): [0126]> DATA_REGISTRATION_STATE
03-28 14:46:06.236 D/HTC_RIL (  129): ril_func_get_curr_operator_name():called
03-28 14:46:06.236 D/HTC_RIL (  129): (t=1396014366)>> AT+COPS=3,2;+COPS?\r
03-28 14:46:06.236 D/HTC_RIL (  129): ril_func_get_gprs_reg_state():called
03-28 14:46:06.236 D/RILJ    (  560): [0127]> VOICE_REGISTRATION_STATE
03-28 14:46:06.236 D/HTC_RIL (  129): RX::> +COPS: 0,2,"26002",4\r\n0\r
03-28 14:46:06.236 D/HTC_RIL (  129): at_read_thread():Ready to enter at_channel_read
03-28 14:46:06.236 D/HTC_RIL (  129): (t=1396014366)<< +COPS: 0,2,"26002",4\r\n0\r
03-28 14:46:06.236 D/HTC_RIL (  129): ril_func_get_gsm_cdma_reg_state():called
03-28 14:46:06.236 D/RILJ    (  560): [0128]> QUERY_NETWORK_SELECTION_MODE
03-28 14:46:06.236 D/HTC_RIL (  129): ril_func_get_network_select_mode():called
03-28 14:46:06.236 D/HTC_RIL (  129): (t=1396014366)>> AT+CGREG?\r
03-28 14:46:06.236 D/RILJ    (  560): [0125]< OPERATOR {T-mobile.pl, (N/A), 26002, 5}
03-28 14:46:06.236 D/HTC_RIL (  129): RX::> +CGREG: 1,1\r\n0\r
03-28 14:46:06.236 D/HTC_RIL (  129): at_read_thread():Ready to enter at_channel_read
03-28 14:46:06.236 D/HTC_RIL (  129): (t=1396014366)<< +CGREG: 1,1\r\n0\r
03-28 14:46:06.236 D/HTC_RIL (  129): (t=1396014366)>> AT+COPS=3,2;+COPS?\r
03-28 14:46:06.236 D/HTC_RIL (  129): RX::> +COPS: 0,2,"26002",4\r\n0\r
03-28 14:46:06.236 D/HTC_RIL (  129): at_read_thread():Ready to enter at_channel_read
03-28 14:46:06.236 D/HTC_RIL (  129): (t=1396014366)<< +COPS: 0,2,"26002",4\r\n0\r
03-28 14:46:06.236 D/HTC_RIL (  129): (t=1396014366)>> AT+CREG?\r
03-28 14:46:06.246 D/RILJ    (  560): [0126]< DATA_REGISTRATION_STATE {1, null, null, 9}
03-28 14:46:06.246 D/HTC_RIL (  129): RX::> +CREG: 2,1,"CEA5","0387EB11"\r\n0\r
03-28 14:46:06.246 D/HTC_RIL (  129): at_read_thread():Ready to enter at_channel_read
03-28 14:46:06.246 D/HTC_RIL (  129): (t=1396014366)<< +CREG: 2,1,"CEA5","0387EB11"\r\n0\r
03-28 14:46:06.246 D/HTC_RIL (  129): (t=1396014366)>> AT+COPS=3,2;+COPS?\r
03-28 14:46:06.246 D/HTC_RIL (  129): RX::> +COPS: 0,2,"26002",4\r\n0\r
03-28 14:46:06.246 D/HTC_RIL (  129): at_read_thread():Ready to enter at_channel_read
03-28 14:46:06.246 D/HTC_RIL (  129): (t=1396014366)<< +COPS: 0,2,"26002",4\r\n0\r
03-28 14:46:06.246 D/HTC_RIL (  129): (t=1396014366)>> AT+COPS=3,2;+COPS?\r
03-28 14:46:06.246 D/RILJ    (  560): [0127]< VOICE_REGISTRATION_STATE {1, CEA5, 0387EB11, 9, null, null, null, null, null, null, null, null, null, null}
03-28 14:46:06.246 D/HTC_RIL (  129): RX::> +COPS: 0,2,"26002",4\r\n0\r
03-28 14:46:06.246 D/HTC_RIL (  129): at_read_thread():Ready to enter at_channel_read
03-28 14:46:06.246 D/HTC_RIL (  129): (t=1396014366)<< +COPS: 0,2,"26002",4\r\n0\r
03-28 14:46:06.256 D/RILJ    (  560): [0128]< QUERY_NETWORK_SELECTION_MODE {0}
03-28 14:46:06.256 D/GSM     (  560): [GsmSST] Poll ServiceState done:  oldSS=[0 home T-mobile.pl (N/A) 26002  HSDPA CSS not supported -1 -1 RoamInd=-1 DefRoamInd=-1 EmergOnly=false] newSS=[0 home T-mobile.pl (N/A) 26002  HSDPA CSS not supported -1 -1 RoamInd=-1 DefRoamInd=-1 EmergOnly=false] oldGprs=0 newData=0 oldMaxDataCalls=1 mNewMaxDataCalls=1 oldReasonDataDenied=-1 mNewReasonDataDenied=-1 oldType=HSDPA newType=HSDPA
03-28 14:46:06.396 D/RILJ    (  560): [0129]> REQUEST_GET_NEIGHBORING_CELL_IDS
03-28 14:46:06.396 D/HTC_RIL (  129): ril_func_get_neighbor_cell():called
03-28 14:46:06.396 D/HTC_RIL (  129): (t=1396014366)>> AT+Q3GNCELL\r
03-28 14:46:06.396 D/HTC_RIL (  129): RX::> +Q3GNCELL: "0387EB11",11,0\r\n0\r
03-28 14:46:06.396 D/HTC_RIL (  129): at_read_thread():Ready to enter at_channel_read
03-28 14:46:06.396 D/HTC_RIL (  129): (t=1396014366)<< +Q3GNCELL: "0387EB11",11,0\r\n0\r
03-28 14:46:06.416 D/RILJ    (  560): [0129]< REQUEST_GET_NEIGHBORING_CELL_IDS  
03-28 14:46:09.349 D/HTC_RIL (  129): RX::> +HTCUCSQ: 8\r\n
03-28 14:46:09.349 D/HTC_RIL (  129): (t=1396014369)%% +HTCUCSQ: 8\r\n
03-28 14:46:09.349 D/HTC_RIL (  129): at_read_thread():Ready to enter at_channel_read
03-28 14:46:11.401 D/HTC_RIL (  129): RX::> +CREG: 1,"CEA5","0387EBAC"\r\n
03-28 14:46:11.401 D/HTC_RIL (  129): (t=1396014371)%% +CREG: 1,"CEA5","0387EBAC"\r\n
03-28 14:46:11.401 D/HTC_RIL (  129): at_read_thread():Ready to enter at_channel_read
03-28 14:46:11.401 D/RILJ    (  560): [UNSL]< UNSOL_RESPONSE_VOICE_NETWORK_STATE_CHANGED
03-28 14:46:11.411 D/RILJ    (  560): [0130]> OPERATOR
03-28 14:46:11.411 D/HTC_RIL (  129): ril_func_get_curr_operator_name():called
03-28 14:46:11.411 D/HTC_RIL (  129): (t=1396014371)>> AT+COPS=3,2;+COPS?\r
03-28 14:46:11.411 D/RILJ    (  560): [0131]> DATA_REGISTRATION_STATE
03-28 14:46:11.411 D/HTC_RIL (  129): ril_func_get_gprs_reg_state():called
03-28 14:46:11.411 D/RILJ    (  560): [0132]> VOICE_REGISTRATION_STATE
03-28 14:46:11.421 D/HTC_RIL (  129): ril_func_get_gsm_cdma_reg_state():called
03-28 14:46:11.421 D/RILJ    (  560): [0133]> QUERY_NETWORK_SELECTION_MODE
03-28 14:46:11.421 D/HTC_RIL (  129): RX::> +COPS: 0,2,"26002",4\r\n0\r
03-28 14:46:11.421 D/HTC_RIL (  129): at_read_thread():Ready to enter at_channel_read
03-28 14:46:11.421 D/HTC_RIL (  129): (t=1396014371)<< +COPS: 0,2,"26002",4\r\n0\r
03-28 14:46:11.421 D/HTC_RIL (  129): ril_func_get_network_select_mode():called
03-28 14:46:11.421 D/HTC_RIL (  129): (t=1396014371)>> AT+CGREG?\r
03-28 14:46:11.421 D/RILJ    (  560): [0130]< OPERATOR {T-mobile.pl, (N/A), 26002, 5}
03-28 14:46:11.421 D/HTC_RIL (  129): RX::> +CGREG: 1,1\r\n0\r
03-28 14:46:11.421 D/HTC_RIL (  129): at_read_thread():Ready to enter at_channel_read
03-28 14:46:11.421 D/HTC_RIL (  129): (t=1396014371)<< +CGREG: 1,1\r\n0\r
03-28 14:46:11.421 D/HTC_RIL (  129): (t=1396014371)>> AT+COPS=3,2;+COPS?\r
03-28 14:46:11.431 D/HTC_RIL (  129): RX::> +COPS: 0,2,"26002",4\r\n0\r
03-28 14:46:11.431 D/HTC_RIL (  129): at_read_thread():Ready to enter at_channel_read
03-28 14:46:11.431 D/HTC_RIL (  129): (t=1396014371)<< +COPS: 0,2,"26002",4\r\n0\r
03-28 14:46:11.431 D/HTC_RIL (  129): (t=1396014371)>> AT+CREG?\r
03-28 14:46:11.431 D/RILJ    (  560): [0131]< DATA_REGISTRATION_STATE {1, null, null, 9}
03-28 14:46:11.431 D/HTC_RIL (  129): RX::> +CREG: 2,1,"CEA5","0387EBAC"\r\n0\r
03-28 14:46:11.431 D/HTC_RIL (  129): at_read_thread():Ready to enter at_channel_read
03-28 14:46:11.431 D/HTC_RIL (  129): (t=1396014371)<< +CREG: 2,1,"CEA5","0387EBAC"\r\n0\r
03-28 14:46:11.431 D/HTC_RIL (  129): (t=1396014371)>> AT+COPS=3,2;+COPS?\r
03-28 14:46:11.431 D/HTC_RIL (  129): RX::> +COPS: 0,2,"26002",4\r\n0\r
03-28 14:46:11.431 D/HTC_RIL (  129): at_read_thread():Ready to enter at_channel_read
03-28 14:46:11.431 D/HTC_RIL (  129): (t=1396014371)<< +COPS: 0,2,"26002",4\r\n0\r
03-28 14:46:11.441 D/HTC_RIL (  129): (t=1396014371)>> AT+COPS=3,2;+COPS?\r
03-28 14:46:11.441 D/HTC_RIL (  129): RX::> +COPS: 0,2,"26002",4\r\n0\r
03-28 14:46:11.441 D/HTC_RIL (  129): at_read_thread():Ready to enter at_channel_read
03-28 14:46:11.441 D/HTC_RIL (  129): (t=1396014371)<< +COPS: 0,2,"26002",4\r\n0\r
03-28 14:46:11.441 D/RILJ    (  560): [0132]< VOICE_REGISTRATION_STATE {1, CEA5, 0387EBAC, 9, null, null, null, null, null, null, null, null, null, null}
03-28 14:46:11.441 D/RILJ    (  560): [0133]< QUERY_NETWORK_SELECTION_MODE {0}
03-28 14:46:11.451 D/GSM     (  560): [GsmSST] Poll ServiceState done:  oldSS=[0 home T-mobile.pl (N/A) 26002  HSDPA CSS not supported -1 -1 RoamInd=-1 DefRoamInd=-1 EmergOnly=false] newSS=[0 home T-mobile.pl (N/A) 26002  HSDPA CSS not supported -1 -1 RoamInd=-1 DefRoamInd=-1 EmergOnly=false] oldGprs=0 newData=0 oldMaxDataCalls=1 mNewMaxDataCalls=1 oldReasonDataDenied=-1 mNewReasonDataDenied=-1 oldType=HSDPA newType=HSDPA
03-28 14:46:11.511 D/RILJ    (  560): [0134]> REQUEST_GET_NEIGHBORING_CELL_IDS
03-28 14:46:11.521 D/HTC_RIL (  129): ril_func_get_neighbor_cell():called
03-28 14:46:11.521 D/HTC_RIL (  129): (t=1396014371)>> AT+Q3GNCELL\r
03-28 14:46:11.521 D/HTC_RIL (  129): RX::> +Q3GNCELL: "0387EBAC",10,0\r\n0\r
03-28 14:46:11.521 D/HTC_RIL (  129): at_read_thread():Ready to enter at_channel_read
03-28 14:46:11.521 D/HTC_RIL (  129): (t=1396014371)<< +Q3GNCELL: "0387EBAC",10,0\r\n0\r
03-28 14:46:11.521 D/RILJ    (  560): [0134]< REQUEST_GET_NEIGHBORING_CELL_IDS  
03-28 14:46:12.362 D/HTC_RIL (  129): RX::> +HTCUCSQ: 6\r\n
03-28 14:46:12.362 D/HTC_RIL (  129): (t=1396014372)%% +HTCUCSQ: 6\r\n
03-28 14:46:12.362 D/HTC_RIL (  129): at_read_thread():Ready to enter at_channel_read
03-28 14:46:15.555 D/HTC_RIL (  129): RX::> +HTCUCSQ: 8\r\n
03-28 14:46:15.555 D/HTC_RIL (  129): (t=1396014375)%% +HTCUCSQ: 8\r\n
03-28 14:46:15.565 D/HTC_RIL (  129): at_read_thread():Ready to enter at_channel_read
03-28 14:46:18.758 D/HTC_RIL (  129): RX::> +HTCUCSQ: 9\r\n
03-28 14:46:18.758 D/HTC_RIL (  129): (t=1396014378)%% +HTCUCSQ: 9\r\n
03-28 14:46:18.758 D/HTC_RIL (  129): at_read_thread():Ready to enter at_channel_read
03-28 14:46:19.709 I/ActivityManager(  341): START {cmp=com.android.vending/com.google.android.finsky.billing.lightpurchase.LightPurchaseFlowActivity (has extras) u=0} from pid 25525
03-28 14:46:20.009 I/ActivityManager(  341): START {cmp=com.android.vending/com.google.android.finsky.activities.AppsPermissionsActivity (has extras) u=0} from pid 25525
03-28 14:46:21.961 D/HTC_RIL (  129): RX::> +HTCUCSQ: 8\r\n
03-28 14:46:21.961 D/HTC_RIL (  129): (t=1396014381)%% +HTCUCSQ: 8\r\n
03-28 14:46:21.961 D/HTC_RIL (  129): at_read_thread():Ready to enter at_channel_read
03-28 14:46:28.358 D/HTC_RIL (  129): RX::> +HTCUCSQ: 9\r\n
03-28 14:46:28.358 D/HTC_RIL (  129): (t=1396014388)%% +HTCUCSQ: 9\r\n
03-28 14:46:28.358 D/HTC_RIL (  129): at_read_thread():Ready to enter at_channel_read
03-28 14:46:34.764 D/HTC_RIL (  129): RX::> +HTCUCSQ: 8\r\n
03-28 14:46:34.764 D/HTC_RIL (  129): (t=1396014394)%% +HTCUCSQ: 8\r\n
03-28 14:46:34.764 D/HTC_RIL (  129): at_read_thread():Ready to enter at_channel_read
03-28 14:46:35.815 W/InputMethodManagerService(  341): Window already focused, ignoring focus gain of: com.android.internal.view.IInputMethodClient$Stub$Proxy@41130998 attribute=null
03-28 14:46:39.108 D/GSM     (  560): [GsmDCT] handleMessage msg={ what=270368 when=0 arg1=1 }
03-28 14:46:40.339 I/ActivityManager(  341): START {cmp=com.android.vending/com.google.android.finsky.billing.lightpurchase.LightPurchaseFlowActivity (has extras) u=0} from pid 25525
03-28 14:46:40.650 I/ActivityManager(  341): START {cmp=com.android.vending/com.google.android.finsky.activities.AppsPermissionsActivity (has extras) u=0} from pid 25525
03-28 14:46:47.566 D/HTC_RIL (  129): RX::> +HTCUCSQ: 11\r\n
03-28 14:46:47.566 D/HTC_RIL (  129): (t=1396014407)%% +HTCUCSQ: 11\r\n
03-28 14:46:47.566 D/HTC_RIL (  129): at_read_thread():Ready to enter at_channel_read
03-28 14:46:57.166 D/HTC_RIL (  129): RX::> +HTCUCSQ: 9\r\n
03-28 14:46:57.166 D/HTC_RIL (  129): (t=1396014417)%% +HTCUCSQ: 9\r\n
03-28 14:46:57.166 D/HTC_RIL (  129): at_read_thread():Ready to enter at_channel_read
03-28 14:47:00.359 D/HTC_RIL (  129): RX::> +HTCUCSQ: 8\r\n
03-28 14:47:00.359 D/HTC_RIL (  129): (t=1396014420)%% +HTCUCSQ: 8\r\n
03-28 14:47:00.359 D/HTC_RIL (  129): at_read_thread():Ready to enter at_channel_read
03-28 14:47:03.572 D/HTC_RIL (  129): RX::> +HTCUCSQ: 10\r\n
03-28 14:47:03.572 D/HTC_RIL (  129): (t=1396014423)%% +HTCUCSQ: 10\r\n
03-28 14:47:03.572 D/HTC_RIL (  129): at_read_thread():Ready to enter at_channel_read
03-28 14:47:06.765 D/HTC_RIL (  129): RX::> +HTCUCSQ: 7\r\n
03-28 14:47:06.765 D/HTC_RIL (  129): (t=1396014426)%% +HTCUCSQ: 7\r\n
03-28 14:47:06.765 D/HTC_RIL (  129): at_read_thread():Ready to enter at_channel_read
03-28 14:47:09.918 I/ActivityManager(  341): START {cmp=com.android.vending/com.google.android.finsky.billing.lightpurchase.LightPurchaseFlowActivity (has extras) u=0} from pid 25525
03-28 14:47:09.958 D/HTC_RIL (  129): RX::> +HTCUCSQ: 4\r\n
03-28 14:47:09.958 D/HTC_RIL (  129): (t=1396014429)%% +HTCUCSQ: 4\r\n
03-28 14:47:09.958 D/HTC_RIL (  129): at_read_thread():Ready to enter at_channel_read
03-28 14:47:10.188 I/ActivityManager(  341): START {cmp=com.android.vending/com.google.android.finsky.activities.AppsPermissionsActivity (has extras) u=0} from pid 25525
03-28 14:47:14.573 I/ActivityManager(  341): Start proc android.process.media for content provider com.android.providers.downloads/.DownloadProvider: pid=26896 uid=10017 gids={1015, 1023, 1024, 1028, 2001, 3003, 3007}
03-28 14:47:14.803 I/ActivityManager(  341): Process com.google.android.gsf.login (pid 26133) has died.
03-28 14:47:15.544 D/PhoneStatusBar(  441): addNotification score=0
03-28 14:47:17.966 W/InputMethodManagerService(  341): Window already focused, ignoring focus gain of: com.android.internal.view.IInputMethodClient$Stub$Proxy@41049428 attribute=null
03-28 14:47:21.159 I/LocationManagerService(  341): remove passive (pid 341), next minTime = 0
03-28 14:47:21.159 I/ActivityManager(  341): Process com.google.process.location (pid 25407) has died.
03-28 14:47:21.169 W/ActivityManager(  341): Scheduling restart of crashed service com.google.android.gms/com.google.android.location.reporting.service.DispatchingService in 5000ms
03-28 14:47:21.169 W/ActivityManager(  341): Scheduling restart of crashed service com.google.android.gms/com.google.android.location.internal.GoogleLocationManagerService in 14999ms
03-28 14:47:21.169 W/ActivityManager(  341): Scheduling restart of crashed service com.google.android.gms/com.google.android.location.fused.NlpLocationReceiverService in 24999ms
03-28 14:47:24.312 D/GSM     (  560): [GsmDCT] handleMessage msg={ what=270368 when=0 arg1=1 }
03-28 14:47:26.194 I/ActivityManager(  341): Start proc com.google.process.location for service com.google.android.gms/com.google.android.location.reporting.service.DispatchingService: pid=27032 uid=10048 gids={3003, 1015, 1028, 1007, 3002, 3001, 1006, 2001, 3006}
03-28 14:47:26.795 I/ActivityManager(  341): Start proc com.google.android.gms for broadcast com.google.android.gms/.init.InitializeGmsReceiver: pid=27048 uid=10048 gids={3003, 1015, 1028, 1007, 3002, 3001, 1006, 2001, 3006}
03-28 14:47:27.465 I/LocationManagerService(  341): request passive (pid 27032) 0 0
03-28 14:47:27.525 D/PhoneStatusBar(  441): addNotification score=-10
03-28 14:47:27.605 I/ActivityManager(  341): Start proc com.android.defcontainer for service com.android.defcontainer/.DefaultContainerService: pid=27073 uid=10014 gids={1015, 2001, 1028}
03-28 14:47:27.725 I/ActivityManager(  341): Process android.process.media (pid 26896) has died.
03-28 14:47:27.866 W/ActivityManager(  341): No content provider found for permission revoke: file:///data/user/0/com.android.providers.downloads/cache/downloadfile.apk
03-28 14:47:28.006 I/ActivityManager(  341): Process com.google.android.gms (pid 27048) has died.
03-28 14:47:28.396 W/ActivityManager(  341): No content provider found for permission revoke: file:///data/user/0/com.android.providers.downloads/cache/downloadfile.apk
03-28 14:47:30.018 I/ActivityManager(  341): Process com.bel.android.dspmanager (pid 25745) has died.
03-28 14:47:30.018 W/ActivityManager(  341): Scheduling restart of crashed service com.bel.android.dspmanager/.service.HeadsetService in 5000ms
03-28 14:47:30.028 D/HTC_RIL (  129): RX::> +CREG: 1,"CEA5","0387EB11"\r\n
03-28 14:47:30.028 D/HTC_RIL (  129): (t=1396014450)%% +CREG: 1,"CEA5","0387EB11"\r\n
03-28 14:47:30.028 D/HTC_RIL (  129): at_read_thread():Ready to enter at_channel_read
03-28 14:47:30.028 D/RILJ    (  560): [UNSL]< UNSOL_RESPONSE_VOICE_NETWORK_STATE_CHANGED
03-28 14:47:30.038 D/RILJ    (  560): [0135]> OPERATOR
03-28 14:47:30.038 D/HTC_RIL (  129): ril_func_get_curr_operator_name():called
03-28 14:47:30.038 D/HTC_RIL (  129): (t=1396014450)>> AT+COPS=3,2;+COPS?\r
03-28 14:47:30.038 D/RILJ    (  560): [0136]> DATA_REGISTRATION_STATE
03-28 14:47:30.038 D/HTC_RIL (  129): RX::> +COPS: 0,2,"26002",4\r\n0\r
03-28 14:47:30.038 D/HTC_RIL (  129): at_read_thread():Ready to enter at_channel_read
03-28 14:47:30.038 D/HTC_RIL (  129): (t=1396014450)<< +COPS: 0,2,"26002",4\r\n0\r
03-28 14:47:30.058 D/RILJ    (  560): [0135]< OPERATOR {T-mobile.pl, (N/A), 26002, 5}
03-28 14:47:30.058 D/HTC_RIL (  129): ril_func_get_gprs_reg_state():called
03-28 14:47:30.058 D/HTC_RIL (  129): (t=1396014450)>> AT+CGREG?\r
03-28 14:47:30.058 D/RILJ    (  560): [0137]> VOICE_REGISTRATION_STATE
03-28 14:47:30.058 D/HTC_RIL (  129): RX::> +CGREG: 1,1\r\n0\r
03-28 14:47:30.058 D/HTC_RIL (  129): at_read_thread():Ready to enter at_channel_read
03-28 14:47:30.058 D/HTC_RIL (  129): (t=1396014450)<< +CGREG: 1,1\r\n0\r
03-28 14:47:30.058 D/HTC_RIL (  129): (t=1396014450)>> AT+COPS=3,2;+COPS?\r
03-28 14:47:30.058 D/HTC_RIL (  129): ril_func_get_gsm_cdma_reg_state():called
03-28 14:47:30.068 D/RILJ    (  560): [0138]> QUERY_NETWORK_SELECTION_MODE
03-28 14:47:30.068 D/HTC_RIL (  129): RX::> +COPS: 0,2,"26002",4\r\n0\r
03-28 14:47:30.068 D/HTC_RIL (  129): at_read_thread():Ready to enter at_channel_read
03-28 14:47:30.068 D/HTC_RIL (  129): (t=1396014450)<< +COPS: 0,2,"26002",4\r\n0\r
03-28 14:47:30.068 D/HTC_RIL (  129): (t=1396014450)>> AT+CREG?\r
03-28 14:47:30.068 D/RILJ    (  560): [0136]< DATA_REGISTRATION_STATE {1, null, null, 9}
03-28 14:47:30.068 D/HTC_RIL (  129): RX::> +CREG: 2,1,"CEA5","0387EB11"\r\n0\r
03-28 14:47:30.068 D/HTC_RIL (  129): at_read_thread():Ready to enter at_channel_read
03-28 14:47:30.068 D/HTC_RIL (  129): (t=1396014450)<< +CREG: 2,1,"CEA5","0387EB11"\r\n0\r
03-28 14:47:30.068 D/HTC_RIL (  129): ril_func_get_network_select_mode():called
03-28 14:47:30.068 D/HTC_RIL (  129): (t=1396014450)>> AT+COPS=3,2;+COPS?\r
03-28 14:47:30.068 D/HTC_RIL (  129): RX::> +COPS: 0,2,"26002",4\r\n0\r
03-28 14:47:30.068 D/HTC_RIL (  129): at_read_thread():Ready to enter at_channel_read
03-28 14:47:30.068 D/HTC_RIL (  129): (t=1396014450)<< +COPS: 0,2,"26002",4\r\n0\r
03-28 14:47:30.068 D/HTC_RIL (  129): (t=1396014450)>> AT+COPS=3,2;+COPS?\r
03-28 14:47:30.078 D/HTC_RIL (  129): RX::> +COPS: 0,2,"26002",4\r\n0\r
03-28 14:47:30.078 D/HTC_RIL (  129): at_read_thread():Ready to enter at_channel_read
03-28 14:47:30.078 D/HTC_RIL (  129): (t=1396014450)<< +COPS: 0,2,"26002",4\r\n0\r
03-28 14:47:30.078 D/RILJ    (  560): [0137]< VOICE_REGISTRATION_STATE {1, CEA5, 0387EB11, 9, null, null, null, null, null, null, null, null, null, null}
03-28 14:47:30.078 D/RILJ    (  560): [0138]< QUERY_NETWORK_SELECTION_MODE {0}
03-28 14:47:30.088 D/GSM     (  560): [GsmSST] Poll ServiceState done:  oldSS=[0 home T-mobile.pl (N/A) 26002  HSDPA CSS not supported -1 -1 RoamInd=-1 DefRoamInd=-1 EmergOnly=false] newSS=[0 home T-mobile.pl (N/A) 26002  HSDPA CSS not supported -1 -1 RoamInd=-1 DefRoamInd=-1 EmergOnly=false] oldGprs=0 newData=0 oldMaxDataCalls=1 mNewMaxDataCalls=1 oldReasonDataDenied=-1 mNewReasonDataDenied=-1 oldType=HSDPA newType=HSDPA
03-28 14:47:30.198 D/RILJ    (  560): [0139]> REQUEST_GET_NEIGHBORING_CELL_IDS
03-28 14:47:30.208 D/HTC_RIL (  129): ril_func_get_neighbor_cell():called
03-28 14:47:30.208 D/HTC_RIL (  129): (t=1396014450)>> AT+Q3GNCELL\r
03-28 14:47:30.208 D/HTC_RIL (  129): RX::> +Q3GNCELL: "0387EB11",2,0\r\n0\r
03-28 14:47:30.208 D/HTC_RIL (  129): at_read_thread():Ready to enter at_channel_read
03-28 14:47:30.208 D/HTC_RIL (  129): (t=1396014450)<< +Q3GNCELL: "0387EB11",2,0\r\n0\r
03-28 14:47:30.208 D/RILJ    (  560): [0139]< REQUEST_GET_NEIGHBORING_CELL_IDS  
03-28 14:47:32.550 D/HTC_RIL (  129): RX::> +HTCUCSQ: 3\r\n
03-28 14:47:32.550 D/HTC_RIL (  129): (t=1396014452)%% +HTCUCSQ: 3\r\n
03-28 14:47:32.550 D/HTC_RIL (  129): at_read_thread():Ready to enter at_channel_read
03-28 14:47:32.650 I/ActivityManager(  341): Force stopping package com.compasspro uid=10067
03-28 14:47:33.561 D/BackupManagerService(  341): Received broadcast Intent { act=android.intent.action.PACKAGE_ADDED dat=package:com.compasspro flg=0x8000010 (has extras) }
03-28 14:47:33.601 V/BackupManagerService(  341): addPackageParticipantsLocked: #1
03-28 14:47:33.721 I/ActivityManager(  341): Start proc android.process.acore for broadcast com.android.providers.contacts/.PackageIntentReceiver: pid=27131 uid=10001 gids={3003, 1015, 1028}
03-28 14:47:33.831 I/ActivityManager(  341): Start proc android.process.media for content provider com.android.providers.downloads/.DownloadProvider: pid=27144 uid=10017 gids={1015, 1023, 1024, 1028, 2001, 3003, 3007}
03-28 14:47:34.102 D/PhoneStatusBar(  441): addNotification score=-10
03-28 14:47:34.432 I/ActivityManager(  341): Start proc com.android.gallery3d for broadcast com.android.gallery3d/.app.PackagesMonitor: pid=27162 uid=10021 gids={1006, 3003, 1015, 1028}
